compile inner 耗时: 936.783796 ms
[INFO] ICICLE backend loaded from $ICICLE_BACKEND_INSTALL_DIR=/home/jade/.local/icicle/lib/backend
prove() -> icicle device setup 耗时: 156.952805ms
		commitOnGPUOrCPU() || GPU 开始 commitLagrange 不使用预计算
prove() -> initBlindingPolynomials 耗时: 0.017066ms
	solveConstraints() || s.spr.Solve() (L, R, O) 耗时: 7.241137 ms
	solveConstraints() || sets x[id_L], x[id_R], x[id_O] 耗时: 0.002832 ms
		commitOnGPUOrCPU() || GPU 开始 commitLagrange 不使用预计算
			commitToPolyAndBlinding() -> commit to p 耗时: 5.323857ms
			commitToPolyAndBlinding() -> commit to b 耗时: 8.966532ms
			commitToPolyAndBlinding() -> commit_p + commit_b 耗时: 0.003197ms
		commitToLRO() || commitToPolyAndBlinding(s.x[id_L], s.bp[id_Bl]) LRO[0] 耗时: 14.298039ms
		commitOnGPUOrCPU() || GPU 开始 commitLagrange 不使用预计算
			commitToPolyAndBlinding() -> commit to p 耗时: 5.312717ms
			commitToPolyAndBlinding() -> commit to b 耗时: 8.863466ms
			commitToPolyAndBlinding() -> commit_p + commit_b 耗时: 0.003159ms
		commitToLRO() || commitToPolyAndBlinding(s.x[id_R], s.bp[id_Br]) LRO[1] 耗时: 14.183598ms
		commitOnGPUOrCPU() || GPU 开始 commitLagrange 不使用预计算
			commitToPolyAndBlinding() -> commit to p 耗时: 5.280009ms
			commitToPolyAndBlinding() -> commit to b 耗时: 8.832434ms
			commitToPolyAndBlinding() -> commit_p + commit_b 耗时: 0.003141ms
		commitToLRO() || commitToPolyAndBlinding(s.x[id_O], s.bp[id_Bo]) LRO[2] 耗时: 14.118191ms
	solveConstraints() || commitToLRO() 耗时: 42.602141 ms
prove() -> solveConstraints 耗时: 49.851023ms
		computeQuotient() || wait for solver to be done 耗时: 49.860545ms
		deriveGammaAndBeta() || wait for LRO to be committed 耗时: 49.578789ms
		completeQk() || wait for solver to be done 耗时: 49.932444ms
prove() -> completeQk 耗时: 49.948877ms
prove() -> deriveGammaAndBeta 耗时: 50.016182ms
		buildRatioCopyConstraint() || wait for gamma and beta to be derived 耗时: 50.017898ms
		buildRatioCopyConstraint() || iop.BuildRatioCopyConstraint 耗时: 0.199315ms
		commitOnGPUOrCPU() || GPU 开始 commitLagrange 不使用预计算
			commitToPolyAndBlinding() -> commit to p 耗时: 5.047599ms
			commitToPolyAndBlinding() -> commit to b 耗时: 8.899916ms
			commitToPolyAndBlinding() -> commit_p + commit_b 耗时: 0.003318ms
		buildRatioCopyConstraint() || commitToPolyAndBlinding(s.x[id_Z], s.bp[id_Bz]) 耗时: 13.962881ms
prove() -> buildRatioCopyConstraint 耗时: 64.185713ms
		computeQuotient() || wait for Z to be committed 耗时: 14.318100ms
	computeQuotient() || prepare to compute & derive alpha): 64.242183 ms
	computeQuotient() || computeNumerator() 耗时: 7.941959 ms
		divideByZH() || parallelize divide 耗时: 0.029986 ms
		divideByZH() || ToCanonical 耗时: 0.238819 ms
	computeQuotient() || divideByZH() 耗时: 0.282133 ms
		commitOnGPUOrCPU() || GPU 开始 commitMonomial 不使用预计算
		commitOnGPUOrCPU() || GPU 开始 commitMonomial 不使用预计算
		commitOnGPUOrCPU() || GPU 开始 commitMonomial 不使用预计算
		commitToQuotient() || commit h3 耗时: 11.160316 ms
		commitToQuotient() || commit h1 耗时: 11.232964 ms
		commitToQuotient() || commit h2 耗时: 15.848220 ms
		commitToQuotient() || 总耗时: 15.900206 ms
	computeQuotient() || commitToQuotient() 耗时: 15.903145 ms
	computeQuotient() || deriveZeta() & clean up 耗时: 0.860083 ms
prove() -> computeQuotient 耗时: 89.252123ms
		openZ() || wait for H to be committed and zeta to be derived 耗时: 89.250724ms
		openZ() || getBlindedCoefficients 耗时: 0.004773ms
		computeLinearizedPolynomial() || wait for H to be committed and zeta to be derived 耗时: 89.288475ms
		openZ() || Open 耗时: 5.654581ms
prove() -> openZ 耗时: 94.922790ms
		computeLinearizedPolynomial() || innerComputeLinearizedPoly 耗时: 6.041852ms
		commitOnGPUOrCPU() || GPU 开始 commitMonomial 不使用预计算
		computeLinearizedPolynomial() || kzg.Commit 耗时: 5.584802 ms
prove() -> computeLinearizedPolynomial 耗时: 100.971138ms
		batchOpening() || wait for linearizedPolynomial 耗时: 100.992631ms
		batchOpening() || prepare polysToOpen and digestsToOpen 耗时: 0.003212ms
		commitOnGPUOrCPU() || GPU 开始 commitMonomial 不使用预计算
		BatchOpenSinglePoint  ||  commitOnGPUOrCPU() 耗时: 5.470524 ms
		batchOpening() || BatchOpenSinglePoint 耗时: 6.282381ms
prove() -> batchOpening 耗时: 107.293537ms
prove() -> prove() 总耗时: 107.421455ms
prove inner 耗时: 1230.722507 ms
verify inner 耗时: 3.185325 ms
assemble Poseidon2-FS inputs 耗时: 1.939800 ms
compile outer(frontend.Compile) 耗时: 2654.500081 ms
[outer] nbConstraints=6312223 nbPublic=4 nbSecret=168
solve outer 耗时: 1581.693353ms
outer circuit solved
compile outer(pkOuter.Compile) 耗时: 14484.011560 ms
[INFO] ICICLE backend loaded from $ICICLE_BACKEND_INSTALL_DIR=/home/jade/.local/icicle/lib/backend
prove() -> icicle device setup 耗时: 906.200460ms
prove() -> initBlindingPolynomials 耗时: 0.012931ms
		commitOnGPUOrCPU() || GPU 开始 commitLagrange 预计算

=============================================== OnDeviceCommitWithPrecompute() start ================================================

========= cfg config info ==========
N: 8388608
StreamHandle: <nil>
PrecomputeFactor: 1
C: 0
Bitsize: 0
BatchSize: 0
ArePointsSharedInBatch: true
AreScalarsMontgomeryForm: true
AreBasesMontgomeryForm: false
IsAsync: true
Ext: <nil>
========= cfg config info ==========

		[OnDeviceCommitWithPrecompute: Before HostSliceFromElements] GPU memory: used=4917 MiB / total=24081 MiB (20.4%)
		[OnDeviceCommitWithPrecompute: Before HostSliceFromElements] CPU memory: allocated=6958 MiB, total_allocated=40438 MiB, sys=11679 MiB
		[OnDeviceCommitWithPrecompute: After HostSliceFromElements] GPU memory: used=4917 MiB / total=24081 MiB (20.4%)
		[OnDeviceCommitWithPrecompute: After HostSliceFromElements] CPU memory: allocated=6958 MiB, total_allocated=40438 MiB, sys=11679 MiB
		[OnDeviceCommitWithPrecompute: Before CopyToDevice] GPU memory: used=4917 MiB / total=24081 MiB (20.4%)
		[OnDeviceCommitWithPrecompute: Before CopyToDevice] CPU memory: allocated=6958 MiB, total_allocated=40438 MiB, sys=11679 MiB
		[OnDeviceCommitWithPrecompute: After CopyToDevice] GPU memory: used=5173 MiB / total=24081 MiB (21.5%)
		[OnDeviceCommitWithPrecompute: After CopyToDevice] CPU memory: allocated=6958 MiB, total_allocated=40438 MiB, sys=11679 MiB
	OnDeviceCommitWithPrecompute() || CopyToDevice 耗时: 41.207571 ms
	OnDeviceCommitWithPrecompute() || icicle_msm.Msm() 耗时: 111.620137 ms
=============================================== OnDeviceCommitWithPrecompute() end ================================================

	solveConstraints() || s.spr.Solve() (L, R, O) 耗时: 1543.938848 ms
	solveConstraints() || sets x[id_L], x[id_R], x[id_O] 耗时: 0.010288 ms

=============================================== OnDeviceCommitBatchLROWithPrecompute() start ================================================
		[OnDeviceCommitBatchLROWithPrecompute: Function Start] GPU memory: used=4917 MiB / total=24081 MiB (20.4%)
		[OnDeviceCommitBatchLROWithPrecompute: Function Start] CPU memory: allocated=7758 MiB, total_allocated=41238 MiB, sys=11679 MiB

========= cfg config info ==========
N: 8388608
StreamHandle: <nil>
PrecomputeFactor: 1
C: 0
Bitsize: 0
BatchSize: 3
ArePointsSharedInBatch: true
AreScalarsMontgomeryForm: true
AreBasesMontgomeryForm: false
IsAsync: true
Ext: <nil>
========= cfg config info ==========

		[OnDeviceCommitBatchLROWithPrecompute: After Flatten Array Created] GPU memory: used=4917 MiB / total=24081 MiB (20.4%)
		[OnDeviceCommitBatchLROWithPrecompute: After Flatten Array Created] CPU memory: allocated=8526 MiB, total_allocated=42006 MiB, sys=11679 MiB
	OnDeviceCommitBatchLROWithPrecompute() || flatten total elements: 25165824, per fr.Element: 48 bytes, total: 1152.00 MB
		[OnDeviceCommitBatchLROWithPrecompute: After HostSlice Created] GPU memory: used=4917 MiB / total=24081 MiB (20.4%)
		[OnDeviceCommitBatchLROWithPrecompute: After HostSlice Created] CPU memory: allocated=8526 MiB, total_allocated=42006 MiB, sys=11679 MiB
		[OnDeviceCommitBatchLROWithPrecompute: Before CopyToDevice] GPU memory: used=4917 MiB / total=24081 MiB (20.4%)
		[OnDeviceCommitBatchLROWithPrecompute: Before CopyToDevice] CPU memory: allocated=8526 MiB, total_allocated=42006 MiB, sys=11679 MiB
		[OnDeviceCommitBatchLROWithPrecompute: After CopyToDevice] GPU memory: used=5685 MiB / total=24081 MiB (23.6%)
		[OnDeviceCommitBatchLROWithPrecompute: After CopyToDevice] CPU memory: allocated=8526 MiB, total_allocated=42006 MiB, sys=11679 MiB
	OnDeviceCommitBatchLROWithPrecompute() || CopyToDevice 耗时: 123.372741 ms
		[OnDeviceCommitBatchLROWithPrecompute: After Result Array Created] GPU memory: used=5685 MiB / total=24081 MiB (23.6%)
		[OnDeviceCommitBatchLROWithPrecompute: After Result Array Created] CPU memory: allocated=8526 MiB, total_allocated=42006 MiB, sys=11679 MiB
		[OnDeviceCommitBatchLROWithPrecompute: Before MSM] GPU memory: used=5685 MiB / total=24081 MiB (23.6%)
		[OnDeviceCommitBatchLROWithPrecompute: Before MSM] CPU memory: allocated=8526 MiB, total_allocated=42006 MiB, sys=11679 MiB
	OnDeviceCommitBatchLROWithPrecompute() || icicle_msm.Msm() 耗时: 357.010742 ms
		[OnDeviceCommitBatchLROWithPrecompute: After MSM] GPU memory: used=6165 MiB / total=24081 MiB (25.6%)
		[OnDeviceCommitBatchLROWithPrecompute: After MSM] CPU memory: allocated=8526 MiB, total_allocated=42006 MiB, sys=11679 MiB
	OnDeviceCommitBatchLROWithPrecompute() || blsProjectiveToGnarkAffine() 耗时: 0.027538 ms
		[OnDeviceCommitBatchLROWithPrecompute: After Conversion] GPU memory: used=6165 MiB / total=24081 MiB (25.6%)
		[OnDeviceCommitBatchLROWithPrecompute: After Conversion] CPU memory: allocated=8526 MiB, total_allocated=42006 MiB, sys=11679 MiB
		[OnDeviceCommitBatchLROWithPrecompute: Function End] GPU memory: used=6165 MiB / total=24081 MiB (25.6%)
		[OnDeviceCommitBatchLROWithPrecompute: Function End] CPU memory: allocated=8526 MiB, total_allocated=42006 MiB, sys=11679 MiB
=============================================== OnDeviceCommitBatchLROWithPrecompute() end ================================================

2025/11/26 02:09:45 [TIMING] commitToLRO: total=740.841831ms, bigMSM=715.755445ms, blinding=25.08612ms
	solveConstraints() || commitToLRO() 耗时: 740.884256 ms
prove() -> solveConstraints 耗时: 2284.851249ms
		deriveGammaAndBeta() || wait for LRO to be committed 耗时: 2283.363605ms
		computeQuotient() || wait for solver to be done 耗时: 2220.524886ms
		completeQk() || wait for solver to be done 耗时: 2195.449353ms
prove() -> completeQk 耗时: 2284.815791ms
prove() -> deriveGammaAndBeta 耗时: 2284.801627ms
		buildRatioCopyConstraint() || wait for gamma and beta to be derived 耗时: 2284.926877ms
		buildRatioCopyConstraint() || iop.BuildRatioCopyConstraint 耗时: 764.748804ms
		commitOnGPUOrCPU() || GPU 开始 commitLagrange 预计算

=============================================== OnDeviceCommitWithPrecompute() start ================================================

========= cfg config info ==========
N: 8388608
StreamHandle: <nil>
PrecomputeFactor: 1
C: 0
Bitsize: 0
BatchSize: 1
ArePointsSharedInBatch: false
AreScalarsMontgomeryForm: true
AreBasesMontgomeryForm: false
IsAsync: true
Ext: <nil>
========= cfg config info ==========

		[OnDeviceCommitWithPrecompute: Before HostSliceFromElements] GPU memory: used=4917 MiB / total=24081 MiB (20.4%)
		[OnDeviceCommitWithPrecompute: Before HostSliceFromElements] CPU memory: allocated=10063 MiB, total_allocated=43543 MiB, sys=11679 MiB
		[OnDeviceCommitWithPrecompute: After HostSliceFromElements] GPU memory: used=4917 MiB / total=24081 MiB (20.4%)
		[OnDeviceCommitWithPrecompute: After HostSliceFromElements] CPU memory: allocated=10063 MiB, total_allocated=43543 MiB, sys=11679 MiB
		[OnDeviceCommitWithPrecompute: Before CopyToDevice] GPU memory: used=4917 MiB / total=24081 MiB (20.4%)
		[OnDeviceCommitWithPrecompute: Before CopyToDevice] CPU memory: allocated=10063 MiB, total_allocated=43543 MiB, sys=11679 MiB
		[OnDeviceCommitWithPrecompute: After CopyToDevice] GPU memory: used=5173 MiB / total=24081 MiB (21.5%)
		[OnDeviceCommitWithPrecompute: After CopyToDevice] CPU memory: allocated=10063 MiB, total_allocated=43543 MiB, sys=11679 MiB
	OnDeviceCommitWithPrecompute() || CopyToDevice 耗时: 41.644432 ms
	OnDeviceCommitWithPrecompute() || icicle_msm.Msm() 耗时: 143.771332 ms
=============================================== OnDeviceCommitWithPrecompute() end ================================================

			commitToPolyAndBlinding() -> commit to p 耗时: 193.925611ms
			commitToPolyAndBlinding() -> commit to b 耗时: 8.504167ms
			commitToPolyAndBlinding() -> commit_p + commit_b 耗时: 0.003303ms
		buildRatioCopyConstraint() || commitToPolyAndBlinding(s.x[id_Z], s.bp[id_Bz]) 耗时: 202.446567ms
prove() -> buildRatioCopyConstraint 耗时: 3252.145630ms
		computeQuotient() || wait for Z to be committed 耗时: 967.327616ms
	computeQuotient() || prepare to compute & derive alpha): 3265.494980 ms
	computeQuotient() || computeNumerator() 耗时: 7375.848032 ms
		divideByZH() || parallelize divide 耗时: 41.105214 ms
		divideByZH() || ToCanonical 耗时: 684.242376 ms
	computeQuotient() || divideByZH() 耗时: 725.400094 ms
		commitOnGPUOrCPU() || GPU 开始 commitMonomial 预计算, neededPrecompLen: 8388610

=============================================== OnDeviceCommitWithPrecompute() start ================================================

========= cfg config info ==========
N: 8388610
StreamHandle: <nil>
PrecomputeFactor: 1
C: 0
Bitsize: 0
BatchSize: 3
ArePointsSharedInBatch: true
AreScalarsMontgomeryForm: true
AreBasesMontgomeryForm: false
IsAsync: true
Ext: <nil>
========= cfg config info ==========

		commitOnGPUOrCPU() || GPU 开始 commitMonomial 预计算, neededPrecompLen: 8388610

=============================================== OnDeviceCommitWithPrecompute() start ================================================

========= cfg config info ==========
N: 8388610
StreamHandle: <nil>
PrecomputeFactor: 1
C: 0
Bitsize: 0
BatchSize: 3
ArePointsSharedInBatch: true
AreScalarsMontgomeryForm: true
AreBasesMontgomeryForm: false
IsAsync: true
Ext: <nil>
========= cfg config info ==========

		[OnDeviceCommitWithPrecompute: Before HostSliceFromElements] GPU memory: used=9013 MiB / total=24081 MiB (37.4%)
		[OnDeviceCommitWithPrecompute: Before HostSliceFromElements] CPU memory: allocated=8941 MiB, total_allocated=46231 MiB, sys=13216 MiB
		[OnDeviceCommitWithPrecompute: After HostSliceFromElements] GPU memory: used=9013 MiB / total=24081 MiB (37.4%)
		[OnDeviceCommitWithPrecompute: After HostSliceFromElements] CPU memory: allocated=8941 MiB, total_allocated=46231 MiB, sys=13216 MiB
		[OnDeviceCommitWithPrecompute: Before CopyToDevice] GPU memory: used=9013 MiB / total=24081 MiB (37.4%)
		[OnDeviceCommitWithPrecompute: Before CopyToDevice] CPU memory: allocated=8941 MiB, total_allocated=46231 MiB, sys=13216 MiB
		commitOnGPUOrCPU() || GPU 开始 commitMonomial 预计算, neededPrecompLen: 8388610

=============================================== OnDeviceCommitWithPrecompute() start ================================================

========= cfg config info ==========
N: 8388610
StreamHandle: <nil>
PrecomputeFactor: 1
C: 0
Bitsize: 0
BatchSize: 3
ArePointsSharedInBatch: true
AreScalarsMontgomeryForm: true
AreBasesMontgomeryForm: false
IsAsync: true
Ext: <nil>
========= cfg config info ==========

		[OnDeviceCommitWithPrecompute: Before HostSliceFromElements] GPU memory: used=9013 MiB / total=24081 MiB (37.4%)
		[OnDeviceCommitWithPrecompute: Before HostSliceFromElements] CPU memory: allocated=8941 MiB, total_allocated=46231 MiB, sys=13216 MiB
		[OnDeviceCommitWithPrecompute: After HostSliceFromElements] GPU memory: used=9013 MiB / total=24081 MiB (37.4%)
		[OnDeviceCommitWithPrecompute: After HostSliceFromElements] CPU memory: allocated=8941 MiB, total_allocated=46231 MiB, sys=13216 MiB
		[OnDeviceCommitWithPrecompute: Before CopyToDevice] GPU memory: used=9013 MiB / total=24081 MiB (37.4%)
		[OnDeviceCommitWithPrecompute: Before CopyToDevice] CPU memory: allocated=8941 MiB, total_allocated=46231 MiB, sys=13216 MiB
		[OnDeviceCommitWithPrecompute: Before HostSliceFromElements] GPU memory: used=9013 MiB / total=24081 MiB (37.4%)
		[OnDeviceCommitWithPrecompute: Before HostSliceFromElements] CPU memory: allocated=8941 MiB, total_allocated=46231 MiB, sys=13216 MiB
		[OnDeviceCommitWithPrecompute: After HostSliceFromElements] GPU memory: used=9013 MiB / total=24081 MiB (37.4%)
		[OnDeviceCommitWithPrecompute: After HostSliceFromElements] CPU memory: allocated=8941 MiB, total_allocated=46231 MiB, sys=13216 MiB
		[OnDeviceCommitWithPrecompute: Before CopyToDevice] GPU memory: used=9013 MiB / total=24081 MiB (37.4%)
		[OnDeviceCommitWithPrecompute: Before CopyToDevice] CPU memory: allocated=8941 MiB, total_allocated=46231 MiB, sys=13216 MiB
		[OnDeviceCommitWithPrecompute: After CopyToDevice] GPU memory: used=9271 MiB / total=24081 MiB (38.5%)
		[OnDeviceCommitWithPrecompute: After CopyToDevice] CPU memory: allocated=8941 MiB, total_allocated=46231 MiB, sys=13216 MiB
	OnDeviceCommitWithPrecompute() || CopyToDevice 耗时: 122.787410 ms
		[OnDeviceCommitWithPrecompute: After CopyToDevice] GPU memory: used=10555 MiB / total=24081 MiB (43.8%)
		[OnDeviceCommitWithPrecompute: After CopyToDevice] CPU memory: allocated=8941 MiB, total_allocated=46231 MiB, sys=13216 MiB
	OnDeviceCommitWithPrecompute() || CopyToDevice 耗时: 164.872072 ms
		[OnDeviceCommitWithPrecompute: After CopyToDevice] GPU memory: used=10843 MiB / total=24081 MiB (45.0%)
		[OnDeviceCommitWithPrecompute: After CopyToDevice] CPU memory: allocated=8941 MiB, total_allocated=46231 MiB, sys=13216 MiB
	OnDeviceCommitWithPrecompute() || CopyToDevice 耗时: 207.332901 ms
	OnDeviceCommitWithPrecompute() || icicle_msm.Msm() 耗时: 774.830646 ms
=============================================== OnDeviceCommitWithPrecompute() end ================================================

		commitToQuotient() || commit h1 耗时: 1065.334728 ms
	OnDeviceCommitWithPrecompute() || icicle_msm.Msm() 耗时: 966.904857 ms
=============================================== OnDeviceCommitWithPrecompute() end ================================================

		commitToQuotient() || commit h3 耗时: 1174.682039 ms
	OnDeviceCommitWithPrecompute() || icicle_msm.Msm() 耗时: 1110.583457 ms
=============================================== OnDeviceCommitWithPrecompute() end ================================================

		commitToQuotient() || commit h2 耗时: 1279.832598 ms
		commitToQuotient() || 总耗时: 1279.909492 ms
	computeQuotient() || commitToQuotient() 耗时: 1279.912729 ms
	computeQuotient() || deriveZeta() & clean up 耗时: 424.200123 ms
prove() -> computeQuotient 耗时: 13070.878565ms
		openZ() || wait for H to be committed and zeta to be derived 耗时: 13070.885206ms
		computeLinearizedPolynomial() || wait for H to be committed and zeta to be derived 耗时: 13070.902756ms
		openZ() || getBlindedCoefficients 耗时: 20.389286ms
		openZ() || Open 耗时: 552.404561ms
prove() -> openZ 耗时: 13643.700179ms
		computeLinearizedPolynomial() || innerComputeLinearizedPoly 耗时: 1041.772404ms
		commitOnGPUOrCPU() || GPU 开始 commitMonomial 预计算, neededPrecompLen: 8388611

=============================================== OnDeviceCommitWithPrecompute() start ================================================

========= cfg config info ==========
N: 8388611
StreamHandle: <nil>
PrecomputeFactor: 1
C: 0
Bitsize: 0
BatchSize: 1
ArePointsSharedInBatch: false
AreScalarsMontgomeryForm: true
AreBasesMontgomeryForm: false
IsAsync: true
Ext: <nil>
========= cfg config info ==========

		[OnDeviceCommitWithPrecompute: Before HostSliceFromElements] GPU memory: used=8501 MiB / total=24081 MiB (35.3%)
		[OnDeviceCommitWithPrecompute: Before HostSliceFromElements] CPU memory: allocated=9525 MiB, total_allocated=46815 MiB, sys=13216 MiB
		[OnDeviceCommitWithPrecompute: After HostSliceFromElements] GPU memory: used=8501 MiB / total=24081 MiB (35.3%)
		[OnDeviceCommitWithPrecompute: After HostSliceFromElements] CPU memory: allocated=9525 MiB, total_allocated=46815 MiB, sys=13216 MiB
		[OnDeviceCommitWithPrecompute: Before CopyToDevice] GPU memory: used=8501 MiB / total=24081 MiB (35.3%)
		[OnDeviceCommitWithPrecompute: Before CopyToDevice] CPU memory: allocated=9525 MiB, total_allocated=46815 MiB, sys=13216 MiB
		[OnDeviceCommitWithPrecompute: After CopyToDevice] GPU memory: used=8759 MiB / total=24081 MiB (36.4%)
		[OnDeviceCommitWithPrecompute: After CopyToDevice] CPU memory: allocated=9525 MiB, total_allocated=46815 MiB, sys=13216 MiB
	OnDeviceCommitWithPrecompute() || CopyToDevice 耗时: 41.560877 ms
	OnDeviceCommitWithPrecompute() || icicle_msm.Msm() 耗时: 218.701897 ms
=============================================== OnDeviceCommitWithPrecompute() end ================================================

		computeLinearizedPolynomial() || kzg.Commit 耗时: 264.543850 ms
prove() -> computeLinearizedPolynomial 耗时: 14377.266505ms
		batchOpening() || wait for linearizedPolynomial 耗时: 14377.456310ms
		batchOpening() || prepare polysToOpen and digestsToOpen 耗时: 0.007588ms
		commitOnGPUOrCPU() || GPU 开始 commitMonomial 预计算, neededPrecompLen: 8388610

=============================================== OnDeviceCommitWithPrecompute() start ================================================

========= cfg config info ==========
N: 8388610
StreamHandle: <nil>
PrecomputeFactor: 1
C: 0
Bitsize: 0
BatchSize: 1
ArePointsSharedInBatch: false
AreScalarsMontgomeryForm: true
AreBasesMontgomeryForm: false
IsAsync: true
Ext: <nil>
========= cfg config info ==========

		[OnDeviceCommitWithPrecompute: Before HostSliceFromElements] GPU memory: used=8501 MiB / total=24081 MiB (35.3%)
		[OnDeviceCommitWithPrecompute: Before HostSliceFromElements] CPU memory: allocated=9781 MiB, total_allocated=47071 MiB, sys=13216 MiB
		[OnDeviceCommitWithPrecompute: After HostSliceFromElements] GPU memory: used=8501 MiB / total=24081 MiB (35.3%)
		[OnDeviceCommitWithPrecompute: After HostSliceFromElements] CPU memory: allocated=9781 MiB, total_allocated=47071 MiB, sys=13216 MiB
		[OnDeviceCommitWithPrecompute: Before CopyToDevice] GPU memory: used=8501 MiB / total=24081 MiB (35.3%)
		[OnDeviceCommitWithPrecompute: Before CopyToDevice] CPU memory: allocated=9781 MiB, total_allocated=47071 MiB, sys=13216 MiB
		[OnDeviceCommitWithPrecompute: After CopyToDevice] GPU memory: used=8759 MiB / total=24081 MiB (36.4%)
		[OnDeviceCommitWithPrecompute: After CopyToDevice] CPU memory: allocated=9781 MiB, total_allocated=47071 MiB, sys=13216 MiB
	OnDeviceCommitWithPrecompute() || CopyToDevice 耗时: 41.326468 ms
	OnDeviceCommitWithPrecompute() || icicle_msm.Msm() 耗时: 219.671215 ms
=============================================== OnDeviceCommitWithPrecompute() end ================================================

		BatchOpenSinglePoint  ||  commitOnGPUOrCPU() 耗时: 265.387234 ms
		batchOpening() || BatchOpenSinglePoint 耗时: 666.438964ms
prove() -> batchOpening 耗时: 15043.912875ms
prove() -> prove() 总耗时: 16235.183119ms
prove outer 耗时: 19444.196031 ms
verify outer 耗时: 3.349915 ms
outer circuit verified
