compile inner 耗时: 954.968829 ms
[INFO] ICICLE backend loaded from $ICICLE_BACKEND_INSTALL_DIR=/home/jade/.local/icicle/lib/backend
prove() -> icicle device setup 耗时: 136.164307ms
prove() -> initBlindingPolynomials 耗时: 0.016275ms
		commitOnGPUOrCPU() || GPU 开始 commitLagrange 预计算

=============================================== OnDeviceCommitWithPrecompute() start ================================================

========= cfg config info ==========
N: 512
StreamHandle: <nil>
PrecomputeFactor: 5
C: 0
Bitsize: 0
BatchSize: 1
ArePointsSharedInBatch: true
AreScalarsMontgomeryForm: true
AreBasesMontgomeryForm: false
IsAsync: false
Ext: <nil>
========= cfg config info ==========

		[OnDeviceCommitWithPrecompute: Before HostSliceFromElements] GPU memory: used=559 MiB / total=24081 MiB (2.3%)
		[OnDeviceCommitWithPrecompute: Before HostSliceFromElements] CPU memory: allocated=1538 MiB, total_allocated=3076 MiB, sys=3096 MiB
		[OnDeviceCommitWithPrecompute: After HostSliceFromElements] GPU memory: used=559 MiB / total=24081 MiB (2.3%)
		[OnDeviceCommitWithPrecompute: After HostSliceFromElements] CPU memory: allocated=1538 MiB, total_allocated=3076 MiB, sys=3096 MiB
		[OnDeviceCommitWithPrecompute: Before CopyToDevice] GPU memory: used=559 MiB / total=24081 MiB (2.3%)
		[OnDeviceCommitWithPrecompute: Before CopyToDevice] CPU memory: allocated=1538 MiB, total_allocated=3076 MiB, sys=3096 MiB
		[OnDeviceCommitWithPrecompute: After CopyToDevice] GPU memory: used=559 MiB / total=24081 MiB (2.3%)
		[OnDeviceCommitWithPrecompute: After CopyToDevice] CPU memory: allocated=1538 MiB, total_allocated=3076 MiB, sys=3096 MiB
	OnDeviceCommitWithPrecompute() || CopyToDevice 耗时: 8.329213 ms
	OnDeviceCommitWithPrecompute() || icicle_msm.Msm() 耗时: 1.634644 ms
=============================================== OnDeviceCommitWithPrecompute() end ================================================

	solveConstraints() || s.spr.Solve() (L, R, O) 耗时: 10.261569 ms
	solveConstraints() || sets x[id_L], x[id_R], x[id_O] 耗时: 0.005397 ms

=============================================== OnDeviceCommitBatchLROWithPrecompute() start ================================================
		[OnDeviceCommitBatchLROWithPrecompute: Function Start] GPU memory: used=559 MiB / total=24081 MiB (2.3%)
		[OnDeviceCommitBatchLROWithPrecompute: Function Start] CPU memory: allocated=1538 MiB, total_allocated=3076 MiB, sys=3096 MiB

========= cfg config info ==========
N: 512
StreamHandle: <nil>
PrecomputeFactor: 5
C: 0
Bitsize: 0
BatchSize: 3
ArePointsSharedInBatch: true
AreScalarsMontgomeryForm: true
AreBasesMontgomeryForm: false
IsAsync: false
Ext: <nil>
========= cfg config info ==========

		[OnDeviceCommitBatchLROWithPrecompute: After Flatten Array Created] GPU memory: used=559 MiB / total=24081 MiB (2.3%)
		[OnDeviceCommitBatchLROWithPrecompute: After Flatten Array Created] CPU memory: allocated=1538 MiB, total_allocated=3076 MiB, sys=3096 MiB
	OnDeviceCommitBatchLROWithPrecompute() || flatten total elements: 1536, per fr.Element: 48 bytes, total: 0.07 MB
		[OnDeviceCommitBatchLROWithPrecompute: After HostSlice Created] GPU memory: used=559 MiB / total=24081 MiB (2.3%)
		[OnDeviceCommitBatchLROWithPrecompute: After HostSlice Created] CPU memory: allocated=1538 MiB, total_allocated=3076 MiB, sys=3096 MiB
		[OnDeviceCommitBatchLROWithPrecompute: Before CopyToDevice] GPU memory: used=559 MiB / total=24081 MiB (2.3%)
		[OnDeviceCommitBatchLROWithPrecompute: Before CopyToDevice] CPU memory: allocated=1538 MiB, total_allocated=3076 MiB, sys=3096 MiB
		[OnDeviceCommitBatchLROWithPrecompute: After CopyToDevice] GPU memory: used=559 MiB / total=24081 MiB (2.3%)
		[OnDeviceCommitBatchLROWithPrecompute: After CopyToDevice] CPU memory: allocated=1538 MiB, total_allocated=3076 MiB, sys=3096 MiB
	OnDeviceCommitBatchLROWithPrecompute() || CopyToDevice 耗时: 0.054035 ms
		[OnDeviceCommitBatchLROWithPrecompute: After Result Array Created] GPU memory: used=559 MiB / total=24081 MiB (2.3%)
		[OnDeviceCommitBatchLROWithPrecompute: After Result Array Created] CPU memory: allocated=1538 MiB, total_allocated=3076 MiB, sys=3096 MiB
		[OnDeviceCommitBatchLROWithPrecompute: Before MSM] GPU memory: used=559 MiB / total=24081 MiB (2.3%)
		[OnDeviceCommitBatchLROWithPrecompute: Before MSM] CPU memory: allocated=1538 MiB, total_allocated=3076 MiB, sys=3096 MiB
	OnDeviceCommitBatchLROWithPrecompute() || icicle_msm.Msm() 耗时: 3.374176 ms
		[OnDeviceCommitBatchLROWithPrecompute: After MSM] GPU memory: used=559 MiB / total=24081 MiB (2.3%)
		[OnDeviceCommitBatchLROWithPrecompute: After MSM] CPU memory: allocated=1538 MiB, total_allocated=3076 MiB, sys=3096 MiB
	OnDeviceCommitBatchLROWithPrecompute() || blsProjectiveToGnarkAffine() 耗时: 0.010530 ms
		[OnDeviceCommitBatchLROWithPrecompute: After Conversion] GPU memory: used=559 MiB / total=24081 MiB (2.3%)
		[OnDeviceCommitBatchLROWithPrecompute: After Conversion] CPU memory: allocated=1538 MiB, total_allocated=3076 MiB, sys=3096 MiB
		[OnDeviceCommitBatchLROWithPrecompute: Function End] GPU memory: used=559 MiB / total=24081 MiB (2.3%)
		[OnDeviceCommitBatchLROWithPrecompute: Function End] CPU memory: allocated=1538 MiB, total_allocated=3076 MiB, sys=3096 MiB
=============================================== OnDeviceCommitBatchLROWithPrecompute() end ================================================

2025/11/27 03:00:19 [TIMING] commitToLRO: total=30.251522ms, bigMSM=3.611746ms, blinding=26.639658ms
	solveConstraints() || commitToLRO() 耗时: 30.315426 ms
prove() -> solveConstraints 耗时: 40.588883ms
		computeQuotient() || wait for solver to be done 耗时: 40.543132ms
		completeQk() || wait for solver to be done 耗时: 40.541504ms
prove() -> completeQk 耗时: 40.548196ms
		deriveGammaAndBeta() || wait for LRO to be committed 耗时: 40.072239ms
prove() -> deriveGammaAndBeta 耗时: 40.703397ms
		buildRatioCopyConstraint() || wait for gamma and beta to be derived 耗时: 40.724503ms
		buildRatioCopyConstraint() || iop.BuildRatioCopyConstraint 耗时: 0.153234ms
		commitOnGPUOrCPU() || GPU 开始 commitLagrange 预计算

=============================================== OnDeviceCommitWithPrecompute() start ================================================

========= cfg config info ==========
N: 512
StreamHandle: <nil>
PrecomputeFactor: 5
C: 0
Bitsize: 0
BatchSize: 1
ArePointsSharedInBatch: false
AreScalarsMontgomeryForm: true
AreBasesMontgomeryForm: false
IsAsync: false
Ext: <nil>
========= cfg config info ==========

		[OnDeviceCommitWithPrecompute: Before HostSliceFromElements] GPU memory: used=559 MiB / total=24081 MiB (2.3%)
		[OnDeviceCommitWithPrecompute: Before HostSliceFromElements] CPU memory: allocated=1538 MiB, total_allocated=3076 MiB, sys=3096 MiB
		[OnDeviceCommitWithPrecompute: After HostSliceFromElements] GPU memory: used=559 MiB / total=24081 MiB (2.3%)
		[OnDeviceCommitWithPrecompute: After HostSliceFromElements] CPU memory: allocated=1538 MiB, total_allocated=3076 MiB, sys=3096 MiB
		[OnDeviceCommitWithPrecompute: Before CopyToDevice] GPU memory: used=559 MiB / total=24081 MiB (2.3%)
		[OnDeviceCommitWithPrecompute: Before CopyToDevice] CPU memory: allocated=1538 MiB, total_allocated=3076 MiB, sys=3096 MiB
		[OnDeviceCommitWithPrecompute: After CopyToDevice] GPU memory: used=559 MiB / total=24081 MiB (2.3%)
		[OnDeviceCommitWithPrecompute: After CopyToDevice] CPU memory: allocated=1538 MiB, total_allocated=3076 MiB, sys=3096 MiB
	OnDeviceCommitWithPrecompute() || CopyToDevice 耗时: 0.207273 ms
	OnDeviceCommitWithPrecompute() || icicle_msm.Msm() 耗时: 2.319239 ms
=============================================== OnDeviceCommitWithPrecompute() end ================================================

			commitToPolyAndBlinding() -> commit to p 耗时: 2.666159ms
			commitToPolyAndBlinding() -> commit to b 耗时: 8.888266ms
			commitToPolyAndBlinding() -> commit_p + commit_b 耗时: 0.003327ms
		buildRatioCopyConstraint() || commitToPolyAndBlinding(s.x[id_Z], s.bp[id_Bz]) 耗时: 11.564530ms
prove() -> buildRatioCopyConstraint 耗时: 52.445158ms
		computeQuotient() || wait for Z to be committed 耗时: 11.893758ms
	computeQuotient() || prepare to compute & derive alpha): 52.493109 ms
	computeQuotient() || computeNumerator() 耗时: 7.426767 ms
		divideByZH() || parallelize divide 耗时: 0.065365 ms
		divideByZH() || ToCanonical 耗时: 0.223619 ms
	computeQuotient() || divideByZH() 耗时: 0.302057 ms
		commitOnGPUOrCPU() || GPU 开始 commitMonomial 预计算, neededPrecompLen: 3084

=============================================== OnDeviceCommitWithPrecompute() start ================================================

========= cfg config info ==========
N: 514
StreamHandle: <nil>
PrecomputeFactor: 6
C: 0
Bitsize: 0
BatchSize: 1
ArePointsSharedInBatch: true
AreScalarsMontgomeryForm: true
AreBasesMontgomeryForm: false
IsAsync: false
Ext: <nil>
========= cfg config info ==========

		commitOnGPUOrCPU() || GPU 开始 commitMonomial 预计算, neededPrecompLen: 3084

=============================================== OnDeviceCommitWithPrecompute() start ================================================

========= cfg config info ==========
N: 514
StreamHandle: <nil>
		commitOnGPUOrCPU() || GPU 开始 commitMonomial 预计算, neededPrecompLen: 3084

=============================================== OnDeviceCommitWithPrecompute() start ================================================

========= cfg config info ==========
N: 514
StreamHandle: <nil>
PrecomputeFactor: 6
C: 0
Bitsize: 0
BatchSize: 1
ArePointsSharedInBatch: true
AreScalarsMontgomeryForm: true
AreBasesMontgomeryForm: false
IsAsync: false
Ext: <nil>
========= cfg config info ==========

		[OnDeviceCommitWithPrecompute: Before HostSliceFromElements] GPU memory: used=559 MiB / total=24081 MiB (2.3%)
		[OnDeviceCommitWithPrecompute: Before HostSliceFromElements] CPU memory: allocated=1539 MiB, total_allocated=3076 MiB, sys=3096 MiB
PrecomputeFactor: 6
		[OnDeviceCommitWithPrecompute: After HostSliceFromElements] GPU memory: used=559 MiB / total=24081 MiB (2.3%)
		[OnDeviceCommitWithPrecompute: Before HostSliceFromElements] GPU memory: used=559 MiB / total=24081 MiB (2.3%)
		[OnDeviceCommitWithPrecompute: After HostSliceFromElements] CPU memory: allocated=1539 MiB, total_allocated=3076 MiB, sys=3096 MiB
C: 0
Bitsize: 0
BatchSize: 1
ArePointsSharedInBatch: true
AreScalarsMontgomeryForm: true
AreBasesMontgomeryForm: false
IsAsync: false
Ext: <nil>
========= cfg config info ==========

		[OnDeviceCommitWithPrecompute: Before CopyToDevice] GPU memory: used=559 MiB / total=24081 MiB (2.3%)
		[OnDeviceCommitWithPrecompute: Before CopyToDevice] CPU memory: allocated=1539 MiB, total_allocated=3076 MiB, sys=3096 MiB
		[OnDeviceCommitWithPrecompute: Before HostSliceFromElements] GPU memory: used=559 MiB / total=24081 MiB (2.3%)
		[OnDeviceCommitWithPrecompute: Before HostSliceFromElements] CPU memory: allocated=1539 MiB, total_allocated=3076 MiB, sys=3096 MiB
		[OnDeviceCommitWithPrecompute: Before HostSliceFromElements] CPU memory: allocated=1539 MiB, total_allocated=3076 MiB, sys=3096 MiB
		[OnDeviceCommitWithPrecompute: After HostSliceFromElements] GPU memory: used=559 MiB / total=24081 MiB (2.3%)
		[OnDeviceCommitWithPrecompute: After CopyToDevice] GPU memory: used=559 MiB / total=24081 MiB (2.3%)
		[OnDeviceCommitWithPrecompute: After HostSliceFromElements] GPU memory: used=559 MiB / total=24081 MiB (2.3%)
		[OnDeviceCommitWithPrecompute: After HostSliceFromElements] CPU memory: allocated=1539 MiB, total_allocated=3076 MiB, sys=3096 MiB
		[OnDeviceCommitWithPrecompute: After HostSliceFromElements] CPU memory: allocated=1539 MiB, total_allocated=3076 MiB, sys=3096 MiB
		[OnDeviceCommitWithPrecompute: After CopyToDevice] CPU memory: allocated=1539 MiB, total_allocated=3076 MiB, sys=3096 MiB
	OnDeviceCommitWithPrecompute() || CopyToDevice 耗时: 0.532505 ms
		[OnDeviceCommitWithPrecompute: Before CopyToDevice] GPU memory: used=559 MiB / total=24081 MiB (2.3%)
		[OnDeviceCommitWithPrecompute: Before CopyToDevice] CPU memory: allocated=1539 MiB, total_allocated=3076 MiB, sys=3096 MiB
		[OnDeviceCommitWithPrecompute: Before CopyToDevice] GPU memory: used=559 MiB / total=24081 MiB (2.3%)
		[OnDeviceCommitWithPrecompute: Before CopyToDevice] CPU memory: allocated=1539 MiB, total_allocated=3076 MiB, sys=3096 MiB
		[OnDeviceCommitWithPrecompute: After CopyToDevice] GPU memory: used=559 MiB / total=24081 MiB (2.3%)
		[OnDeviceCommitWithPrecompute: After CopyToDevice] CPU memory: allocated=1539 MiB, total_allocated=3076 MiB, sys=3096 MiB
	OnDeviceCommitWithPrecompute() || CopyToDevice 耗时: 0.324216 ms
		[OnDeviceCommitWithPrecompute: After CopyToDevice] GPU memory: used=559 MiB / total=24081 MiB (2.3%)
		[OnDeviceCommitWithPrecompute: After CopyToDevice] CPU memory: allocated=1539 MiB, total_allocated=3076 MiB, sys=3096 MiB
	OnDeviceCommitWithPrecompute() || CopyToDevice 耗时: 0.354778 ms
	OnDeviceCommitWithPrecompute() || icicle_msm.Msm() 耗时: 5.864179 ms
=============================================== OnDeviceCommitWithPrecompute() end ================================================

	OnDeviceCommitWithPrecompute() || icicle_msm.Msm() 耗时: 6.815581 ms
=============================================== OnDeviceCommitWithPrecompute() end ================================================

		commitToQuotient() || commit h2 耗时: 7.811396 ms
		commitToQuotient() || commit h3 耗时: 7.867650 ms
	OnDeviceCommitWithPrecompute() || icicle_msm.Msm() 耗时: 6.782768 ms
=============================================== OnDeviceCommitWithPrecompute() end ================================================

		commitToQuotient() || commit h1 耗时: 7.916608 ms
		commitToQuotient() || 总耗时: 7.942301 ms
	computeQuotient() || commitToQuotient() 耗时: 7.944647 ms
	computeQuotient() || deriveZeta() & clean up 耗时: 0.343630 ms
prove() -> computeQuotient 耗时: 68.526560ms
		openZ() || wait for H to be committed and zeta to be derived 耗时: 68.536189ms
		computeLinearizedPolynomial() || wait for H to be committed and zeta to be derived 耗时: 68.519072ms
		openZ() || getBlindedCoefficients 耗时: 0.007782ms
		openZ() || Open 耗时: 6.190842ms
prove() -> openZ 耗时: 74.749003ms
		computeLinearizedPolynomial() || innerComputeLinearizedPoly 耗时: 6.556217ms
		commitOnGPUOrCPU() || GPU 开始 commitMonomial 预计算, neededPrecompLen: 3090

=============================================== OnDeviceCommitWithPrecompute() start ================================================

========= cfg config info ==========
N: 515
StreamHandle: <nil>
PrecomputeFactor: 6
C: 0
Bitsize: 0
BatchSize: 1
ArePointsSharedInBatch: false
AreScalarsMontgomeryForm: true
AreBasesMontgomeryForm: false
IsAsync: false
Ext: <nil>
========= cfg config info ==========

		[OnDeviceCommitWithPrecompute: Before HostSliceFromElements] GPU memory: used=559 MiB / total=24081 MiB (2.3%)
		[OnDeviceCommitWithPrecompute: Before HostSliceFromElements] CPU memory: allocated=1539 MiB, total_allocated=3077 MiB, sys=3096 MiB
		[OnDeviceCommitWithPrecompute: After HostSliceFromElements] GPU memory: used=559 MiB / total=24081 MiB (2.3%)
		[OnDeviceCommitWithPrecompute: After HostSliceFromElements] CPU memory: allocated=1539 MiB, total_allocated=3077 MiB, sys=3096 MiB
		[OnDeviceCommitWithPrecompute: Before CopyToDevice] GPU memory: used=559 MiB / total=24081 MiB (2.3%)
		[OnDeviceCommitWithPrecompute: Before CopyToDevice] CPU memory: allocated=1539 MiB, total_allocated=3077 MiB, sys=3096 MiB
		[OnDeviceCommitWithPrecompute: After CopyToDevice] GPU memory: used=559 MiB / total=24081 MiB (2.3%)
		[OnDeviceCommitWithPrecompute: After CopyToDevice] CPU memory: allocated=1539 MiB, total_allocated=3077 MiB, sys=3096 MiB
	OnDeviceCommitWithPrecompute() || CopyToDevice 耗时: 0.222851 ms
	OnDeviceCommitWithPrecompute() || icicle_msm.Msm() 耗时: 2.475679 ms
=============================================== OnDeviceCommitWithPrecompute() end ================================================

		computeLinearizedPolynomial() || kzg.Commit 耗时: 2.995751 ms
prove() -> computeLinearizedPolynomial 耗时: 78.100640ms
		batchOpening() || wait for linearizedPolynomial 耗时: 78.161552ms
		batchOpening() || prepare polysToOpen and digestsToOpen 耗时: 0.005061ms
		commitOnGPUOrCPU() || GPU 开始 commitMonomial 预计算, neededPrecompLen: 3084

=============================================== OnDeviceCommitWithPrecompute() start ================================================

========= cfg config info ==========
N: 514
StreamHandle: <nil>
PrecomputeFactor: 6
C: 0
Bitsize: 0
BatchSize: 1
ArePointsSharedInBatch: false
AreScalarsMontgomeryForm: true
AreBasesMontgomeryForm: false
IsAsync: false
Ext: <nil>
========= cfg config info ==========

		[OnDeviceCommitWithPrecompute: Before HostSliceFromElements] GPU memory: used=559 MiB / total=24081 MiB (2.3%)
		[OnDeviceCommitWithPrecompute: Before HostSliceFromElements] CPU memory: allocated=1539 MiB, total_allocated=3077 MiB, sys=3096 MiB
		[OnDeviceCommitWithPrecompute: After HostSliceFromElements] GPU memory: used=559 MiB / total=24081 MiB (2.3%)
		[OnDeviceCommitWithPrecompute: After HostSliceFromElements] CPU memory: allocated=1539 MiB, total_allocated=3077 MiB, sys=3096 MiB
		[OnDeviceCommitWithPrecompute: Before CopyToDevice] GPU memory: used=559 MiB / total=24081 MiB (2.3%)
		[OnDeviceCommitWithPrecompute: Before CopyToDevice] CPU memory: allocated=1539 MiB, total_allocated=3077 MiB, sys=3096 MiB
		[OnDeviceCommitWithPrecompute: After CopyToDevice] GPU memory: used=559 MiB / total=24081 MiB (2.3%)
		[OnDeviceCommitWithPrecompute: After CopyToDevice] CPU memory: allocated=1539 MiB, total_allocated=3077 MiB, sys=3096 MiB
	OnDeviceCommitWithPrecompute() || CopyToDevice 耗时: 0.108184 ms
	OnDeviceCommitWithPrecompute() || icicle_msm.Msm() 耗时: 2.556209 ms
=============================================== OnDeviceCommitWithPrecompute() end ================================================

		BatchOpenSinglePoint  ||  commitOnGPUOrCPU() 耗时: 2.903611 ms
		batchOpening() || BatchOpenSinglePoint 耗时: 3.675697ms
prove() -> batchOpening 耗时: 81.858391ms
prove() -> prove() 总耗时: 82.050030ms
prove inner 耗时: 1153.500975 ms
verify inner 耗时: 12.083507 ms
assemble Poseidon2-FS inputs 耗时: 3.340475 ms
compile outer(frontend.Compile) 耗时: 2666.740639 ms
[outer] nbConstraints=6312223 nbPublic=4 nbSecret=168
solve outer 耗时: 1581.442167ms
outer circuit solved
compile outer(pkOuter.Compile) 耗时: 14733.906158 ms
[INFO] ICICLE backend loaded from $ICICLE_BACKEND_INSTALL_DIR=/home/jade/.local/icicle/lib/backend
prove() -> icicle device setup 耗时: 884.135084ms
prove() -> initBlindingPolynomials 耗时: 0.557139ms
		commitOnGPUOrCPU() || GPU 开始 commitLagrange 预计算

=============================================== OnDeviceCommitWithPrecompute() start ================================================

========= cfg config info ==========
N: 8388608
StreamHandle: <nil>
PrecomputeFactor: 8
C: 0
Bitsize: 0
BatchSize: 1
ArePointsSharedInBatch: true
AreScalarsMontgomeryForm: true
AreBasesMontgomeryForm: false
IsAsync: false
Ext: <nil>
========= cfg config info ==========

		[OnDeviceCommitWithPrecompute: Before HostSliceFromElements] GPU memory: used=10291 MiB / total=24081 MiB (42.7%)
		[OnDeviceCommitWithPrecompute: Before HostSliceFromElements] CPU memory: allocated=6958 MiB, total_allocated=40432 MiB, sys=11948 MiB
		[OnDeviceCommitWithPrecompute: After HostSliceFromElements] GPU memory: used=10291 MiB / total=24081 MiB (42.7%)
		[OnDeviceCommitWithPrecompute: After HostSliceFromElements] CPU memory: allocated=6958 MiB, total_allocated=40432 MiB, sys=11948 MiB
		[OnDeviceCommitWithPrecompute: Before CopyToDevice] GPU memory: used=10291 MiB / total=24081 MiB (42.7%)
		[OnDeviceCommitWithPrecompute: Before CopyToDevice] CPU memory: allocated=6958 MiB, total_allocated=40432 MiB, sys=11948 MiB
		[OnDeviceCommitWithPrecompute: After CopyToDevice] GPU memory: used=10547 MiB / total=24081 MiB (43.8%)
		[OnDeviceCommitWithPrecompute: After CopyToDevice] CPU memory: allocated=6958 MiB, total_allocated=40432 MiB, sys=11948 MiB
	OnDeviceCommitWithPrecompute() || CopyToDevice 耗时: 41.327049 ms
	OnDeviceCommitWithPrecompute() || icicle_msm.Msm() 耗时: 57.365124 ms
=============================================== OnDeviceCommitWithPrecompute() end ================================================

	solveConstraints() || s.spr.Solve() (L, R, O) 耗时: 1626.083550 ms
	solveConstraints() || sets x[id_L], x[id_R], x[id_O] 耗时: 0.009767 ms

=============================================== OnDeviceCommitBatchLROWithPrecompute() start ================================================
		[OnDeviceCommitBatchLROWithPrecompute: Function Start] GPU memory: used=10291 MiB / total=24081 MiB (42.7%)
		[OnDeviceCommitBatchLROWithPrecompute: Function Start] CPU memory: allocated=7742 MiB, total_allocated=41216 MiB, sys=11948 MiB

========= cfg config info ==========
N: 8388608
StreamHandle: <nil>
PrecomputeFactor: 8
C: 0
Bitsize: 0
BatchSize: 3
ArePointsSharedInBatch: true
AreScalarsMontgomeryForm: true
AreBasesMontgomeryForm: false
IsAsync: false
Ext: <nil>
========= cfg config info ==========

		[OnDeviceCommitBatchLROWithPrecompute: After Flatten Array Created] GPU memory: used=10291 MiB / total=24081 MiB (42.7%)
		[OnDeviceCommitBatchLROWithPrecompute: After Flatten Array Created] CPU memory: allocated=8510 MiB, total_allocated=41984 MiB, sys=11948 MiB
	OnDeviceCommitBatchLROWithPrecompute() || flatten total elements: 25165824, per fr.Element: 48 bytes, total: 1152.00 MB
		[OnDeviceCommitBatchLROWithPrecompute: After HostSlice Created] GPU memory: used=10291 MiB / total=24081 MiB (42.7%)
		[OnDeviceCommitBatchLROWithPrecompute: After HostSlice Created] CPU memory: allocated=8510 MiB, total_allocated=41984 MiB, sys=11948 MiB
		[OnDeviceCommitBatchLROWithPrecompute: Before CopyToDevice] GPU memory: used=10291 MiB / total=24081 MiB (42.7%)
		[OnDeviceCommitBatchLROWithPrecompute: Before CopyToDevice] CPU memory: allocated=8510 MiB, total_allocated=41984 MiB, sys=11948 MiB
		[OnDeviceCommitBatchLROWithPrecompute: After CopyToDevice] GPU memory: used=11059 MiB / total=24081 MiB (45.9%)
		[OnDeviceCommitBatchLROWithPrecompute: After CopyToDevice] CPU memory: allocated=8510 MiB, total_allocated=41984 MiB, sys=11948 MiB
	OnDeviceCommitBatchLROWithPrecompute() || CopyToDevice 耗时: 123.690523 ms
		[OnDeviceCommitBatchLROWithPrecompute: After Result Array Created] GPU memory: used=11059 MiB / total=24081 MiB (45.9%)
		[OnDeviceCommitBatchLROWithPrecompute: After Result Array Created] CPU memory: allocated=8510 MiB, total_allocated=41984 MiB, sys=11948 MiB
		[OnDeviceCommitBatchLROWithPrecompute: Before MSM] GPU memory: used=11059 MiB / total=24081 MiB (45.9%)
		[OnDeviceCommitBatchLROWithPrecompute: Before MSM] CPU memory: allocated=8510 MiB, total_allocated=41984 MiB, sys=11948 MiB
[WARNING] msm: msm size (including precomputation) is too large for batching, running sequential msms instead
	OnDeviceCommitBatchLROWithPrecompute() || icicle_msm.Msm() 耗时: 197.306544 ms
		[OnDeviceCommitBatchLROWithPrecompute: After MSM] GPU memory: used=11059 MiB / total=24081 MiB (45.9%)
		[OnDeviceCommitBatchLROWithPrecompute: After MSM] CPU memory: allocated=8510 MiB, total_allocated=41984 MiB, sys=11948 MiB
	OnDeviceCommitBatchLROWithPrecompute() || blsProjectiveToGnarkAffine() 耗时: 0.012743 ms
		[OnDeviceCommitBatchLROWithPrecompute: After Conversion] GPU memory: used=11059 MiB / total=24081 MiB (45.9%)
		[OnDeviceCommitBatchLROWithPrecompute: After Conversion] CPU memory: allocated=8510 MiB, total_allocated=41984 MiB, sys=11948 MiB
		[OnDeviceCommitBatchLROWithPrecompute: Function End] GPU memory: used=11059 MiB / total=24081 MiB (45.9%)
		[OnDeviceCommitBatchLROWithPrecompute: Function End] CPU memory: allocated=8510 MiB, total_allocated=41984 MiB, sys=11948 MiB
=============================================== OnDeviceCommitBatchLROWithPrecompute() end ================================================

2025/11/27 03:00:45 [TIMING] commitToLRO: total=575.529334ms, bigMSM=550.660678ms, blinding=24.868475ms
	solveConstraints() || commitToLRO() 耗时: 575.553387 ms
prove() -> solveConstraints 耗时: 2201.665986ms
		deriveGammaAndBeta() || wait for LRO to be committed 耗时: 2200.383290ms
		completeQk() || wait for solver to be done 耗时: 2117.226135ms
prove() -> completeQk 耗时: 2201.686508ms
		computeQuotient() || wait for solver to be done 耗时: 2137.904317ms
prove() -> deriveGammaAndBeta 耗时: 2201.713244ms
		buildRatioCopyConstraint() || wait for gamma and beta to be derived 耗时: 2201.862065ms
		buildRatioCopyConstraint() || iop.BuildRatioCopyConstraint 耗时: 845.862391ms
		commitOnGPUOrCPU() || GPU 开始 commitLagrange 预计算

=============================================== OnDeviceCommitWithPrecompute() start ================================================

========= cfg config info ==========
N: 8388608
StreamHandle: <nil>
PrecomputeFactor: 8
C: 0
Bitsize: 0
BatchSize: 1
ArePointsSharedInBatch: false
AreScalarsMontgomeryForm: true
AreBasesMontgomeryForm: false
IsAsync: false
Ext: <nil>
========= cfg config info ==========

		[OnDeviceCommitWithPrecompute: Before HostSliceFromElements] GPU memory: used=10291 MiB / total=24081 MiB (42.7%)
		[OnDeviceCommitWithPrecompute: Before HostSliceFromElements] CPU memory: allocated=10047 MiB, total_allocated=43521 MiB, sys=11948 MiB
		[OnDeviceCommitWithPrecompute: After HostSliceFromElements] GPU memory: used=10291 MiB / total=24081 MiB (42.7%)
		[OnDeviceCommitWithPrecompute: After HostSliceFromElements] CPU memory: allocated=10047 MiB, total_allocated=43521 MiB, sys=11948 MiB
		[OnDeviceCommitWithPrecompute: Before CopyToDevice] GPU memory: used=10291 MiB / total=24081 MiB (42.7%)
		[OnDeviceCommitWithPrecompute: Before CopyToDevice] CPU memory: allocated=10047 MiB, total_allocated=43521 MiB, sys=11948 MiB
		[OnDeviceCommitWithPrecompute: After CopyToDevice] GPU memory: used=10547 MiB / total=24081 MiB (43.8%)
		[OnDeviceCommitWithPrecompute: After CopyToDevice] CPU memory: allocated=10047 MiB, total_allocated=43521 MiB, sys=11948 MiB
	OnDeviceCommitWithPrecompute() || CopyToDevice 耗时: 41.570541 ms
	OnDeviceCommitWithPrecompute() || icicle_msm.Msm() 耗时: 87.505613 ms
=============================================== OnDeviceCommitWithPrecompute() end ================================================

			commitToPolyAndBlinding() -> commit to p 耗时: 130.028806ms
			commitToPolyAndBlinding() -> commit to b 耗时: 8.404600ms
			commitToPolyAndBlinding() -> commit_p + commit_b 耗时: 0.003249ms
		buildRatioCopyConstraint() || commitToPolyAndBlinding(s.x[id_Z], s.bp[id_Bz]) 耗时: 138.456310ms
prove() -> buildRatioCopyConstraint 耗时: 3186.203525ms
		computeQuotient() || wait for Z to be committed 耗时: 984.509854ms
	computeQuotient() || prepare to compute & derive alpha): 3242.390384 ms
	computeQuotient() || computeNumerator() 耗时: 7333.024164 ms
		divideByZH() || parallelize divide 耗时: 48.494759 ms
		divideByZH() || ToCanonical 耗时: 711.521486 ms
	computeQuotient() || divideByZH() 耗时: 760.063196 ms
		commitOnGPUOrCPU() || GPU 开始 commitMonomial 预计算, neededPrecompLen: 8388610

=============================================== OnDeviceCommitWithPrecompute() start ================================================

========= cfg config info ==========
N: 8388610
StreamHandle: <nil>
PrecomputeFactor: 1
C: 0
Bitsize: 0
BatchSize: 1
ArePointsSharedInBatch: true
AreScalarsMontgomeryForm: true
AreBasesMontgomeryForm: false
IsAsync: false
Ext: <nil>
========= cfg config info ==========

		commitOnGPUOrCPU() || GPU 开始 commitMonomial 预计算, neededPrecompLen: 8388610

=============================================== OnDeviceCommitWithPrecompute() start ================================================

========= cfg config info ==========
N: 8388610
StreamHandle: <nil>
PrecomputeFactor: 1
C: 0
Bitsize: 0
BatchSize: 1
ArePointsSharedInBatch: true
AreScalarsMontgomeryForm: true
AreBasesMontgomeryForm: false
IsAsync: false
Ext: <nil>
========= cfg config info ==========

		[OnDeviceCommitWithPrecompute: Before HostSliceFromElements] GPU memory: used=14387 MiB / total=24081 MiB (59.7%)
		[OnDeviceCommitWithPrecompute: Before HostSliceFromElements] CPU memory: allocated=8925 MiB, total_allocated=46209 MiB, sys=12973 MiB
		[OnDeviceCommitWithPrecompute: After HostSliceFromElements] GPU memory: used=14387 MiB / total=24081 MiB (59.7%)
		[OnDeviceCommitWithPrecompute: After HostSliceFromElements] CPU memory: allocated=8925 MiB, total_allocated=46209 MiB, sys=12973 MiB
		[OnDeviceCommitWithPrecompute: Before CopyToDevice] GPU memory: used=14387 MiB / total=24081 MiB (59.7%)
		[OnDeviceCommitWithPrecompute: Before HostSliceFromElements] GPU memory: used=14387 MiB / total=24081 MiB (59.7%)
		[OnDeviceCommitWithPrecompute: Before CopyToDevice] CPU memory: allocated=8925 MiB, total_allocated=46209 MiB, sys=12973 MiB
		commitOnGPUOrCPU() || GPU 开始 commitMonomial 预计算, neededPrecompLen: 8388610

=============================================== OnDeviceCommitWithPrecompute() start ================================================

========= cfg config info ==========
N: 8388610
StreamHandle: <nil>
PrecomputeFactor: 1
C: 0
Bitsize: 0
BatchSize: 1
ArePointsSharedInBatch: true
AreScalarsMontgomeryForm: true
AreBasesMontgomeryForm: false
IsAsync: false
Ext: <nil>
========= cfg config info ==========

		[OnDeviceCommitWithPrecompute: Before HostSliceFromElements] GPU memory: used=14387 MiB / total=24081 MiB (59.7%)
		[OnDeviceCommitWithPrecompute: Before HostSliceFromElements] CPU memory: allocated=8925 MiB, total_allocated=46209 MiB, sys=12973 MiB
		[OnDeviceCommitWithPrecompute: After HostSliceFromElements] GPU memory: used=14387 MiB / total=24081 MiB (59.7%)
		[OnDeviceCommitWithPrecompute: After HostSliceFromElements] CPU memory: allocated=8925 MiB, total_allocated=46209 MiB, sys=12973 MiB
		[OnDeviceCommitWithPrecompute: Before CopyToDevice] GPU memory: used=14387 MiB / total=24081 MiB (59.7%)
		[OnDeviceCommitWithPrecompute: Before CopyToDevice] CPU memory: allocated=8925 MiB, total_allocated=46209 MiB, sys=12973 MiB
		[OnDeviceCommitWithPrecompute: Before HostSliceFromElements] CPU memory: allocated=8925 MiB, total_allocated=46209 MiB, sys=12973 MiB
		[OnDeviceCommitWithPrecompute: After HostSliceFromElements] GPU memory: used=14387 MiB / total=24081 MiB (59.7%)
		[OnDeviceCommitWithPrecompute: After HostSliceFromElements] CPU memory: allocated=8925 MiB, total_allocated=46209 MiB, sys=12973 MiB
		[OnDeviceCommitWithPrecompute: Before CopyToDevice] GPU memory: used=14387 MiB / total=24081 MiB (59.7%)
		[OnDeviceCommitWithPrecompute: Before CopyToDevice] CPU memory: allocated=8925 MiB, total_allocated=46209 MiB, sys=12973 MiB
		[OnDeviceCommitWithPrecompute: After CopyToDevice] GPU memory: used=14645 MiB / total=24081 MiB (60.8%)
		[OnDeviceCommitWithPrecompute: After CopyToDevice] CPU memory: allocated=8925 MiB, total_allocated=46209 MiB, sys=12973 MiB
	OnDeviceCommitWithPrecompute() || CopyToDevice 耗时: 70.287124 ms
		[OnDeviceCommitWithPrecompute: After CopyToDevice] GPU memory: used=14903 MiB / total=24081 MiB (61.9%)
		[OnDeviceCommitWithPrecompute: After CopyToDevice] CPU memory: allocated=8925 MiB, total_allocated=46209 MiB, sys=12973 MiB
	OnDeviceCommitWithPrecompute() || CopyToDevice 耗时: 110.773152 ms
		[OnDeviceCommitWithPrecompute: After CopyToDevice] GPU memory: used=15161 MiB / total=24081 MiB (63.0%)
		[OnDeviceCommitWithPrecompute: After CopyToDevice] CPU memory: allocated=8925 MiB, total_allocated=46209 MiB, sys=12973 MiB
	OnDeviceCommitWithPrecompute() || CopyToDevice 耗时: 153.004036 ms
