compile inner 耗时: 949.058213 ms
[INFO] ICICLE backend loaded from $ICICLE_BACKEND_INSTALL_DIR=/home/jade/.local/icicle/lib/backend
prove() -> icicle device setup 耗时: 158.623604ms
		commitOnGPUOrCPU() || GPU 开始 commitLagrange 不使用预计算
prove() -> initBlindingPolynomials 耗时: 0.015059ms
	solveConstraints() || s.spr.Solve() (L, R, O) 耗时: 5.212149 ms
	solveConstraints() || sets x[id_L], x[id_R], x[id_O] 耗时: 0.002798 ms
		commitOnGPUOrCPU() || GPU 开始 commitLagrange 不使用预计算
			commitToPolyAndBlinding() -> commit to p 耗时: 5.341519ms
			commitToPolyAndBlinding() -> commit to b 耗时: 8.997490ms
			commitToPolyAndBlinding() -> commit_p + commit_b 耗时: 0.003393ms
		commitToLRO() || commitToPolyAndBlinding(s.x[id_L], s.bp[id_Bl]) LRO[0] 耗时: 14.348822ms
		commitOnGPUOrCPU() || GPU 开始 commitLagrange 不使用预计算
			commitToPolyAndBlinding() -> commit to p 耗时: 5.334277ms
			commitToPolyAndBlinding() -> commit to b 耗时: 9.135354ms
			commitToPolyAndBlinding() -> commit_p + commit_b 耗时: 0.003329ms
		commitToLRO() || commitToPolyAndBlinding(s.x[id_R], s.bp[id_Br]) LRO[1] 耗时: 14.479205ms
		commitOnGPUOrCPU() || GPU 开始 commitLagrange 不使用预计算
			commitToPolyAndBlinding() -> commit to p 耗时: 5.298181ms
			commitToPolyAndBlinding() -> commit to b 耗时: 8.859886ms
			commitToPolyAndBlinding() -> commit_p + commit_b 耗时: 0.003258ms
		commitToLRO() || commitToPolyAndBlinding(s.x[id_O], s.bp[id_Bo]) LRO[2] 耗时: 14.164217ms
		commitToLRO() || 总耗时: 42.994159ms
	solveConstraints() || commitToLRO() 耗时: 42.995157 ms
prove() -> solveConstraints 耗时: 48.215788ms
		deriveGammaAndBeta() || wait for LRO to be committed 耗时: 47.953183ms
		computeQuotient() || wait for solver to be done 耗时: 48.096559ms
		completeQk() || wait for solver to be done 耗时: 48.166437ms
prove() -> completeQk 耗时: 48.265029ms
prove() -> deriveGammaAndBeta 耗时: 48.323813ms
		buildRatioCopyConstraint() || wait for gamma and beta to be derived 耗时: 48.282619ms
		buildRatioCopyConstraint() || iop.BuildRatioCopyConstraint 耗时: 0.179316ms
		commitOnGPUOrCPU() || GPU 开始 commitLagrange 不使用预计算
			commitToPolyAndBlinding() -> commit to p 耗时: 4.985540ms
			commitToPolyAndBlinding() -> commit to b 耗时: 8.881770ms
			commitToPolyAndBlinding() -> commit_p + commit_b 耗时: 0.003359ms
		buildRatioCopyConstraint() || commitToPolyAndBlinding(s.x[id_Z], s.bp[id_Bz]) 耗时: 13.881433ms
prove() -> buildRatioCopyConstraint 耗时: 62.349561ms
		computeQuotient() || wait for Z to be committed 耗时: 14.228589ms
	computeQuotient() || prepare to compute & derive alpha): 62.425807 ms
	computeQuotient() || computeNumerator() 耗时: 7.138230 ms
		divideByZH() || parallelize divide 耗时: 0.044032 ms
		divideByZH() || ToCanonical 耗时: 0.281399 ms
	computeQuotient() || divideByZH() 耗时: 0.333798 ms
		commitOnGPUOrCPU() || GPU 开始 commitMonomial 不使用预计算
		commitOnGPUOrCPU() || GPU 开始 commitMonomial 不使用预计算
		commitOnGPUOrCPU() || GPU 开始 commitMonomial 不使用预计算
		commitToQuotient() || commit h1 耗时: 11.403487 ms
		commitToQuotient() || commit h2 耗时: 11.408681 ms
		commitToQuotient() || commit h3 耗时: 16.750495 ms
		commitToQuotient() || 总耗时: 16.758076 ms
	computeQuotient() || commitToQuotient() 耗时: 16.759680 ms
	computeQuotient() || deriveZeta() & clean up 耗时: 0.662855 ms
prove() -> computeQuotient 耗时: 87.338648ms
		openZ() || wait for H to be committed and zeta to be derived 耗时: 87.324989ms
		computeLinearizedPolynomial() || wait for H to be committed and zeta to be derived 耗时: 87.312541ms
		openZ() || getBlindedCoefficients 耗时: 0.005493ms
		openZ() || Open 耗时: 5.396188ms
prove() -> openZ 耗时: 92.737979ms
		computeLinearizedPolynomial() || innerComputeLinearizedPoly 耗时: 5.686841ms
		commitOnGPUOrCPU() || GPU 开始 commitMonomial 不使用预计算
		computeLinearizedPolynomial() || kzg.Commit 耗时: 5.578182 ms
prove() -> computeLinearizedPolynomial 耗时: 98.614880ms
		batchOpening() || wait for linearizedPolynomial 耗时: 98.762207ms
		batchOpening() || prepare polysToOpen and digestsToOpen 耗时: 0.005312ms
		commitOnGPUOrCPU() || GPU 开始 commitMonomial 不使用预计算
		BatchOpenSinglePoint  ||  commitOnGPUOrCPU() 耗时: 5.686369 ms
		batchOpening() || BatchOpenSinglePoint 耗时: 7.248448ms
prove() -> batchOpening 耗时: 106.041312ms
prove() -> prove() 总耗时: 106.269461ms
prove inner 耗时: 1218.603524 ms
verify inner 耗时: 8.997147 ms
assemble Poseidon2-FS inputs 耗时: 3.175172 ms
compile outer(frontend.Compile) 耗时: 2654.440466 ms
[outer] nbConstraints=6312225 nbPublic=4 nbSecret=168
solve outer 耗时: 1599.175677ms
outer circuit solved
compile outer(pkOuter.Compile) 耗时: 14519.580229 ms
[INFO] ICICLE backend loaded from $ICICLE_BACKEND_INSTALL_DIR=/home/jade/.local/icicle/lib/backend
prove() -> icicle device setup 耗时: 871.879660ms
prove() -> initBlindingPolynomials 耗时: 0.012999ms
		commitOnGPUOrCPU() || GPU 开始 commitLagrange 预计算

=============================================== OnDeviceCommitWithPrecompute() start ================================================

========= cfg config info ==========
N: 8388608
StreamHandle: <nil>
PrecomputeFactor: 3
C: 0
Bitsize: 0
BatchSize: 1
ArePointsSharedInBatch: true
AreScalarsMontgomeryForm: true
AreBasesMontgomeryForm: false
IsAsync: false
Ext: <nil>
========= cfg config info ==========

		[OnDeviceCommitWithPrecompute: Before HostSliceFromElements] GPU memory: used=7987 MiB / total=24081 MiB (33.2%)
		[OnDeviceCommitWithPrecompute: Before HostSliceFromElements] CPU memory: allocated=6958 MiB, total_allocated=40438 MiB, sys=10946 MiB
		[OnDeviceCommitWithPrecompute: After HostSliceFromElements] GPU memory: used=7987 MiB / total=24081 MiB (33.2%)
		[OnDeviceCommitWithPrecompute: After HostSliceFromElements] CPU memory: allocated=6958 MiB, total_allocated=40438 MiB, sys=10946 MiB
		[OnDeviceCommitWithPrecompute: Before CopyToDevice] GPU memory: used=7987 MiB / total=24081 MiB (33.2%)
		[OnDeviceCommitWithPrecompute: Before CopyToDevice] CPU memory: allocated=6958 MiB, total_allocated=40438 MiB, sys=10946 MiB
		[OnDeviceCommitWithPrecompute: After CopyToDevice] GPU memory: used=8243 MiB / total=24081 MiB (34.2%)
		[OnDeviceCommitWithPrecompute: After CopyToDevice] CPU memory: allocated=6958 MiB, total_allocated=40438 MiB, sys=10946 MiB
	OnDeviceCommitWithPrecompute() || CopyToDevice 耗时: 41.210508 ms
	OnDeviceCommitWithPrecompute() || icicle_msm.Msm() 耗时: 80.525149 ms
=============================================== OnDeviceCommitWithPrecompute() end ================================================

	solveConstraints() || s.spr.Solve() (L, R, O) 耗时: 1540.730338 ms
	solveConstraints() || sets x[id_L], x[id_R], x[id_O] 耗时: 0.007490 ms
		commitOnGPUOrCPU() || GPU 开始 commitLagrange 预计算

=============================================== OnDeviceCommitWithPrecompute() start ================================================

========= cfg config info ==========
N: 8388608
StreamHandle: <nil>
PrecomputeFactor: 3
C: 0
Bitsize: 0
BatchSize: 1
ArePointsSharedInBatch: false
AreScalarsMontgomeryForm: true
AreBasesMontgomeryForm: false
IsAsync: false
Ext: <nil>
========= cfg config info ==========

		[OnDeviceCommitWithPrecompute: Before HostSliceFromElements] GPU memory: used=7987 MiB / total=24081 MiB (33.2%)
		[OnDeviceCommitWithPrecompute: Before HostSliceFromElements] CPU memory: allocated=7758 MiB, total_allocated=41238 MiB, sys=10946 MiB
		[OnDeviceCommitWithPrecompute: After HostSliceFromElements] GPU memory: used=7987 MiB / total=24081 MiB (33.2%)
		[OnDeviceCommitWithPrecompute: After HostSliceFromElements] CPU memory: allocated=7758 MiB, total_allocated=41238 MiB, sys=10946 MiB
		[OnDeviceCommitWithPrecompute: Before CopyToDevice] GPU memory: used=7987 MiB / total=24081 MiB (33.2%)
		[OnDeviceCommitWithPrecompute: Before CopyToDevice] CPU memory: allocated=7758 MiB, total_allocated=41238 MiB, sys=10946 MiB
		[OnDeviceCommitWithPrecompute: After CopyToDevice] GPU memory: used=8243 MiB / total=24081 MiB (34.2%)
		[OnDeviceCommitWithPrecompute: After CopyToDevice] CPU memory: allocated=7758 MiB, total_allocated=41238 MiB, sys=10946 MiB
	OnDeviceCommitWithPrecompute() || CopyToDevice 耗时: 41.442150 ms
	OnDeviceCommitWithPrecompute() || icicle_msm.Msm() 耗时: 89.942934 ms
=============================================== OnDeviceCommitWithPrecompute() end ================================================

			commitToPolyAndBlinding() -> commit to p 耗时: 132.190407ms
			commitToPolyAndBlinding() -> commit to b 耗时: 8.361115ms
			commitToPolyAndBlinding() -> commit_p + commit_b 耗时: 0.003209ms
		commitToLRO() || commitToPolyAndBlinding(s.x[id_L], s.bp[id_Bl]) LRO[0] 耗时: 140.559576ms
		commitOnGPUOrCPU() || GPU 开始 commitLagrange 预计算

=============================================== OnDeviceCommitWithPrecompute() start ================================================

========= cfg config info ==========
N: 8388608
StreamHandle: <nil>
PrecomputeFactor: 3
C: 0
Bitsize: 0
BatchSize: 1
ArePointsSharedInBatch: false
AreScalarsMontgomeryForm: true
AreBasesMontgomeryForm: false
IsAsync: false
Ext: <nil>
========= cfg config info ==========

		[OnDeviceCommitWithPrecompute: Before HostSliceFromElements] GPU memory: used=7987 MiB / total=24081 MiB (33.2%)
		[OnDeviceCommitWithPrecompute: Before HostSliceFromElements] CPU memory: allocated=7758 MiB, total_allocated=41238 MiB, sys=10946 MiB
		[OnDeviceCommitWithPrecompute: After HostSliceFromElements] GPU memory: used=7987 MiB / total=24081 MiB (33.2%)
		[OnDeviceCommitWithPrecompute: After HostSliceFromElements] CPU memory: allocated=7758 MiB, total_allocated=41238 MiB, sys=10946 MiB
		[OnDeviceCommitWithPrecompute: Before CopyToDevice] GPU memory: used=7987 MiB / total=24081 MiB (33.2%)
		[OnDeviceCommitWithPrecompute: Before CopyToDevice] CPU memory: allocated=7758 MiB, total_allocated=41238 MiB, sys=10946 MiB
		[OnDeviceCommitWithPrecompute: After CopyToDevice] GPU memory: used=8243 MiB / total=24081 MiB (34.2%)
		[OnDeviceCommitWithPrecompute: After CopyToDevice] CPU memory: allocated=7758 MiB, total_allocated=41238 MiB, sys=10946 MiB
	OnDeviceCommitWithPrecompute() || CopyToDevice 耗时: 41.201476 ms
	OnDeviceCommitWithPrecompute() || icicle_msm.Msm() 耗时: 93.867739 ms
=============================================== OnDeviceCommitWithPrecompute() end ================================================

			commitToPolyAndBlinding() -> commit to p 耗时: 135.829097ms
			commitToPolyAndBlinding() -> commit to b 耗时: 8.394903ms
			commitToPolyAndBlinding() -> commit_p + commit_b 耗时: 0.003294ms
		commitToLRO() || commitToPolyAndBlinding(s.x[id_R], s.bp[id_Br]) LRO[1] 耗时: 144.231955ms
		commitOnGPUOrCPU() || GPU 开始 commitLagrange 预计算

=============================================== OnDeviceCommitWithPrecompute() start ================================================

========= cfg config info ==========
N: 8388608
StreamHandle: <nil>
PrecomputeFactor: 3
C: 0
Bitsize: 0
BatchSize: 1
ArePointsSharedInBatch: false
AreScalarsMontgomeryForm: true
AreBasesMontgomeryForm: false
IsAsync: false
Ext: <nil>
========= cfg config info ==========

		[OnDeviceCommitWithPrecompute: Before HostSliceFromElements] GPU memory: used=7987 MiB / total=24081 MiB (33.2%)
		[OnDeviceCommitWithPrecompute: Before HostSliceFromElements] CPU memory: allocated=7758 MiB, total_allocated=41238 MiB, sys=10946 MiB
		[OnDeviceCommitWithPrecompute: After HostSliceFromElements] GPU memory: used=7987 MiB / total=24081 MiB (33.2%)
		[OnDeviceCommitWithPrecompute: After HostSliceFromElements] CPU memory: allocated=7758 MiB, total_allocated=41238 MiB, sys=10946 MiB
		[OnDeviceCommitWithPrecompute: Before CopyToDevice] GPU memory: used=7987 MiB / total=24081 MiB (33.2%)
		[OnDeviceCommitWithPrecompute: Before CopyToDevice] CPU memory: allocated=7758 MiB, total_allocated=41238 MiB, sys=10946 MiB
		[OnDeviceCommitWithPrecompute: After CopyToDevice] GPU memory: used=8243 MiB / total=24081 MiB (34.2%)
		[OnDeviceCommitWithPrecompute: After CopyToDevice] CPU memory: allocated=7758 MiB, total_allocated=41238 MiB, sys=10946 MiB
	OnDeviceCommitWithPrecompute() || CopyToDevice 耗时: 41.059812 ms
	OnDeviceCommitWithPrecompute() || icicle_msm.Msm() 耗时: 89.574578 ms
=============================================== OnDeviceCommitWithPrecompute() end ================================================

			commitToPolyAndBlinding() -> commit to p 耗时: 131.518575ms
			commitToPolyAndBlinding() -> commit to b 耗时: 8.391729ms
			commitToPolyAndBlinding() -> commit_p + commit_b 耗时: 0.003418ms
		commitToLRO() || commitToPolyAndBlinding(s.x[id_O], s.bp[id_Bo]) LRO[2] 耗时: 139.918092ms
		commitToLRO() || 总耗时: 424.711632ms
	solveConstraints() || commitToLRO() 耗时: 424.713435 ms
prove() -> solveConstraints 耗时: 1965.469316ms
		deriveGammaAndBeta() || wait for LRO to be committed 耗时: 1963.986172ms
		completeQk() || wait for solver to be done 耗时: 1879.620924ms
prove() -> completeQk 耗时: 1965.509166ms
		computeQuotient() || wait for solver to be done 耗时: 1901.612186ms
prove() -> deriveGammaAndBeta 耗时: 1965.465409ms
		buildRatioCopyConstraint() || wait for gamma and beta to be derived 耗时: 1965.632748ms
		buildRatioCopyConstraint() || iop.BuildRatioCopyConstraint 耗时: 711.336793ms
		commitOnGPUOrCPU() || GPU 开始 commitLagrange 预计算

=============================================== OnDeviceCommitWithPrecompute() start ================================================

========= cfg config info ==========
N: 8388608
StreamHandle: <nil>
PrecomputeFactor: 3
C: 0
Bitsize: 0
BatchSize: 1
ArePointsSharedInBatch: false
AreScalarsMontgomeryForm: true
AreBasesMontgomeryForm: false
IsAsync: false
Ext: <nil>
========= cfg config info ==========

		[OnDeviceCommitWithPrecompute: Before HostSliceFromElements] GPU memory: used=7987 MiB / total=24081 MiB (33.2%)
		[OnDeviceCommitWithPrecompute: Before HostSliceFromElements] CPU memory: allocated=9295 MiB, total_allocated=42775 MiB, sys=10946 MiB
		[OnDeviceCommitWithPrecompute: After HostSliceFromElements] GPU memory: used=7987 MiB / total=24081 MiB (33.2%)
		[OnDeviceCommitWithPrecompute: After HostSliceFromElements] CPU memory: allocated=9295 MiB, total_allocated=42775 MiB, sys=10946 MiB
		[OnDeviceCommitWithPrecompute: Before CopyToDevice] GPU memory: used=7987 MiB / total=24081 MiB (33.2%)
		[OnDeviceCommitWithPrecompute: Before CopyToDevice] CPU memory: allocated=9295 MiB, total_allocated=42775 MiB, sys=10946 MiB
		[OnDeviceCommitWithPrecompute: After CopyToDevice] GPU memory: used=8243 MiB / total=24081 MiB (34.2%)
		[OnDeviceCommitWithPrecompute: After CopyToDevice] CPU memory: allocated=9295 MiB, total_allocated=42775 MiB, sys=10946 MiB
	OnDeviceCommitWithPrecompute() || CopyToDevice 耗时: 41.476496 ms
	OnDeviceCommitWithPrecompute() || icicle_msm.Msm() 耗时: 117.433174 ms
=============================================== OnDeviceCommitWithPrecompute() end ================================================

			commitToPolyAndBlinding() -> commit to p 耗时: 159.818553ms
			commitToPolyAndBlinding() -> commit to b 耗时: 8.353228ms
			commitToPolyAndBlinding() -> commit_p + commit_b 耗时: 0.003380ms
		buildRatioCopyConstraint() || commitToPolyAndBlinding(s.x[id_Z], s.bp[id_Bz]) 耗时: 168.188073ms
prove() -> buildRatioCopyConstraint 耗时: 2845.182281ms
		computeQuotient() || wait for Z to be committed 耗时: 879.667323ms
	computeQuotient() || prepare to compute & derive alpha): 2859.086662 ms
	computeQuotient() || computeNumerator() 耗时: 7225.664813 ms
		divideByZH() || parallelize divide 耗时: 40.269002 ms
		divideByZH() || ToCanonical 耗时: 739.119230 ms
	computeQuotient() || divideByZH() 耗时: 779.436079 ms
		commitOnGPUOrCPU() || GPU 开始 commitMonomial 预计算, neededPrecompLen: 25165830

=============================================== OnDeviceCommitWithPrecompute() start ================================================

========= cfg config info ==========
N: 8388610
		commitOnGPUOrCPU() || GPU 开始 commitMonomial 预计算, neededPrecompLen: 25165830

=============================================== OnDeviceCommitWithPrecompute() start ================================================

========= cfg config info ==========
N: 8388610
StreamHandle: <nil>
PrecomputeFactor: 3
C: 0
Bitsize: 0
BatchSize: 1
ArePointsSharedInBatch: true
AreScalarsMontgomeryForm: true
AreBasesMontgomeryForm: false
IsAsync: false
Ext: <nil>
========= cfg config info ==========

		commitOnGPUOrCPU() || GPU 开始 commitMonomial 预计算, neededPrecompLen: 25165830

=============================================== OnDeviceCommitWithPrecompute() start ================================================

========= cfg config info ==========
N: 8388610
StreamHandle: <nil>
PrecomputeFactor: 3
C: 0
Bitsize: 0
BatchSize: 1
ArePointsSharedInBatch: true
AreScalarsMontgomeryForm: true
AreBasesMontgomeryForm: false
IsAsync: false
Ext: <nil>
========= cfg config info ==========

		[OnDeviceCommitWithPrecompute: Before HostSliceFromElements] GPU memory: used=12083 MiB / total=24081 MiB (50.2%)
		[OnDeviceCommitWithPrecompute: Before HostSliceFromElements] CPU memory: allocated=11984 MiB, total_allocated=45464 MiB, sys=12227 MiB
		[OnDeviceCommitWithPrecompute: After HostSliceFromElements] GPU memory: used=12083 MiB / total=24081 MiB (50.2%)
		[OnDeviceCommitWithPrecompute: After HostSliceFromElements] CPU memory: allocated=11984 MiB, total_allocated=45464 MiB, sys=12227 MiB
		[OnDeviceCommitWithPrecompute: Before CopyToDevice] GPU memory: used=12083 MiB / total=24081 MiB (50.2%)
		[OnDeviceCommitWithPrecompute: Before CopyToDevice] CPU memory: allocated=11984 MiB, total_allocated=45464 MiB, sys=12227 MiB
StreamHandle: <nil>
PrecomputeFactor: 3
C: 0
Bitsize: 0
BatchSize: 1
ArePointsSharedInBatch: true
AreScalarsMontgomeryForm: true
AreBasesMontgomeryForm: false
IsAsync: false
Ext: <nil>
========= cfg config info ==========

		[OnDeviceCommitWithPrecompute: Before HostSliceFromElements] GPU memory: used=12083 MiB / total=24081 MiB (50.2%)
		[OnDeviceCommitWithPrecompute: Before HostSliceFromElements] GPU memory: used=12083 MiB / total=24081 MiB (50.2%)
		[OnDeviceCommitWithPrecompute: Before HostSliceFromElements] CPU memory: allocated=11984 MiB, total_allocated=45464 MiB, sys=12227 MiB
		[OnDeviceCommitWithPrecompute: After HostSliceFromElements] GPU memory: used=12083 MiB / total=24081 MiB (50.2%)
		[OnDeviceCommitWithPrecompute: Before HostSliceFromElements] CPU memory: allocated=11984 MiB, total_allocated=45464 MiB, sys=12227 MiB
		[OnDeviceCommitWithPrecompute: After HostSliceFromElements] GPU memory: used=12083 MiB / total=24081 MiB (50.2%)
		[OnDeviceCommitWithPrecompute: After HostSliceFromElements] CPU memory: allocated=11984 MiB, total_allocated=45464 MiB, sys=12227 MiB
		[OnDeviceCommitWithPrecompute: Before CopyToDevice] GPU memory: used=12083 MiB / total=24081 MiB (50.2%)
		[OnDeviceCommitWithPrecompute: Before CopyToDevice] CPU memory: allocated=11984 MiB, total_allocated=45464 MiB, sys=12227 MiB
		[OnDeviceCommitWithPrecompute: After HostSliceFromElements] CPU memory: allocated=11984 MiB, total_allocated=45464 MiB, sys=12227 MiB
		[OnDeviceCommitWithPrecompute: Before CopyToDevice] GPU memory: used=12083 MiB / total=24081 MiB (50.2%)
		[OnDeviceCommitWithPrecompute: Before CopyToDevice] CPU memory: allocated=11984 MiB, total_allocated=45464 MiB, sys=12227 MiB
		[OnDeviceCommitWithPrecompute: After CopyToDevice] GPU memory: used=12341 MiB / total=24081 MiB (51.2%)
		[OnDeviceCommitWithPrecompute: After CopyToDevice] CPU memory: allocated=11984 MiB, total_allocated=45464 MiB, sys=12227 MiB
	OnDeviceCommitWithPrecompute() || CopyToDevice 耗时: 57.132849 ms
		[OnDeviceCommitWithPrecompute: After CopyToDevice] GPU memory: used=12599 MiB / total=24081 MiB (52.3%)
		[OnDeviceCommitWithPrecompute: After CopyToDevice] CPU memory: allocated=11984 MiB, total_allocated=45464 MiB, sys=12227 MiB
	OnDeviceCommitWithPrecompute() || CopyToDevice 耗时: 99.230809 ms
		[OnDeviceCommitWithPrecompute: After CopyToDevice] GPU memory: used=13977 MiB / total=24081 MiB (58.0%)
		[OnDeviceCommitWithPrecompute: After CopyToDevice] CPU memory: allocated=11984 MiB, total_allocated=45464 MiB, sys=12227 MiB
	OnDeviceCommitWithPrecompute() || CopyToDevice 耗时: 140.695150 ms
!!!Unrecoverable!!! : an illegal memory access was encountered : detected by: cudaStreamSynchronize(cuda_stream) at: /home/jade/yola/build-icicle/icicle/backend/cuda/include/cuda_mont.cuh:50
The error is reported there and may be caused by prior calls.

!!!Unrecoverable!!! : an illegal memory access was encountered : detected by: cudaEventRecord(event_finished_reduction, stream_reduction) at: /home/jade/yola/build-icicle/icicle/backend/cuda/src/msm/cuda_msm.cuh:906
The error is reported there and may be caused by prior calls.

!!!Unrecoverable!!! : an illegal memory access was encountered : detected by: cudaMemcpyAsync( final_result, d_allocated_final_result, sizeof(P) * batch_size, cudaMemcpyDeviceToHost, stream) at: /home/jade/yola/build-icicle/icicle/backend/cuda/src/msm/cuda_msm.cuh:1094
The error is reported there and may be caused by prior calls.

terminate called after throwing an instance of 'terminate called recursively
IcicleError'
terminate called recursively
  what():  CUDA Error: an illegal memory access was encountered !!!Unrecoverable!!! : an illegal memory access was encountered : detected by: cudaStreamSynchronize(cuda_stream) at: /home/jade/yola/build-icicle/icicle/backend/cuda/include/cuda_mont.cuh:50
The error is reported there and may be caused by prior calls.

!!!Unrecoverable!!! : an illegal memory access was encountered : detected by: cudaEventRecord(event_finished_reduction, stream_reduction) at: /home/jade/yola/build-icicle/icicle/backend/cuda/src/msm/cuda_msm.cuh:906
The error is reported there and may be caused by prior calls.

terminate called recursively
SIGABRT: abort
PC=0x750c1a09eb2c m=28 sigcode=18446744073709551610
signal arrived during cgo execution

goroutine 4898 gp=0xc000aaafc0 m=28 mp=0xc06070a008 [syscall, locked to thread]:
runtime.cgocall(0xc5d830, 0xc01c341940)
	/home/jade/.local/go/src/runtime/cgocall.go:167 +0x4b fp=0xc01c341918 sp=0xc01c3418e0 pc=0x470e8b
github.com/ingonyama-zk/icicle-gnark/v3/wrappers/golang/curves/bls12381/msm._Cfunc_bls12_381_msm(0x7507f8000000, 0x750922000000, 0x800002, 0xc00018e428, 0xc00df38ab0)
	_cgo_gotypes.go:66 +0x46 fp=0xc01c341940 sp=0xc01c341918 pc=0xb8d8c6
github.com/ingonyama-zk/icicle-gnark/v3/wrappers/golang/curves/bls12381/msm.Msm.func1(...)
	/home/jade/go/pkg/mod/github.com/ingonyama-zk/icicle-gnark/v3@v3.2.2/wrappers/golang/curves/bls12381/msm/msm.go:27
github.com/ingonyama-zk/icicle-gnark/v3/wrappers/golang/curves/bls12381/msm.Msm({0xf06888?, 0xc00ce570b0?}, {0xf06888?, 0xc00ce570c8?}, 0xc00018e428, {0xf06b10?, 0xc00ce570e0?})
	/home/jade/go/pkg/mod/github.com/ingonyama-zk/icicle-gnark/v3@v3.2.2/wrappers/golang/curves/bls12381/msm/msm.go:27 +0x116 fp=0xc01c3419c8 sp=0xc01c341940 pc=0xb8dc56
github.com/eon-protocol/eonark/gpu/bls12381.OnDeviceCommitWithPrecompute({0xc2a8436000, 0x800002, 0x2000000}, {0x750922000000, 0x90000240, 0x1800006}, 0xc00018e428)
	/home/jade/jade/eonark-gpu/gpu/bls12381/bls12381_gpu.go:116 +0x89c fp=0xc01c341d88 sp=0xc01c3419c8 pc=0xb8fcbc
github.com/eon-protocol/eonark/gpu.commitOnGPUOrCPU.func1({0xc00018e248?, 0x2186f09fb334c61?, 0x1?})
	/home/jade/jade/eonark-gpu/gpu/patch_gpu.go:2612 +0x2f0 fp=0xc01c341f68 sp=0xc01c341d88 pc=0xbaa090
github.com/ingonyama-zk/icicle-gnark/v3/wrappers/golang/runtime.RunOnDevice.func1(0xc00018e248)
	/home/jade/go/pkg/mod/github.com/ingonyama-zk/icicle-gnark/v3@v3.2.2/wrappers/golang/runtime/runtime.go:99 +0x90 fp=0xc01c341fc8 sp=0xc01c341f68 pc=0xa6eb70
github.com/ingonyama-zk/icicle-gnark/v3/wrappers/golang/runtime.RunOnDevice.gowrap1()
	/home/jade/go/pkg/mod/github.com/ingonyama-zk/icicle-gnark/v3@v3.2.2/wrappers/golang/runtime/runtime.go:101 +0x24 fp=0xc01c341fe0 sp=0xc01c341fc8 pc=0xa6eaa4
runtime.goexit({})
	/home/jade/.local/go/src/runtime/asm_amd64.s:1700 +0x1 fp=0xc01c341fe8 sp=0xc01c341fe0 pc=0x47b241
created by github.com/ingonyama-zk/icicle-gnark/v3/wrappers/golang/runtime.RunOnDevice in goroutine 3713
	/home/jade/go/pkg/mod/github.com/ingonyama-zk/icicle-gnark/v3@v3.2.2/wrappers/golang/runtime/runtime.go:94 +0xd9

goroutine 1 gp=0xc000002380 m=nil [sync.WaitGroup.Wait]:
runtime.gopark(0xc000a30cc8?, 0x418cd4?, 0x60?, 0xa0?, 0x0?)
	/home/jade/.local/go/src/runtime/proc.go:435 +0xce fp=0xc000908c68 sp=0xc000908c48 pc=0x473d0e
runtime.goparkunlock(...)
	/home/jade/.local/go/src/runtime/proc.go:441
runtime.semacquire1(0xc0004e63d0, 0x0, 0x1, 0x0, 0x18)
	/home/jade/.local/go/src/runtime/sema.go:188 +0x21d fp=0xc000908cd0 sp=0xc000908c68 pc=0x454efd
sync.runtime_SemacquireWaitGroup(0xc000010210?)
	/home/jade/.local/go/src/runtime/sema.go:110 +0x25 fp=0xc000908d08 sp=0xc000908cd0 pc=0x475105
sync.(*WaitGroup).Wait(0xd09500?)
	/home/jade/.local/go/src/sync/waitgroup.go:118 +0x48 fp=0xc000908d30 sp=0xc000908d08 pc=0x4904e8
golang.org/x/sync/errgroup.(*Group).Wait(0xc0004e63c0)
	/home/jade/go/pkg/mod/golang.org/x/sync@v0.15.0/errgroup/errgroup.go:65 +0x1e fp=0xc000908d50 sp=0xc000908d30 pc=0x58313e
github.com/eon-protocol/eonark/gpu.prove(0xc00018a970, 0xc000372800, {0xf08100, 0xc000412060}, {0xc0016c3220, 0x2, 0x2})
	/home/jade/jade/eonark-gpu/gpu/patch_gpu.go:388 +0xbb9 fp=0xc000909088 sp=0xc000908d50 pc=0xb960d9
github.com/eon-protocol/eonark/gpu.Prove(...)
	/home/jade/jade/eonark-gpu/gpu/gpu_entry.go:15
github.com/eon-protocol/eonark.Prove(0xc00018a970, 0xc0003726c0, {0xf08100, 0xc000412060}, {0xc001879220, 0x2, 0x2})
	/home/jade/jade/eonark-gpu/gpu_router.go:24 +0x1cb fp=0xc0009091d0 sp=0xc000909088 pc=0xbb30ab
github.com/eon-protocol/eonark.(*Pk).Prove(0xc00018a608, {0xefe900?, 0xc000199308?})
	/home/jade/jade/eonark-gpu/pk.go:83 +0xea fp=0xc000909248 sp=0xc0009091d0 pc=0xbc752a
main.main()
	/home/jade/jade/eonark-gpu/examples/mimchasher/main.go:287 +0x2b6c fp=0xc00090bf50 sp=0xc000909248 pc=0xbcedac
runtime.main()
	/home/jade/.local/go/src/runtime/proc.go:283 +0x28b fp=0xc00090bfe0 sp=0xc00090bf50 pc=0x441a4b
runtime.goexit({})
	/home/jade/.local/go/src/runtime/asm_amd64.s:1700 +0x1 fp=0xc00090bfe8 sp=0xc00090bfe0 pc=0x47b241

goroutine 2 gp=0xc000002e00 m=nil [force gc (idle)]:
runtime.gopark(0x0?, 0x0?, 0x0?, 0x0?, 0x0?)
	/home/jade/.local/go/src/runtime/proc.go:435 +0xce fp=0xc0000a8fa8 sp=0xc0000a8f88 pc=0x473d0e
runtime.goparkunlock(...)
	/home/jade/.local/go/src/runtime/proc.go:441
runtime.forcegchelper()
	/home/jade/.local/go/src/runtime/proc.go:348 +0xb3 fp=0xc0000a8fe0 sp=0xc0000a8fa8 pc=0x441d93
runtime.goexit({})
	/home/jade/.local/go/src/runtime/asm_amd64.s:1700 +0x1 fp=0xc0000a8fe8 sp=0xc0000a8fe0 pc=0x47b241
created by runtime.init.7 in goroutine 1
	/home/jade/.local/go/src/runtime/proc.go:336 +0x1a

goroutine 3 gp=0xc000003340 m=nil [GC sweep wait]:
runtime.gopark(0x1?, 0x0?, 0x0?, 0x0?, 0x0?)
	/home/jade/.local/go/src/runtime/proc.go:435 +0xce fp=0xc0000a9780 sp=0xc0000a9760 pc=0x473d0e
runtime.goparkunlock(...)
	/home/jade/.local/go/src/runtime/proc.go:441
runtime.bgsweep(0xc000036080)
	/home/jade/.local/go/src/runtime/mgcsweep.go:316 +0xdf fp=0xc0000a97c8 sp=0xc0000a9780 pc=0x42bb7f
runtime.gcenable.gowrap1()
	/home/jade/.local/go/src/runtime/mgc.go:204 +0x25 fp=0xc0000a97e0 sp=0xc0000a97c8 pc=0x420205
runtime.goexit({})
	/home/jade/.local/go/src/runtime/asm_amd64.s:1700 +0x1 fp=0xc0000a97e8 sp=0xc0000a97e0 pc=0x47b241
created by runtime.gcenable in goroutine 1
	/home/jade/.local/go/src/runtime/mgc.go:204 +0x66

goroutine 4 gp=0xc000003500 m=nil [GC scavenge wait]:
runtime.gopark(0x10000?, 0x1df049?, 0x0?, 0x0?, 0x0?)
	/home/jade/.local/go/src/runtime/proc.go:435 +0xce fp=0xc0000a9f78 sp=0xc0000a9f58 pc=0x473d0e
runtime.goparkunlock(...)
	/home/jade/.local/go/src/runtime/proc.go:441
runtime.(*scavengerState).park(0x1403d00)
	/home/jade/.local/go/src/runtime/mgcscavenge.go:425 +0x49 fp=0xc0000a9fa8 sp=0xc0000a9f78 pc=0x4295e9
runtime.bgscavenge(0xc000036080)
	/home/jade/.local/go/src/runtime/mgcscavenge.go:658 +0x59 fp=0xc0000a9fc8 sp=0xc0000a9fa8 pc=0x429b79
runtime.gcenable.gowrap2()
	/home/jade/.local/go/src/runtime/mgc.go:205 +0x25 fp=0xc0000a9fe0 sp=0xc0000a9fc8 pc=0x4201a5
runtime.goexit({})
	/home/jade/.local/go/src/runtime/asm_amd64.s:1700 +0x1 fp=0xc0000a9fe8 sp=0xc0000a9fe0 pc=0x47b241
created by runtime.gcenable in goroutine 1
	/home/jade/.local/go/src/runtime/mgc.go:205 +0xa5

goroutine 5 gp=0xc000003dc0 m=nil [finalizer wait]:
runtime.gopark(0x1b8?, 0xc000002380?, 0x1?, 0x23?, 0xc0000a8688?)
	/home/jade/.local/go/src/runtime/proc.go:435 +0xce fp=0xc0000a8630 sp=0xc0000a8610 pc=0x473d0e
runtime.runfinq()
	/home/jade/.local/go/src/runtime/mfinal.go:196 +0x107 fp=0xc0000a87e0 sp=0xc0000a8630 pc=0x41f1c7
runtime.goexit({})
	/home/jade/.local/go/src/runtime/asm_amd64.s:1700 +0x1 fp=0xc0000a87e8 sp=0xc0000a87e0 pc=0x47b241
created by runtime.createfing in goroutine 1
	/home/jade/.local/go/src/runtime/mfinal.go:166 +0x3d

goroutine 6 gp=0xc0001b8380 m=nil [chan receive]:
runtime.gopark(0xc0001e2be0?, 0xc0001ba018?, 0x60?, 0xa7?, 0x5b7588?)
	/home/jade/.local/go/src/runtime/proc.go:435 +0xce fp=0xc0000aa718 sp=0xc0000aa6f8 pc=0x473d0e
runtime.chanrecv(0xc00002fab0, 0x0, 0x1)
	/home/jade/.local/go/src/runtime/chan.go:664 +0x445 fp=0xc0000aa790 sp=0xc0000aa718 pc=0x411985
runtime.chanrecv1(0x0?, 0x0?)
	/home/jade/.local/go/src/runtime/chan.go:506 +0x12 fp=0xc0000aa7b8 sp=0xc0000aa790 pc=0x411512
runtime.unique_runtime_registerUniqueMapCleanup.func2(...)
	/home/jade/.local/go/src/runtime/mgc.go:1797
runtime.unique_runtime_registerUniqueMapCleanup.gowrap1()
	/home/jade/.local/go/src/runtime/mgc.go:1800 +0x2f fp=0xc0000aa7e0 sp=0xc0000aa7b8 pc=0x42314f
runtime.goexit({})
	/home/jade/.local/go/src/runtime/asm_amd64.s:1700 +0x1 fp=0xc0000aa7e8 sp=0xc0000aa7e0 pc=0x47b241
created by unique.runtime_registerUniqueMapCleanup in goroutine 1
	/home/jade/.local/go/src/runtime/mgc.go:1795 +0x79

goroutine 18 gp=0xc000102380 m=nil [GC worker (idle)]:
runtime.gopark(0x94d2311ac9fe8?, 0x3?, 0x40?, 0x3a?, 0x0?)
	/home/jade/.local/go/src/runtime/proc.go:435 +0xce fp=0xc0000a4738 sp=0xc0000a4718 pc=0x473d0e
runtime.gcBgMarkWorker(0xc000117b20)
	/home/jade/.local/go/src/runtime/mgc.go:1423 +0xe9 fp=0xc0000a47c8 sp=0xc0000a4738 pc=0x422469
runtime.gcBgMarkStartWorkers.gowrap1()
	/home/jade/.local/go/src/runtime/mgc.go:1339 +0x25 fp=0xc0000a47e0 sp=0xc0000a47c8 pc=0x422345
runtime.goexit({})
	/home/jade/.local/go/src/runtime/asm_amd64.s:1700 +0x1 fp=0xc0000a47e8 sp=0xc0000a47e0 pc=0x47b241
created by runtime.gcBgMarkStartWorkers in goroutine 1
	/home/jade/.local/go/src/runtime/mgc.go:1339 +0x105

goroutine 19 gp=0xc000102540 m=nil [GC worker (idle)]:
runtime.gopark(0x94d233ed74768?, 0x1?, 0x48?, 0x24?, 0x0?)
	/home/jade/.local/go/src/runtime/proc.go:435 +0xce fp=0xc0000a4f38 sp=0xc0000a4f18 pc=0x473d0e
runtime.gcBgMarkWorker(0xc000117b20)
	/home/jade/.local/go/src/runtime/mgc.go:1423 +0xe9 fp=0xc0000a4fc8 sp=0xc0000a4f38 pc=0x422469
runtime.gcBgMarkStartWorkers.gowrap1()
	/home/jade/.local/go/src/runtime/mgc.go:1339 +0x25 fp=0xc0000a4fe0 sp=0xc0000a4fc8 pc=0x422345
runtime.goexit({})
	/home/jade/.local/go/src/runtime/asm_amd64.s:1700 +0x1 fp=0xc0000a4fe8 sp=0xc0000a4fe0 pc=0x47b241
created by runtime.gcBgMarkStartWorkers in goroutine 1
	/home/jade/.local/go/src/runtime/mgc.go:1339 +0x105

goroutine 20 gp=0xc000102700 m=nil [GC worker (idle)]:
runtime.gopark(0x94d233eb5c731?, 0x3?, 0xa0?, 0x53?, 0x0?)
	/home/jade/.local/go/src/runtime/proc.go:435 +0xce fp=0xc0000a5738 sp=0xc0000a5718 pc=0x473d0e
runtime.gcBgMarkWorker(0xc000117b20)
	/home/jade/.local/go/src/runtime/mgc.go:1423 +0xe9 fp=0xc0000a57c8 sp=0xc0000a5738 pc=0x422469
runtime.gcBgMarkStartWorkers.gowrap1()
	/home/jade/.local/go/src/runtime/mgc.go:1339 +0x25 fp=0xc0000a57e0 sp=0xc0000a57c8 pc=0x422345
runtime.goexit({})
	/home/jade/.local/go/src/runtime/asm_amd64.s:1700 +0x1 fp=0xc0000a57e8 sp=0xc0000a57e0 pc=0x47b241
created by runtime.gcBgMarkStartWorkers in goroutine 1
	/home/jade/.local/go/src/runtime/mgc.go:1339 +0x105

goroutine 21 gp=0xc0001028c0 m=nil [GC worker (idle)]:
runtime.gopark(0x94d233ed6acf5?, 0x1?, 0x31?, 0x68?, 0x0?)
	/home/jade/.local/go/src/runtime/proc.go:435 +0xce fp=0xc0000a5f38 sp=0xc0000a5f18 pc=0x473d0e
runtime.gcBgMarkWorker(0xc000117b20)
	/home/jade/.local/go/src/runtime/mgc.go:1423 +0xe9 fp=0xc0000a5fc8 sp=0xc0000a5f38 pc=0x422469
runtime.gcBgMarkStartWorkers.gowrap1()
	/home/jade/.local/go/src/runtime/mgc.go:1339 +0x25 fp=0xc0000a5fe0 sp=0xc0000a5fc8 pc=0x422345
runtime.goexit({})
	/home/jade/.local/go/src/runtime/asm_amd64.s:1700 +0x1 fp=0xc0000a5fe8 sp=0xc0000a5fe0 pc=0x47b241
created by runtime.gcBgMarkStartWorkers in goroutine 1
	/home/jade/.local/go/src/runtime/mgc.go:1339 +0x105

goroutine 22 gp=0xc000102a80 m=nil [GC worker (idle)]:
runtime.gopark(0x142ace0?, 0x1?, 0xb?, 0x19?, 0x0?)
	/home/jade/.local/go/src/runtime/proc.go:435 +0xce fp=0xc0000a6738 sp=0xc0000a6718 pc=0x473d0e
runtime.gcBgMarkWorker(0xc000117b20)
	/home/jade/.local/go/src/runtime/mgc.go:1423 +0xe9 fp=0xc0000a67c8 sp=0xc0000a6738 pc=0x422469
runtime.gcBgMarkStartWorkers.gowrap1()
	/home/jade/.local/go/src/runtime/mgc.go:1339 +0x25 fp=0xc0000a67e0 sp=0xc0000a67c8 pc=0x422345
runtime.goexit({})
	/home/jade/.local/go/src/runtime/asm_amd64.s:1700 +0x1 fp=0xc0000a67e8 sp=0xc0000a67e0 pc=0x47b241
created by runtime.gcBgMarkStartWorkers in goroutine 1
	/home/jade/.local/go/src/runtime/mgc.go:1339 +0x105

goroutine 23 gp=0xc000102c40 m=nil [GC worker (idle)]:
runtime.gopark(0x94d233eb5b4a6?, 0x3?, 0xe1?, 0x57?, 0x0?)
	/home/jade/.local/go/src/runtime/proc.go:435 +0xce fp=0xc0000a6f38 sp=0xc0000a6f18 pc=0x473d0e
runtime.gcBgMarkWorker(0xc000117b20)
	/home/jade/.local/go/src/runtime/mgc.go:1423 +0xe9 fp=0xc0000a6fc8 sp=0xc0000a6f38 pc=0x422469
runtime.gcBgMarkStartWorkers.gowrap1()
	/home/jade/.local/go/src/runtime/mgc.go:1339 +0x25 fp=0xc0000a6fe0 sp=0xc0000a6fc8 pc=0x422345
runtime.goexit({})
	/home/jade/.local/go/src/runtime/asm_amd64.s:1700 +0x1 fp=0xc0000a6fe8 sp=0xc0000a6fe0 pc=0x47b241
created by runtime.gcBgMarkStartWorkers in goroutine 1
	/home/jade/.local/go/src/runtime/mgc.go:1339 +0x105

goroutine 24 gp=0xc000102e00 m=nil [GC worker (idle)]:
runtime.gopark(0x94d27098c8e83?, 0x1?, 0x56?, 0x5e?, 0x0?)
	/home/jade/.local/go/src/runtime/proc.go:435 +0xce fp=0xc0000a7738 sp=0xc0000a7718 pc=0x473d0e
runtime.gcBgMarkWorker(0xc000117b20)
	/home/jade/.local/go/src/runtime/mgc.go:1423 +0xe9 fp=0xc0000a77c8 sp=0xc0000a7738 pc=0x422469
runtime.gcBgMarkStartWorkers.gowrap1()
	/home/jade/.local/go/src/runtime/mgc.go:1339 +0x25 fp=0xc0000a77e0 sp=0xc0000a77c8 pc=0x422345
runtime.goexit({})
	/home/jade/.local/go/src/runtime/asm_amd64.s:1700 +0x1 fp=0xc0000a77e8 sp=0xc0000a77e0 pc=0x47b241
created by runtime.gcBgMarkStartWorkers in goroutine 1
	/home/jade/.local/go/src/runtime/mgc.go:1339 +0x105

goroutine 25 gp=0xc000102fc0 m=nil [GC worker (idle)]:
runtime.gopark(0x142ace0?, 0x3?, 0xa9?, 0x1?, 0x0?)
	/home/jade/.local/go/src/runtime/proc.go:435 +0xce fp=0xc0000a7f38 sp=0xc0000a7f18 pc=0x473d0e
runtime.gcBgMarkWorker(0xc000117b20)
	/home/jade/.local/go/src/runtime/mgc.go:1423 +0xe9 fp=0xc0000a7fc8 sp=0xc0000a7f38 pc=0x422469
runtime.gcBgMarkStartWorkers.gowrap1()
	/home/jade/.local/go/src/runtime/mgc.go:1339 +0x25 fp=0xc0000a7fe0 sp=0xc0000a7fc8 pc=0x422345
runtime.goexit({})
	/home/jade/.local/go/src/runtime/asm_amd64.s:1700 +0x1 fp=0xc0000a7fe8 sp=0xc0000a7fe0 pc=0x47b241
created by runtime.gcBgMarkStartWorkers in goroutine 1
	/home/jade/.local/go/src/runtime/mgc.go:1339 +0x105

goroutine 26 gp=0xc000103180 m=nil [GC worker (idle)]:
runtime.gopark(0x94d233ed6ac76?, 0x1?, 0x3c?, 0x95?, 0x0?)
	/home/jade/.local/go/src/runtime/proc.go:435 +0xce fp=0xc000438738 sp=0xc000438718 pc=0x473d0e
runtime.gcBgMarkWorker(0xc000117b20)
	/home/jade/.local/go/src/runtime/mgc.go:1423 +0xe9 fp=0xc0004387c8 sp=0xc000438738 pc=0x422469
runtime.gcBgMarkStartWorkers.gowrap1()
	/home/jade/.local/go/src/runtime/mgc.go:1339 +0x25 fp=0xc0004387e0 sp=0xc0004387c8 pc=0x422345
runtime.goexit({})
	/home/jade/.local/go/src/runtime/asm_amd64.s:1700 +0x1 fp=0xc0004387e8 sp=0xc0004387e0 pc=0x47b241
created by runtime.gcBgMarkStartWorkers in goroutine 1
	/home/jade/.local/go/src/runtime/mgc.go:1339 +0x105

goroutine 27 gp=0xc000103340 m=nil [GC worker (idle)]:
runtime.gopark(0x94d233eb5c8ae?, 0x3?, 0x70?, 0xbe?, 0x0?)
	/home/jade/.local/go/src/runtime/proc.go:435 +0xce fp=0xc000438f38 sp=0xc000438f18 pc=0x473d0e
runtime.gcBgMarkWorker(0xc000117b20)
	/home/jade/.local/go/src/runtime/mgc.go:1423 +0xe9 fp=0xc000438fc8 sp=0xc000438f38 pc=0x422469
runtime.gcBgMarkStartWorkers.gowrap1()
	/home/jade/.local/go/src/runtime/mgc.go:1339 +0x25 fp=0xc000438fe0 sp=0xc000438fc8 pc=0x422345
runtime.goexit({})
	/home/jade/.local/go/src/runtime/asm_amd64.s:1700 +0x1 fp=0xc000438fe8 sp=0xc000438fe0 pc=0x47b241
created by runtime.gcBgMarkStartWorkers in goroutine 1
	/home/jade/.local/go/src/runtime/mgc.go:1339 +0x105

goroutine 28 gp=0xc000103500 m=nil [GC worker (idle)]:
runtime.gopark(0x94d27098d1d15?, 0x1?, 0x2c?, 0x1a?, 0x0?)
	/home/jade/.local/go/src/runtime/proc.go:435 +0xce fp=0xc000439738 sp=0xc000439718 pc=0x473d0e
runtime.gcBgMarkWorker(0xc000117b20)
	/home/jade/.local/go/src/runtime/mgc.go:1423 +0xe9 fp=0xc0004397c8 sp=0xc000439738 pc=0x422469
runtime.gcBgMarkStartWorkers.gowrap1()
	/home/jade/.local/go/src/runtime/mgc.go:1339 +0x25 fp=0xc0004397e0 sp=0xc0004397c8 pc=0x422345
runtime.goexit({})
	/home/jade/.local/go/src/runtime/asm_amd64.s:1700 +0x1 fp=0xc0004397e8 sp=0xc0004397e0 pc=0x47b241
created by runtime.gcBgMarkStartWorkers in goroutine 1
	/home/jade/.local/go/src/runtime/mgc.go:1339 +0x105

goroutine 29 gp=0xc0001036c0 m=nil [GC worker (idle)]:
runtime.gopark(0x94d233eb5d8f1?, 0x1?, 0x9f?, 0xfe?, 0x0?)
	/home/jade/.local/go/src/runtime/proc.go:435 +0xce fp=0xc000439f38 sp=0xc000439f18 pc=0x473d0e
runtime.gcBgMarkWorker(0xc000117b20)
	/home/jade/.local/go/src/runtime/mgc.go:1423 +0xe9 fp=0xc000439fc8 sp=0xc000439f38 pc=0x422469
runtime.gcBgMarkStartWorkers.gowrap1()
	/home/jade/.local/go/src/runtime/mgc.go:1339 +0x25 fp=0xc000439fe0 sp=0xc000439fc8 pc=0x422345
runtime.goexit({})
	/home/jade/.local/go/src/runtime/asm_amd64.s:1700 +0x1 fp=0xc000439fe8 sp=0xc000439fe0 pc=0x47b241
created by runtime.gcBgMarkStartWorkers in goroutine 1
	/home/jade/.local/go/src/runtime/mgc.go:1339 +0x105

goroutine 30 gp=0xc000103880 m=nil [GC worker (idle)]:
runtime.gopark(0x94d27098bbeab?, 0x1?, 0x14?, 0xe0?, 0x0?)
	/home/jade/.local/go/src/runtime/proc.go:435 +0xce fp=0xc00043a738 sp=0xc00043a718 pc=0x473d0e
runtime.gcBgMarkWorker(0xc000117b20)
	/home/jade/.local/go/src/runtime/mgc.go:1423 +0xe9 fp=0xc00043a7c8 sp=0xc00043a738 pc=0x422469
runtime.gcBgMarkStartWorkers.gowrap1()
	/home/jade/.local/go/src/runtime/mgc.go:1339 +0x25 fp=0xc00043a7e0 sp=0xc00043a7c8 pc=0x422345
runtime.goexit({})
	/home/jade/.local/go/src/runtime/asm_amd64.s:1700 +0x1 fp=0xc00043a7e8 sp=0xc00043a7e0 pc=0x47b241
created by runtime.gcBgMarkStartWorkers in goroutine 1
	/home/jade/.local/go/src/runtime/mgc.go:1339 +0x105

goroutine 31 gp=0xc000103a40 m=nil [GC worker (idle)]:
runtime.gopark(0x142ace0?, 0x1?, 0xb?, 0x86?, 0x0?)
	/home/jade/.local/go/src/runtime/proc.go:435 +0xce fp=0xc00043af38 sp=0xc00043af18 pc=0x473d0e
runtime.gcBgMarkWorker(0xc000117b20)
	/home/jade/.local/go/src/runtime/mgc.go:1423 +0xe9 fp=0xc00043afc8 sp=0xc00043af38 pc=0x422469
runtime.gcBgMarkStartWorkers.gowrap1()
	/home/jade/.local/go/src/runtime/mgc.go:1339 +0x25 fp=0xc00043afe0 sp=0xc00043afc8 pc=0x422345
runtime.goexit({})
	/home/jade/.local/go/src/runtime/asm_amd64.s:1700 +0x1 fp=0xc00043afe8 sp=0xc00043afe0 pc=0x47b241
created by runtime.gcBgMarkStartWorkers in goroutine 1
	/home/jade/.local/go/src/runtime/mgc.go:1339 +0x105

goroutine 32 gp=0xc000103c00 m=nil [GC worker (idle)]:
runtime.gopark(0x142ace0?, 0x1?, 0x66?, 0x53?, 0x0?)
	/home/jade/.local/go/src/runtime/proc.go:435 +0xce fp=0xc00043b738 sp=0xc00043b718 pc=0x473d0e
runtime.gcBgMarkWorker(0xc000117b20)
	/home/jade/.local/go/src/runtime/mgc.go:1423 +0xe9 fp=0xc00043b7c8 sp=0xc00043b738 pc=0x422469
runtime.gcBgMarkStartWorkers.gowrap1()
	/home/jade/.local/go/src/runtime/mgc.go:1339 +0x25 fp=0xc00043b7e0 sp=0xc00043b7c8 pc=0x422345
runtime.goexit({})
	/home/jade/.local/go/src/runtime/asm_amd64.s:1700 +0x1 fp=0xc00043b7e8 sp=0xc00043b7e0 pc=0x47b241
created by runtime.gcBgMarkStartWorkers in goroutine 1
	/home/jade/.local/go/src/runtime/mgc.go:1339 +0x105

goroutine 33 gp=0xc000103dc0 m=nil [GC worker (idle)]:
runtime.gopark(0x142ace0?, 0x1?, 0xe8?, 0xef?, 0x0?)
	/home/jade/.local/go/src/runtime/proc.go:435 +0xce fp=0xc00043bf38 sp=0xc00043bf18 pc=0x473d0e
runtime.gcBgMarkWorker(0xc000117b20)
	/home/jade/.local/go/src/runtime/mgc.go:1423 +0xe9 fp=0xc00043bfc8 sp=0xc00043bf38 pc=0x422469
runtime.gcBgMarkStartWorkers.gowrap1()
	/home/jade/.local/go/src/runtime/mgc.go:1339 +0x25 fp=0xc00043bfe0 sp=0xc00043bfc8 pc=0x422345
runtime.goexit({})
	/home/jade/.local/go/src/runtime/asm_amd64.s:1700 +0x1 fp=0xc00043bfe8 sp=0xc00043bfe0 pc=0x47b241
created by runtime.gcBgMarkStartWorkers in goroutine 1
	/home/jade/.local/go/src/runtime/mgc.go:1339 +0x105

goroutine 34 gp=0xc00043e000 m=nil [GC worker (idle)]:
runtime.gopark(0x94d27098972e2?, 0x1?, 0xe?, 0x5c?, 0x0?)
	/home/jade/.local/go/src/runtime/proc.go:435 +0xce fp=0xc000434738 sp=0xc000434718 pc=0x473d0e
runtime.gcBgMarkWorker(0xc000117b20)
	/home/jade/.local/go/src/runtime/mgc.go:1423 +0xe9 fp=0xc0004347c8 sp=0xc000434738 pc=0x422469
runtime.gcBgMarkStartWorkers.gowrap1()
	/home/jade/.local/go/src/runtime/mgc.go:1339 +0x25 fp=0xc0004347e0 sp=0xc0004347c8 pc=0x422345
runtime.goexit({})
	/home/jade/.local/go/src/runtime/asm_amd64.s:1700 +0x1 fp=0xc0004347e8 sp=0xc0004347e0 pc=0x47b241
created by runtime.gcBgMarkStartWorkers in goroutine 1
	/home/jade/.local/go/src/runtime/mgc.go:1339 +0x105

goroutine 35 gp=0xc00043e1c0 m=nil [GC worker (idle)]:
runtime.gopark(0x94d27098a7141?, 0x1?, 0xbb?, 0x21?, 0x0?)
	/home/jade/.local/go/src/runtime/proc.go:435 +0xce fp=0xc000434f38 sp=0xc000434f18 pc=0x473d0e
runtime.gcBgMarkWorker(0xc000117b20)
	/home/jade/.local/go/src/runtime/mgc.go:1423 +0xe9 fp=0xc000434fc8 sp=0xc000434f38 pc=0x422469
runtime.gcBgMarkStartWorkers.gowrap1()
	/home/jade/.local/go/src/runtime/mgc.go:1339 +0x25 fp=0xc000434fe0 sp=0xc000434fc8 pc=0x422345
runtime.goexit({})
	/home/jade/.local/go/src/runtime/asm_amd64.s:1700 +0x1 fp=0xc000434fe8 sp=0xc000434fe0 pc=0x47b241
created by runtime.gcBgMarkStartWorkers in goroutine 1
	/home/jade/.local/go/src/runtime/mgc.go:1339 +0x105

goroutine 36 gp=0xc00043e380 m=nil [GC worker (idle)]:
runtime.gopark(0x94d233eb5c652?, 0x3?, 0x3c?, 0x62?, 0x0?)
	/home/jade/.local/go/src/runtime/proc.go:435 +0xce fp=0xc000435738 sp=0xc000435718 pc=0x473d0e
runtime.gcBgMarkWorker(0xc000117b20)
	/home/jade/.local/go/src/runtime/mgc.go:1423 +0xe9 fp=0xc0004357c8 sp=0xc000435738 pc=0x422469
runtime.gcBgMarkStartWorkers.gowrap1()
	/home/jade/.local/go/src/runtime/mgc.go:1339 +0x25 fp=0xc0004357e0 sp=0xc0004357c8 pc=0x422345
runtime.goexit({})
	/home/jade/.local/go/src/runtime/asm_amd64.s:1700 +0x1 fp=0xc0004357e8 sp=0xc0004357e0 pc=0x47b241
created by runtime.gcBgMarkStartWorkers in goroutine 1
	/home/jade/.local/go/src/runtime/mgc.go:1339 +0x105

goroutine 37 gp=0xc00043e540 m=nil [GC worker (idle)]:
runtime.gopark(0x94d233eb5d90b?, 0x1?, 0x98?, 0x98?, 0x0?)
	/home/jade/.local/go/src/runtime/proc.go:435 +0xce fp=0xc000435f38 sp=0xc000435f18 pc=0x473d0e
runtime.gcBgMarkWorker(0xc000117b20)
	/home/jade/.local/go/src/runtime/mgc.go:1423 +0xe9 fp=0xc000435fc8 sp=0xc000435f38 pc=0x422469
runtime.gcBgMarkStartWorkers.gowrap1()
	/home/jade/.local/go/src/runtime/mgc.go:1339 +0x25 fp=0xc000435fe0 sp=0xc000435fc8 pc=0x422345
runtime.goexit({})
	/home/jade/.local/go/src/runtime/asm_amd64.s:1700 +0x1 fp=0xc000435fe8 sp=0xc000435fe0 pc=0x47b241
created by runtime.gcBgMarkStartWorkers in goroutine 1
	/home/jade/.local/go/src/runtime/mgc.go:1339 +0x105

goroutine 38 gp=0xc00043e700 m=nil [GC worker (idle)]:
runtime.gopark(0x94d233eb5c8cd?, 0x1?, 0x67?, 0x2c?, 0x0?)
	/home/jade/.local/go/src/runtime/proc.go:435 +0xce fp=0xc000436738 sp=0xc000436718 pc=0x473d0e
runtime.gcBgMarkWorker(0xc000117b20)
	/home/jade/.local/go/src/runtime/mgc.go:1423 +0xe9 fp=0xc0004367c8 sp=0xc000436738 pc=0x422469
runtime.gcBgMarkStartWorkers.gowrap1()
	/home/jade/.local/go/src/runtime/mgc.go:1339 +0x25 fp=0xc0004367e0 sp=0xc0004367c8 pc=0x422345
runtime.goexit({})
	/home/jade/.local/go/src/runtime/asm_amd64.s:1700 +0x1 fp=0xc0004367e8 sp=0xc0004367e0 pc=0x47b241
created by runtime.gcBgMarkStartWorkers in goroutine 1
	/home/jade/.local/go/src/runtime/mgc.go:1339 +0x105

goroutine 39 gp=0xc00043e8c0 m=nil [GC worker (idle)]:
runtime.gopark(0x94d233ed6119a?, 0x1?, 0x7e?, 0xeb?, 0x0?)
	/home/jade/.local/go/src/runtime/proc.go:435 +0xce fp=0xc000436f38 sp=0xc000436f18 pc=0x473d0e
runtime.gcBgMarkWorker(0xc000117b20)
	/home/jade/.local/go/src/runtime/mgc.go:1423 +0xe9 fp=0xc000436fc8 sp=0xc000436f38 pc=0x422469
runtime.gcBgMarkStartWorkers.gowrap1()
	/home/jade/.local/go/src/runtime/mgc.go:1339 +0x25 fp=0xc000436fe0 sp=0xc000436fc8 pc=0x422345
runtime.goexit({})
	/home/jade/.local/go/src/runtime/asm_amd64.s:1700 +0x1 fp=0xc000436fe8 sp=0xc000436fe0 pc=0x47b241
created by runtime.gcBgMarkStartWorkers in goroutine 1
	/home/jade/.local/go/src/runtime/mgc.go:1339 +0x105

goroutine 40 gp=0xc00043ea80 m=nil [GC worker (idle)]:
runtime.gopark(0x94d233ed5dd1b?, 0x3?, 0xba?, 0x5?, 0x0?)
	/home/jade/.local/go/src/runtime/proc.go:435 +0xce fp=0xc000437738 sp=0xc000437718 pc=0x473d0e
runtime.gcBgMarkWorker(0xc000117b20)
	/home/jade/.local/go/src/runtime/mgc.go:1423 +0xe9 fp=0xc0004377c8 sp=0xc000437738 pc=0x422469
runtime.gcBgMarkStartWorkers.gowrap1()
	/home/jade/.local/go/src/runtime/mgc.go:1339 +0x25 fp=0xc0004377e0 sp=0xc0004377c8 pc=0x422345
runtime.goexit({})
	/home/jade/.local/go/src/runtime/asm_amd64.s:1700 +0x1 fp=0xc0004377e8 sp=0xc0004377e0 pc=0x47b241
created by runtime.gcBgMarkStartWorkers in goroutine 1
	/home/jade/.local/go/src/runtime/mgc.go:1339 +0x105

goroutine 41 gp=0xc00043ec40 m=nil [GC worker (idle)]:
runtime.gopark(0x142ace0?, 0x1?, 0x34?, 0x6?, 0x0?)
	/home/jade/.local/go/src/runtime/proc.go:435 +0xce fp=0xc000437f38 sp=0xc000437f18 pc=0x473d0e
runtime.gcBgMarkWorker(0xc000117b20)
	/home/jade/.local/go/src/runtime/mgc.go:1423 +0xe9 fp=0xc000437fc8 sp=0xc000437f38 pc=0x422469
runtime.gcBgMarkStartWorkers.gowrap1()
	/home/jade/.local/go/src/runtime/mgc.go:1339 +0x25 fp=0xc000437fe0 sp=0xc000437fc8 pc=0x422345
runtime.goexit({})
	/home/jade/.local/go/src/runtime/asm_amd64.s:1700 +0x1 fp=0xc000437fe8 sp=0xc000437fe0 pc=0x47b241
created by runtime.gcBgMarkStartWorkers in goroutine 1
	/home/jade/.local/go/src/runtime/mgc.go:1339 +0x105

goroutine 42 gp=0xc00043ee00 m=nil [GC worker (idle)]:
runtime.gopark(0x94d26a50e1aca?, 0x1?, 0x6d?, 0x8a?, 0x0?)
	/home/jade/.local/go/src/runtime/proc.go:435 +0xce fp=0xc000444738 sp=0xc000444718 pc=0x473d0e
runtime.gcBgMarkWorker(0xc000117b20)
	/home/jade/.local/go/src/runtime/mgc.go:1423 +0xe9 fp=0xc0004447c8 sp=0xc000444738 pc=0x422469
runtime.gcBgMarkStartWorkers.gowrap1()
	/home/jade/.local/go/src/runtime/mgc.go:1339 +0x25 fp=0xc0004447e0 sp=0xc0004447c8 pc=0x422345
runtime.goexit({})
	/home/jade/.local/go/src/runtime/asm_amd64.s:1700 +0x1 fp=0xc0004447e8 sp=0xc0004447e0 pc=0x47b241
created by runtime.gcBgMarkStartWorkers in goroutine 1
	/home/jade/.local/go/src/runtime/mgc.go:1339 +0x105

goroutine 43 gp=0xc00043efc0 m=nil [GC worker (idle)]:
runtime.gopark(0x94d233eb5b5d1?, 0x3?, 0x2c?, 0xdd?, 0x0?)
	/home/jade/.local/go/src/runtime/proc.go:435 +0xce fp=0xc000444f38 sp=0xc000444f18 pc=0x473d0e
runtime.gcBgMarkWorker(0xc000117b20)
	/home/jade/.local/go/src/runtime/mgc.go:1423 +0xe9 fp=0xc000444fc8 sp=0xc000444f38 pc=0x422469
runtime.gcBgMarkStartWorkers.gowrap1()
	/home/jade/.local/go/src/runtime/mgc.go:1339 +0x25 fp=0xc000444fe0 sp=0xc000444fc8 pc=0x422345
runtime.goexit({})
	/home/jade/.local/go/src/runtime/asm_amd64.s:1700 +0x1 fp=0xc000444fe8 sp=0xc000444fe0 pc=0x47b241
created by runtime.gcBgMarkStartWorkers in goroutine 1
	/home/jade/.local/go/src/runtime/mgc.go:1339 +0x105

goroutine 44 gp=0xc00043f180 m=nil [GC worker (idle)]:
runtime.gopark(0x94d233ed6aa44?, 0x3?, 0x5e?, 0x24?, 0x0?)
	/home/jade/.local/go/src/runtime/proc.go:435 +0xce fp=0xc000445738 sp=0xc000445718 pc=0x473d0e
runtime.gcBgMarkWorker(0xc000117b20)
	/home/jade/.local/go/src/runtime/mgc.go:1423 +0xe9 fp=0xc0004457c8 sp=0xc000445738 pc=0x422469
runtime.gcBgMarkStartWorkers.gowrap1()
	/home/jade/.local/go/src/runtime/mgc.go:1339 +0x25 fp=0xc0004457e0 sp=0xc0004457c8 pc=0x422345
runtime.goexit({})
	/home/jade/.local/go/src/runtime/asm_amd64.s:1700 +0x1 fp=0xc0004457e8 sp=0xc0004457e0 pc=0x47b241
created by runtime.gcBgMarkStartWorkers in goroutine 1
	/home/jade/.local/go/src/runtime/mgc.go:1339 +0x105

goroutine 45 gp=0xc00043f340 m=nil [GC worker (idle)]:
runtime.gopark(0x94d27098d3509?, 0x3?, 0xec?, 0x30?, 0x0?)
	/home/jade/.local/go/src/runtime/proc.go:435 +0xce fp=0xc000445f38 sp=0xc000445f18 pc=0x473d0e
runtime.gcBgMarkWorker(0xc000117b20)
	/home/jade/.local/go/src/runtime/mgc.go:1423 +0xe9 fp=0xc000445fc8 sp=0xc000445f38 pc=0x422469
runtime.gcBgMarkStartWorkers.gowrap1()
	/home/jade/.local/go/src/runtime/mgc.go:1339 +0x25 fp=0xc000445fe0 sp=0xc000445fc8 pc=0x422345
runtime.goexit({})
	/home/jade/.local/go/src/runtime/asm_amd64.s:1700 +0x1 fp=0xc000445fe8 sp=0xc000445fe0 pc=0x47b241
created by runtime.gcBgMarkStartWorkers in goroutine 1
	/home/jade/.local/go/src/runtime/mgc.go:1339 +0x105

goroutine 46 gp=0xc00043f500 m=nil [GC worker (idle)]:
runtime.gopark(0x94d27098ab375?, 0x1?, 0x9e?, 0xe4?, 0x0?)
	/home/jade/.local/go/src/runtime/proc.go:435 +0xce fp=0xc000446738 sp=0xc000446718 pc=0x473d0e
runtime.gcBgMarkWorker(0xc000117b20)
	/home/jade/.local/go/src/runtime/mgc.go:1423 +0xe9 fp=0xc0004467c8 sp=0xc000446738 pc=0x422469
runtime.gcBgMarkStartWorkers.gowrap1()
	/home/jade/.local/go/src/runtime/mgc.go:1339 +0x25 fp=0xc0004467e0 sp=0xc0004467c8 pc=0x422345
runtime.goexit({})
	/home/jade/.local/go/src/runtime/asm_amd64.s:1700 +0x1 fp=0xc0004467e8 sp=0xc0004467e0 pc=0x47b241
created by runtime.gcBgMarkStartWorkers in goroutine 1
	/home/jade/.local/go/src/runtime/mgc.go:1339 +0x105

goroutine 47 gp=0xc00043f6c0 m=nil [GC worker (idle)]:
runtime.gopark(0x94d233ed66c62?, 0x1?, 0xc5?, 0x7a?, 0x0?)
	/home/jade/.local/go/src/runtime/proc.go:435 +0xce fp=0xc000446f38 sp=0xc000446f18 pc=0x473d0e
runtime.gcBgMarkWorker(0xc000117b20)
	/home/jade/.local/go/src/runtime/mgc.go:1423 +0xe9 fp=0xc000446fc8 sp=0xc000446f38 pc=0x422469
runtime.gcBgMarkStartWorkers.gowrap1()
	/home/jade/.local/go/src/runtime/mgc.go:1339 +0x25 fp=0xc000446fe0 sp=0xc000446fc8 pc=0x422345
runtime.goexit({})
	/home/jade/.local/go/src/runtime/asm_amd64.s:1700 +0x1 fp=0xc000446fe8 sp=0xc000446fe0 pc=0x47b241
created by runtime.gcBgMarkStartWorkers in goroutine 1
	/home/jade/.local/go/src/runtime/mgc.go:1339 +0x105

goroutine 48 gp=0xc00043f880 m=nil [GC worker (idle)]:
runtime.gopark(0x94d27098ae4c7?, 0x1?, 0xf2?, 0xf8?, 0x0?)
	/home/jade/.local/go/src/runtime/proc.go:435 +0xce fp=0xc000447738 sp=0xc000447718 pc=0x473d0e
runtime.gcBgMarkWorker(0xc000117b20)
	/home/jade/.local/go/src/runtime/mgc.go:1423 +0xe9 fp=0xc0004477c8 sp=0xc000447738 pc=0x422469
runtime.gcBgMarkStartWorkers.gowrap1()
	/home/jade/.local/go/src/runtime/mgc.go:1339 +0x25 fp=0xc0004477e0 sp=0xc0004477c8 pc=0x422345
runtime.goexit({})
	/home/jade/.local/go/src/runtime/asm_amd64.s:1700 +0x1 fp=0xc0004477e8 sp=0xc0004477e0 pc=0x47b241
created by runtime.gcBgMarkStartWorkers in goroutine 1
	/home/jade/.local/go/src/runtime/mgc.go:1339 +0x105

goroutine 49 gp=0xc00043fa40 m=nil [GC worker (idle)]:
runtime.gopark(0x94d233eb5d851?, 0x1?, 0x92?, 0xde?, 0x0?)
	/home/jade/.local/go/src/runtime/proc.go:435 +0xce fp=0xc000447f38 sp=0xc000447f18 pc=0x473d0e
runtime.gcBgMarkWorker(0xc000117b20)
	/home/jade/.local/go/src/runtime/mgc.go:1423 +0xe9 fp=0xc000447fc8 sp=0xc000447f38 pc=0x422469
runtime.gcBgMarkStartWorkers.gowrap1()
	/home/jade/.local/go/src/runtime/mgc.go:1339 +0x25 fp=0xc000447fe0 sp=0xc000447fc8 pc=0x422345
runtime.goexit({})
	/home/jade/.local/go/src/runtime/asm_amd64.s:1700 +0x1 fp=0xc000447fe8 sp=0xc000447fe0 pc=0x47b241
created by runtime.gcBgMarkStartWorkers in goroutine 1
	/home/jade/.local/go/src/runtime/mgc.go:1339 +0x105

goroutine 4151 gp=0xc0001b8000 m=nil [sync.WaitGroup.Wait]:
runtime.gopark(0xc0005d7bd8?, 0x418cd4?, 0x40?, 0xce?, 0xa?)
	/home/jade/.local/go/src/runtime/proc.go:435 +0xce fp=0xc0005d7b78 sp=0xc0005d7b58 pc=0x473d0e
runtime.goparkunlock(...)
	/home/jade/.local/go/src/runtime/proc.go:441
runtime.semacquire1(0xc00df603d0, 0x0, 0x1, 0x0, 0x18)
	/home/jade/.local/go/src/runtime/sema.go:188 +0x21d fp=0xc0005d7be0 sp=0xc0005d7b78 pc=0x454efd
sync.runtime_SemacquireWaitGroup(0xc0073622b8?)
	/home/jade/.local/go/src/runtime/sema.go:110 +0x25 fp=0xc0005d7c18 sp=0xc0005d7be0 pc=0x475105
sync.(*WaitGroup).Wait(0xd3f640?)
	/home/jade/.local/go/src/sync/waitgroup.go:118 +0x48 fp=0xc0005d7c40 sp=0xc0005d7c18 pc=0x4904e8
golang.org/x/sync/errgroup.(*Group).Wait(0xc00df603c0)
	/home/jade/go/pkg/mod/golang.org/x/sync@v0.15.0/errgroup/errgroup.go:65 +0x1e fp=0xc0005d7c60 sp=0xc0005d7c40 pc=0x58313e
github.com/eon-protocol/eonark/gpu.commitToQuotient({0xc2a8436000, 0x800002, 0x2000000}, {0xc2b8436040, 0x800002, 0x17ffffe}, {0xc2c8436080, 0x800002, 0xfffffc}, 0xc000004408, ...)
	/home/jade/jade/eonark-gpu/gpu/patch_gpu.go:1844 +0x2bd fp=0xc0005d7ce0 sp=0xc0005d7c60 pc=0xba243d
github.com/eon-protocol/eonark/gpu.(*instance).computeQuotient(0xc0002102c8)
	/home/jade/jade/eonark-gpu/gpu/patch_gpu.go:1032 +0xa1b fp=0xc0005d7eb0 sp=0xc0005d7ce0 pc=0xb9b67b
github.com/eon-protocol/eonark/gpu.prove.func6()
	/home/jade/jade/eonark-gpu/gpu/patch_gpu.go:349 +0x7e fp=0xc0005d7f58 sp=0xc0005d7eb0 pc=0xb9675e
golang.org/x/sync/errgroup.(*Group).add.func1()
	/home/jade/go/pkg/mod/golang.org/x/sync@v0.15.0/errgroup/errgroup.go:128 +0x7e fp=0xc0005d7fe0 sp=0xc0005d7f58 pc=0x5832be
runtime.goexit({})
	/home/jade/.local/go/src/runtime/asm_amd64.s:1700 +0x1 fp=0xc0005d7fe8 sp=0xc0005d7fe0 pc=0x47b241
created by golang.org/x/sync/errgroup.(*Group).add in goroutine 1
	/home/jade/go/pkg/mod/golang.org/x/sync@v0.15.0/errgroup/errgroup.go:96 +0x76

goroutine 3713 gp=0xc060503500 m=nil [chan receive]:
runtime.gopark(0xc06070a008?, 0xc0071d3068?, 0xd8?, 0xeb?, 0x471999?)
	/home/jade/.local/go/src/runtime/proc.go:435 +0xce fp=0xc0000beb98 sp=0xc0000beb78 pc=0x473d0e
runtime.chanrecv(0xc00b44e700, 0x0, 0x1)
	/home/jade/.local/go/src/runtime/chan.go:664 +0x445 fp=0xc0000bec10 sp=0xc0000beb98 pc=0x411985
runtime.chanrecv1(0xc00018e248?, 0xc00ce3c7d0?)
	/home/jade/.local/go/src/runtime/chan.go:506 +0x12 fp=0xc0000bec38 sp=0xc0000bec10 pc=0x411512
github.com/eon-protocol/eonark/gpu.commitOnGPUOrCPU({0xc2a8436000, 0x800002, 0x2000000}, 0x0?, 0x0)
	/home/jade/jade/eonark-gpu/gpu/patch_gpu.go:2632 +0x1b4 fp=0xc0000beda0 sp=0xc0000bec38 pc=0xba9af4
github.com/eon-protocol/eonark/gpu.commitToQuotient.func1()
	/home/jade/jade/eonark-gpu/gpu/patch_gpu.go:1819 +0x9d fp=0xc0000bef58 sp=0xc0000beda0 pc=0xba29dd
golang.org/x/sync/errgroup.(*Group).add.func1()
	/home/jade/go/pkg/mod/golang.org/x/sync@v0.15.0/errgroup/errgroup.go:128 +0x7e fp=0xc0000befe0 sp=0xc0000bef58 pc=0x5832be
runtime.goexit({})
	/home/jade/.local/go/src/runtime/asm_amd64.s:1700 +0x1 fp=0xc0000befe8 sp=0xc0000befe0 pc=0x47b241
created by golang.org/x/sync/errgroup.(*Group).add in goroutine 4151
	/home/jade/go/pkg/mod/golang.org/x/sync@v0.15.0/errgroup/errgroup.go:96 +0x76

goroutine 4563 gp=0xc0609ad6c0 m=nil [chan receive]:
runtime.gopark(0xc0000e1808?, 0xc00dac5338?, 0x48?, 0xe?, 0x471999?)
	/home/jade/.local/go/src/runtime/proc.go:435 +0xce fp=0xc0009b0e08 sp=0xc0009b0de8 pc=0x473d0e
runtime.chanrecv(0xc00cb39730, 0x0, 0x1)
	/home/jade/.local/go/src/runtime/chan.go:664 +0x445 fp=0xc0009b0e80 sp=0xc0009b0e08 pc=0x411985
runtime.chanrecv1(0xc00018e248?, 0xc006bacc00?)
	/home/jade/.local/go/src/runtime/chan.go:506 +0x12 fp=0xc0009b0ea8 sp=0xc0009b0e80 pc=0x411512
github.com/eon-protocol/eonark/gpu.(*instance).scaleEverythingBackGPUorCPU(0xc0002102c8, {0xc00dcd3980, 0x4, 0xc0009b0fd0?}, 0x44a1f2?, {0x0?, 0x40000?, 0xc00df834d0?})
	/home/jade/jade/eonark-gpu/gpu/patch_gpu.go:2990 +0x371 fp=0xc0009b0f90 sp=0xc0009b0ea8 pc=0xbad1d1
github.com/eon-protocol/eonark/gpu.(*instance).computeNumerator.gowrap2()
	/home/jade/jade/eonark-gpu/gpu/patch_gpu.go:1660 +0x3c fp=0xc0009b0fe0 sp=0xc0009b0f90 pc=0xb9f6fc
runtime.goexit({})
	/home/jade/.local/go/src/runtime/asm_amd64.s:1700 +0x1 fp=0xc0009b0fe8 sp=0xc0009b0fe0 pc=0x47b241
created by github.com/eon-protocol/eonark/gpu.(*instance).computeNumerator in goroutine 4151
	/home/jade/jade/eonark-gpu/gpu/patch_gpu.go:1660 +0x11c5

goroutine 4883 gp=0xc00088c1c0 m=nil [chan receive]:
runtime.gopark(0xc0000e1008?, 0xc0073622d0?, 0xd8?, 0xbb?, 0x471999?)
	/home/jade/.local/go/src/runtime/proc.go:435 +0xce fp=0xc0003bbb98 sp=0xc0003bbb78 pc=0x473d0e
runtime.chanrecv(0xc00c0d3570, 0x0, 0x1)
	/home/jade/.local/go/src/runtime/chan.go:664 +0x445 fp=0xc0003bbc10 sp=0xc0003bbb98 pc=0x411985
runtime.chanrecv1(0xc00018e248?, 0xc00cc54b40?)
	/home/jade/.local/go/src/runtime/chan.go:506 +0x12 fp=0xc0003bbc38 sp=0xc0003bbc10 pc=0x411512
github.com/eon-protocol/eonark/gpu.commitOnGPUOrCPU({0xc2c8436080, 0x800002, 0xfffffc}, 0x0?, 0x0)
	/home/jade/jade/eonark-gpu/gpu/patch_gpu.go:2632 +0x1b4 fp=0xc0003bbda0 sp=0xc0003bbc38 pc=0xba9af4
github.com/eon-protocol/eonark/gpu.commitToQuotient.func3()
	/home/jade/jade/eonark-gpu/gpu/patch_gpu.go:1837 +0x9d fp=0xc0003bbf58 sp=0xc0003bbda0 pc=0xba25dd
golang.org/x/sync/errgroup.(*Group).add.func1()
	/home/jade/go/pkg/mod/golang.org/x/sync@v0.15.0/errgroup/errgroup.go:128 +0x7e fp=0xc0003bbfe0 sp=0xc0003bbf58 pc=0x5832be
runtime.goexit({})
	/home/jade/.local/go/src/runtime/asm_amd64.s:1700 +0x1 fp=0xc0003bbfe8 sp=0xc0003bbfe0 pc=0x47b241
created by golang.org/x/sync/errgroup.(*Group).add in goroutine 4151
	/home/jade/go/pkg/mod/golang.org/x/sync@v0.15.0/errgroup/errgroup.go:96 +0x76

goroutine 4844 gp=0xc000896fc0 m=32 mp=0xc060401008 [syscall, locked to thread]:
runtime.cgocall(0xc5d830, 0xc000049940)
	/home/jade/.local/go/src/runtime/cgocall.go:167 +0x4b fp=0xc000049918 sp=0xc0000498e0 pc=0x470e8b
github.com/ingonyama-zk/icicle-gnark/v3/wrappers/golang/curves/bls12381/msm._Cfunc_bls12_381_msm(0x7507e6000000, 0x750922000000, 0x800002, 0xc00018e428, 0xc000ebde60)
	_cgo_gotypes.go:66 +0x46 fp=0xc000049940 sp=0xc000049918 pc=0xb8d8c6
github.com/ingonyama-zk/icicle-gnark/v3/wrappers/golang/curves/bls12381/msm.Msm.func1(...)
	/home/jade/go/pkg/mod/github.com/ingonyama-zk/icicle-gnark/v3@v3.2.2/wrappers/golang/curves/bls12381/msm/msm.go:27
github.com/ingonyama-zk/icicle-gnark/v3/wrappers/golang/curves/bls12381/msm.Msm({0xf06888?, 0xc00df86bb8?}, {0xf06888?, 0xc00df86bd0?}, 0xc00018e428, {0xf06b10?, 0xc00df86be8?})
	/home/jade/go/pkg/mod/github.com/ingonyama-zk/icicle-gnark/v3@v3.2.2/wrappers/golang/curves/bls12381/msm/msm.go:27 +0x116 fp=0xc0000499c8 sp=0xc000049940 pc=0xb8dc56
github.com/eon-protocol/eonark/gpu/bls12381.OnDeviceCommitWithPrecompute({0xc2b8436040, 0x800002, 0x17ffffe}, {0x750922000000, 0x90000240, 0x1800006}, 0xc00018e428)
	/home/jade/jade/eonark-gpu/gpu/bls12381/bls12381_gpu.go:116 +0x89c fp=0xc000049d88 sp=0xc0000499c8 pc=0xb8fcbc
github.com/eon-protocol/eonark/gpu.commitOnGPUOrCPU.func1({0xc00018e248?, 0x330a8d1a3fc34b5?, 0x1?})
	/home/jade/jade/eonark-gpu/gpu/patch_gpu.go:2612 +0x2f0 fp=0xc000049f68 sp=0xc000049d88 pc=0xbaa090
github.com/ingonyama-zk/icicle-gnark/v3/wrappers/golang/runtime.RunOnDevice.func1(0xc00018e248)
	/home/jade/go/pkg/mod/github.com/ingonyama-zk/icicle-gnark/v3@v3.2.2/wrappers/golang/runtime/runtime.go:99 +0x90 fp=0xc000049fc8 sp=0xc000049f68 pc=0xa6eb70
github.com/ingonyama-zk/icicle-gnark/v3/wrappers/golang/runtime.RunOnDevice.gowrap1()
	/home/jade/go/pkg/mod/github.com/ingonyama-zk/icicle-gnark/v3@v3.2.2/wrappers/golang/runtime/runtime.go:101 +0x24 fp=0xc000049fe0 sp=0xc000049fc8 pc=0xa6eaa4
runtime.goexit({})
	/home/jade/.local/go/src/runtime/asm_amd64.s:1700 +0x1 fp=0xc000049fe8 sp=0xc000049fe0 pc=0x47b241
created by github.com/ingonyama-zk/icicle-gnark/v3/wrappers/golang/runtime.RunOnDevice in goroutine 4882
	/home/jade/go/pkg/mod/github.com/ingonyama-zk/icicle-gnark/v3@v3.2.2/wrappers/golang/runtime/runtime.go:94 +0xd9

goroutine 4152 gp=0xc000924e00 m=nil [select]:
runtime.gopark(0xc0002f3e80?, 0x2?, 0x0?, 0x0?, 0xc0002f3cfc?)
	/home/jade/.local/go/src/runtime/proc.go:435 +0xce fp=0xc0002f3b00 sp=0xc0002f3ae0 pc=0x473d0e
runtime.selectgo(0xc0002f3e80, 0xc0002f3cf8, 0x0?, 0x0, 0x2?, 0x1)
	/home/jade/.local/go/src/runtime/select.go:351 +0x837 fp=0xc0002f3c38 sp=0xc0002f3b00 pc=0x453e57
github.com/eon-protocol/eonark/gpu.(*instance).openZ(0xc0002102c8)
	/home/jade/jade/eonark-gpu/gpu/patch_gpu.go:1104 +0xac fp=0xc0002f3eb0 sp=0xc0002f3c38 pc=0xb9bfec
github.com/eon-protocol/eonark/gpu.prove.func7()
	/home/jade/jade/eonark-gpu/gpu/patch_gpu.go:360 +0x7e fp=0xc0002f3f58 sp=0xc0002f3eb0 pc=0xb965de
golang.org/x/sync/errgroup.(*Group).add.func1()
	/home/jade/go/pkg/mod/golang.org/x/sync@v0.15.0/errgroup/errgroup.go:128 +0x7e fp=0xc0002f3fe0 sp=0xc0002f3f58 pc=0x5832be
runtime.goexit({})
	/home/jade/.local/go/src/runtime/asm_amd64.s:1700 +0x1 fp=0xc0002f3fe8 sp=0xc0002f3fe0 pc=0x47b241
created by golang.org/x/sync/errgroup.(*Group).add in goroutine 1
	/home/jade/go/pkg/mod/golang.org/x/sync@v0.15.0/errgroup/errgroup.go:96 +0x76

goroutine 4884 gp=0xc0004168c0 m=10 mp=0xc0000e1008 [syscall, locked to thread]:
runtime.cgocall(0xc5d830, 0xc01c345940)
	/home/jade/.local/go/src/runtime/cgocall.go:167 +0x4b fp=0xc01c345918 sp=0xc01c3458e0 pc=0x470e8b
github.com/ingonyama-zk/icicle-gnark/v3/wrappers/golang/curves/bls12381/msm._Cfunc_bls12_381_msm(0x75080a000000, 0x750922000000, 0x800002, 0xc00018e428, 0xc00d82ddd0)
	_cgo_gotypes.go:66 +0x46 fp=0xc01c345940 sp=0xc01c345918 pc=0xb8d8c6
github.com/ingonyama-zk/icicle-gnark/v3/wrappers/golang/curves/bls12381/msm.Msm.func1(...)
	/home/jade/go/pkg/mod/github.com/ingonyama-zk/icicle-gnark/v3@v3.2.2/wrappers/golang/curves/bls12381/msm/msm.go:27
github.com/ingonyama-zk/icicle-gnark/v3/wrappers/golang/curves/bls12381/msm.Msm({0xf06888?, 0xc00e304a98?}, {0xf06888?, 0xc00e304ab0?}, 0xc00018e428, {0xf06b10?, 0xc00e304ac8?})
	/home/jade/go/pkg/mod/github.com/ingonyama-zk/icicle-gnark/v3@v3.2.2/wrappers/golang/curves/bls12381/msm/msm.go:27 +0x116 fp=0xc01c3459c8 sp=0xc01c345940 pc=0xb8dc56
github.com/eon-protocol/eonark/gpu/bls12381.OnDeviceCommitWithPrecompute({0xc2c8436080, 0x800002, 0xfffffc}, {0x750922000000, 0x90000240, 0x1800006}, 0xc00018e428)
	/home/jade/jade/eonark-gpu/gpu/bls12381/bls12381_gpu.go:116 +0x89c fp=0xc01c345d88 sp=0xc01c3459c8 pc=0xb8fcbc
github.com/eon-protocol/eonark/gpu.commitOnGPUOrCPU.func1({0xc00018e248?, 0x0?, 0xc00dbc57a8?})
	/home/jade/jade/eonark-gpu/gpu/patch_gpu.go:2612 +0x2f0 fp=0xc01c345f68 sp=0xc01c345d88 pc=0xbaa090
github.com/ingonyama-zk/icicle-gnark/v3/wrappers/golang/runtime.RunOnDevice.func1(0xc00018e248)
	/home/jade/go/pkg/mod/github.com/ingonyama-zk/icicle-gnark/v3@v3.2.2/wrappers/golang/runtime/runtime.go:99 +0x90 fp=0xc01c345fc8 sp=0xc01c345f68 pc=0xa6eb70
github.com/ingonyama-zk/icicle-gnark/v3/wrappers/golang/runtime.RunOnDevice.gowrap1()
	/home/jade/go/pkg/mod/github.com/ingonyama-zk/icicle-gnark/v3@v3.2.2/wrappers/golang/runtime/runtime.go:101 +0x24 fp=0xc01c345fe0 sp=0xc01c345fc8 pc=0xa6eaa4
runtime.goexit({})
	/home/jade/.local/go/src/runtime/asm_amd64.s:1700 +0x1 fp=0xc01c345fe8 sp=0xc01c345fe0 pc=0x47b241
created by github.com/ingonyama-zk/icicle-gnark/v3/wrappers/golang/runtime.RunOnDevice in goroutine 4883
	/home/jade/go/pkg/mod/github.com/ingonyama-zk/icicle-gnark/v3@v3.2.2/wrappers/golang/runtime/runtime.go:94 +0xd9

goroutine 4564 gp=0xc000416fc0 m=19 mp=0xc0000e1808 [syscall, locked to thread]:
runtime.cgocall(0xc5d6f0, 0xc0000bad10)
	/home/jade/.local/go/src/runtime/cgocall.go:167 +0x4b fp=0xc0000bace8 sp=0xc0000bacb0 pc=0x470e8b
github.com/ingonyama-zk/icicle-gnark/v3/wrappers/golang/curves/bls12381._Cfunc_bls12_381_scalar_convert_montgomery(0x7507d6000000, 0x800000, 0x1, 0xc0000bad68, 0x7507d6000000)
	_cgo_gotypes.go:254 +0x46 fp=0xc0000bad10 sp=0xc0000bace8 pc=0xb8cac6
github.com/ingonyama-zk/icicle-gnark/v3/wrappers/golang/curves/bls12381.convertScalarsMontgomery.func1(...)
	/home/jade/go/pkg/mod/github.com/ingonyama-zk/icicle-gnark/v3@v3.2.2/wrappers/golang/curves/bls12381/scalar_field.go:174
github.com/ingonyama-zk/icicle-gnark/v3/wrappers/golang/curves/bls12381.convertScalarsMontgomery({0xf06888?, 0xc00df86ca8?}, 0x1)
	/home/jade/go/pkg/mod/github.com/ingonyama-zk/icicle-gnark/v3@v3.2.2/wrappers/golang/curves/bls12381/scalar_field.go:174 +0x146 fp=0xc0000badc8 sp=0xc0000bad10 pc=0xb8d226
github.com/ingonyama-zk/icicle-gnark/v3/wrappers/golang/curves/bls12381.ToMontgomery(...)
	/home/jade/go/pkg/mod/github.com/ingonyama-zk/icicle-gnark/v3@v3.2.2/wrappers/golang/curves/bls12381/scalar_field.go:180
github.com/eon-protocol/eonark/gpu/bls12381.MontConvOnDevice({0x7507d6000000, 0x10000000, 0x800000}, 0x0?)
	/home/jade/jade/eonark-gpu/gpu/bls12381/bls12381_gpu.go:477 +0x4a fp=0xc0000badf0 sp=0xc0000badc8 pc=0xb90d2a
github.com/eon-protocol/eonark/gpu.(*instance).scaleEverythingBackGPUorCPU.func1({0xc00018e248?, 0x23ffff?, 0xc000360000?})
	/home/jade/jade/eonark-gpu/gpu/patch_gpu.go:2975 +0x48b fp=0xc0000baf68 sp=0xc0000badf0 pc=0xbad9ab
github.com/ingonyama-zk/icicle-gnark/v3/wrappers/golang/runtime.RunOnDevice.func1(0xc00018e248)
	/home/jade/go/pkg/mod/github.com/ingonyama-zk/icicle-gnark/v3@v3.2.2/wrappers/golang/runtime/runtime.go:99 +0x90 fp=0xc0000bafc8 sp=0xc0000baf68 pc=0xa6eb70
github.com/ingonyama-zk/icicle-gnark/v3/wrappers/golang/runtime.RunOnDevice.gowrap1()
	/home/jade/go/pkg/mod/github.com/ingonyama-zk/icicle-gnark/v3@v3.2.2/wrappers/golang/runtime/runtime.go:101 +0x24 fp=0xc0000bafe0 sp=0xc0000bafc8 pc=0xa6eaa4
runtime.goexit({})
	/home/jade/.local/go/src/runtime/asm_amd64.s:1700 +0x1 fp=0xc0000bafe8 sp=0xc0000bafe0 pc=0x47b241
created by github.com/ingonyama-zk/icicle-gnark/v3/wrappers/golang/runtime.RunOnDevice in goroutine 4563
	/home/jade/go/pkg/mod/github.com/ingonyama-zk/icicle-gnark/v3@v3.2.2/wrappers/golang/runtime/runtime.go:94 +0xd9

goroutine 4882 gp=0xc000fb9340 m=nil [chan receive]:
runtime.gopark(0xc060401008?, 0xc00d2c0d50?, 0xd8?, 0x3b?, 0x471999?)
	/home/jade/.local/go/src/runtime/proc.go:435 +0xce fp=0xc009723b98 sp=0xc009723b78 pc=0x473d0e
runtime.chanrecv(0xc000ea44d0, 0x0, 0x1)
	/home/jade/.local/go/src/runtime/chan.go:664 +0x445 fp=0xc009723c10 sp=0xc009723b98 pc=0x411985
runtime.chanrecv1(0xc00018e248?, 0xc00c6b5a90?)
	/home/jade/.local/go/src/runtime/chan.go:506 +0x12 fp=0xc009723c38 sp=0xc009723c10 pc=0x411512
github.com/eon-protocol/eonark/gpu.commitOnGPUOrCPU({0xc2b8436040, 0x800002, 0x17ffffe}, 0xdae31bf51cb36dae?, 0x0)
	/home/jade/jade/eonark-gpu/gpu/patch_gpu.go:2632 +0x1b4 fp=0xc009723da0 sp=0xc009723c38 pc=0xba9af4
github.com/eon-protocol/eonark/gpu.commitToQuotient.func2()
	/home/jade/jade/eonark-gpu/gpu/patch_gpu.go:1828 +0x9d fp=0xc009723f58 sp=0xc009723da0 pc=0xba27dd
golang.org/x/sync/errgroup.(*Group).add.func1()
	/home/jade/go/pkg/mod/golang.org/x/sync@v0.15.0/errgroup/errgroup.go:128 +0x7e fp=0xc009723fe0 sp=0xc009723f58 pc=0x5832be
runtime.goexit({})
	/home/jade/.local/go/src/runtime/asm_amd64.s:1700 +0x1 fp=0xc009723fe8 sp=0xc009723fe0 pc=0x47b241
created by golang.org/x/sync/errgroup.(*Group).add in goroutine 4151
	/home/jade/go/pkg/mod/golang.org/x/sync@v0.15.0/errgroup/errgroup.go:96 +0x76

goroutine 4153 gp=0xc000acec40 m=nil [select]:
runtime.gopark(0xc0000b8e40?, 0x2?, 0x0?, 0x0?, 0xc0000b8ccc?)
	/home/jade/.local/go/src/runtime/proc.go:435 +0xce fp=0xc0000b8a30 sp=0xc0000b8a10 pc=0x473d0e
runtime.selectgo(0xc0000b8e40, 0xc0000b8cc8, 0x0?, 0x0, 0x479272?, 0x1)
	/home/jade/.local/go/src/runtime/select.go:351 +0x837 fp=0xc0000b8b68 sp=0xc0000b8a30 pc=0x453e57
github.com/eon-protocol/eonark/gpu.(*instance).computeLinearizedPolynomial(0xc0002102c8)
	/home/jade/jade/eonark-gpu/gpu/patch_gpu.go:1172 +0xac fp=0xc0000b8eb0 sp=0xc0000b8b68 pc=0xb9ca0c
github.com/eon-protocol/eonark/gpu.prove.func8()
	/home/jade/jade/eonark-gpu/gpu/patch_gpu.go:371 +0x7e fp=0xc0000b8f58 sp=0xc0000b8eb0 pc=0xb9645e
golang.org/x/sync/errgroup.(*Group).add.func1()
	/home/jade/go/pkg/mod/golang.org/x/sync@v0.15.0/errgroup/errgroup.go:128 +0x7e fp=0xc0000b8fe0 sp=0xc0000b8f58 pc=0x5832be
runtime.goexit({})
	/home/jade/.local/go/src/runtime/asm_amd64.s:1700 +0x1 fp=0xc0000b8fe8 sp=0xc0000b8fe0 pc=0x47b241
created by golang.org/x/sync/errgroup.(*Group).add in goroutine 1
	/home/jade/go/pkg/mod/golang.org/x/sync@v0.15.0/errgroup/errgroup.go:96 +0x76

goroutine 4154 gp=0xc000acee00 m=nil [select]:
runtime.gopark(0xc0003c3de8?, 0x2?, 0xc9?, 0x0?, 0xc0003c3cf4?)
	/home/jade/.local/go/src/runtime/proc.go:435 +0xce fp=0xc0003c3ac8 sp=0xc0003c3aa8 pc=0x473d0e
runtime.selectgo(0xc0003c3de8, 0xc0003c3cf0, 0xc000441c68?, 0x0, 0xc00040d020?, 0x1)
	/home/jade/.local/go/src/runtime/select.go:351 +0x837 fp=0xc0003c3c00 sp=0xc0003c3ac8 pc=0x453e57
github.com/eon-protocol/eonark/gpu.(*instance).batchOpening(0xc0002102c8)
	/home/jade/jade/eonark-gpu/gpu/patch_gpu.go:1253 +0xac fp=0xc0003c3eb0 sp=0xc0003c3c00 pc=0xb9d80c
github.com/eon-protocol/eonark/gpu.prove.func9()
	/home/jade/jade/eonark-gpu/gpu/patch_gpu.go:382 +0x7e fp=0xc0003c3f58 sp=0xc0003c3eb0 pc=0xb962de
golang.org/x/sync/errgroup.(*Group).add.func1()
	/home/jade/go/pkg/mod/golang.org/x/sync@v0.15.0/errgroup/errgroup.go:128 +0x7e fp=0xc0003c3fe0 sp=0xc0003c3f58 pc=0x5832be
runtime.goexit({})
	/home/jade/.local/go/src/runtime/asm_amd64.s:1700 +0x1 fp=0xc0003c3fe8 sp=0xc0003c3fe0 pc=0x47b241
created by golang.org/x/sync/errgroup.(*Group).add in goroutine 1
	/home/jade/go/pkg/mod/golang.org/x/sync@v0.15.0/errgroup/errgroup.go:96 +0x76

rax    0x0
rbx    0x2e51cf
rcx    0x750c1a09eb2c
rdx    0x6
rdi    0x2e5189
rsi    0x2e51cf
rbp    0x750b397f92a0
rsp    0x750b397f9260
r8     0x1d
r9     0xffffffffffffffe0
r10    0x8
r11    0x246
r12    0x6
r13    0x3f8abbc00
r14    0x16
r15    0x400001
rip    0x750c1a09eb2c
rflags 0x246
cs     0x33
fs     0x0
gs     0x0
exit status 2
