compile inner 耗时: 987.055747 ms
[INFO] ICICLE backend loaded from $ICICLE_BACKEND_INSTALL_DIR=/home/jade/.local/icicle/lib/backend
prove() -> icicle device setup 耗时: 151.815951ms
		commitOnGPUOrCPU() || GPU 开始 commitLagrange 预计算

=============================================== OnDeviceCommitWithPrecompute() start ================================================

========= cfg config info ==========
N: 512
prove() -> initBlindingPolynomials 耗时: 0.006796ms
StreamHandle: <nil>
PrecomputeFactor: 5
C: 0
Bitsize: 0
BatchSize: 1
ArePointsSharedInBatch: true
AreScalarsMontgomeryForm: true
AreBasesMontgomeryForm: false
IsAsync: true
Ext: <nil>
========= cfg config info ==========

		[OnDeviceCommitWithPrecompute: Before HostSliceFromElements] GPU memory: used=559 MiB / total=24081 MiB (2.3%)
		[OnDeviceCommitWithPrecompute: Before HostSliceFromElements] CPU memory: allocated=1538 MiB, total_allocated=3076 MiB, sys=3100 MiB
		[OnDeviceCommitWithPrecompute: After HostSliceFromElements] GPU memory: used=559 MiB / total=24081 MiB (2.3%)
		[OnDeviceCommitWithPrecompute: After HostSliceFromElements] CPU memory: allocated=1538 MiB, total_allocated=3076 MiB, sys=3100 MiB
		[OnDeviceCommitWithPrecompute: Before CopyToDevice] GPU memory: used=559 MiB / total=24081 MiB (2.3%)
		[OnDeviceCommitWithPrecompute: Before CopyToDevice] CPU memory: allocated=1538 MiB, total_allocated=3076 MiB, sys=3100 MiB
		[OnDeviceCommitWithPrecompute: After CopyToDevice] GPU memory: used=559 MiB / total=24081 MiB (2.3%)
		[OnDeviceCommitWithPrecompute: After CopyToDevice] CPU memory: allocated=1538 MiB, total_allocated=3076 MiB, sys=3100 MiB
	OnDeviceCommitWithPrecompute() || CopyToDevice 耗时: 7.614546 ms
	OnDeviceCommitWithPrecompute() || icicle_msm.Msm() 耗时: 1.673706 ms
=============================================== OnDeviceCommitWithPrecompute() end ================================================

	solveConstraints() || s.spr.Solve() (L, R, O) 耗时: 9.558468 ms
	solveConstraints() || sets x[id_L], x[id_R], x[id_O] 耗时: 0.005594 ms
		commitOnGPUOrCPU() || GPU 开始 commitLagrange 预计算

=============================================== OnDeviceCommitWithPrecompute() start ================================================

========= cfg config info ==========
N: 512
StreamHandle: <nil>
PrecomputeFactor: 5
C: 0
Bitsize: 0
BatchSize: 1
ArePointsSharedInBatch: false
AreScalarsMontgomeryForm: true
AreBasesMontgomeryForm: false
IsAsync: true
Ext: <nil>
========= cfg config info ==========

		[OnDeviceCommitWithPrecompute: Before HostSliceFromElements] GPU memory: used=559 MiB / total=24081 MiB (2.3%)
		[OnDeviceCommitWithPrecompute: Before HostSliceFromElements] CPU memory: allocated=1538 MiB, total_allocated=3076 MiB, sys=3100 MiB
		[OnDeviceCommitWithPrecompute: After HostSliceFromElements] GPU memory: used=559 MiB / total=24081 MiB (2.3%)
		[OnDeviceCommitWithPrecompute: After HostSliceFromElements] CPU memory: allocated=1538 MiB, total_allocated=3076 MiB, sys=3100 MiB
		[OnDeviceCommitWithPrecompute: Before CopyToDevice] GPU memory: used=559 MiB / total=24081 MiB (2.3%)
		[OnDeviceCommitWithPrecompute: Before CopyToDevice] CPU memory: allocated=1538 MiB, total_allocated=3076 MiB, sys=3100 MiB
		[OnDeviceCommitWithPrecompute: After CopyToDevice] GPU memory: used=559 MiB / total=24081 MiB (2.3%)
		[OnDeviceCommitWithPrecompute: After CopyToDevice] CPU memory: allocated=1538 MiB, total_allocated=3076 MiB, sys=3100 MiB
	OnDeviceCommitWithPrecompute() || CopyToDevice 耗时: 0.170861 ms
	OnDeviceCommitWithPrecompute() || icicle_msm.Msm() 耗时: 2.539889 ms
=============================================== OnDeviceCommitWithPrecompute() end ================================================

			commitToPolyAndBlinding() -> commit to p 耗时: 2.776722ms
			commitToPolyAndBlinding() -> commit to b 耗时: 9.004273ms
			commitToPolyAndBlinding() -> commit_p + commit_b 耗时: 0.003384ms
		commitToLRO() || commitToPolyAndBlinding(s.x[id_L], s.bp[id_Bl]) LRO[0] 耗时: 11.787737ms
		commitOnGPUOrCPU() || GPU 开始 commitLagrange 预计算

=============================================== OnDeviceCommitWithPrecompute() start ================================================

========= cfg config info ==========
N: 512
StreamHandle: <nil>
PrecomputeFactor: 5
C: 0
Bitsize: 0
BatchSize: 1
ArePointsSharedInBatch: false
AreScalarsMontgomeryForm: true
AreBasesMontgomeryForm: false
IsAsync: true
Ext: <nil>
========= cfg config info ==========

		[OnDeviceCommitWithPrecompute: Before HostSliceFromElements] GPU memory: used=559 MiB / total=24081 MiB (2.3%)
		[OnDeviceCommitWithPrecompute: Before HostSliceFromElements] CPU memory: allocated=1538 MiB, total_allocated=3076 MiB, sys=3100 MiB
		[OnDeviceCommitWithPrecompute: After HostSliceFromElements] GPU memory: used=559 MiB / total=24081 MiB (2.3%)
		[OnDeviceCommitWithPrecompute: After HostSliceFromElements] CPU memory: allocated=1538 MiB, total_allocated=3076 MiB, sys=3100 MiB
		[OnDeviceCommitWithPrecompute: Before CopyToDevice] GPU memory: used=559 MiB / total=24081 MiB (2.3%)
		[OnDeviceCommitWithPrecompute: Before CopyToDevice] CPU memory: allocated=1538 MiB, total_allocated=3076 MiB, sys=3100 MiB
		[OnDeviceCommitWithPrecompute: After CopyToDevice] GPU memory: used=559 MiB / total=24081 MiB (2.3%)
		[OnDeviceCommitWithPrecompute: After CopyToDevice] CPU memory: allocated=1538 MiB, total_allocated=3076 MiB, sys=3100 MiB
	OnDeviceCommitWithPrecompute() || CopyToDevice 耗时: 0.027544 ms
	OnDeviceCommitWithPrecompute() || icicle_msm.Msm() 耗时: 3.228083 ms
=============================================== OnDeviceCommitWithPrecompute() end ================================================

			commitToPolyAndBlinding() -> commit to p 耗时: 3.436297ms
			commitToPolyAndBlinding() -> commit to b 耗时: 8.870815ms
			commitToPolyAndBlinding() -> commit_p + commit_b 耗时: 0.003042ms
		commitToLRO() || commitToPolyAndBlinding(s.x[id_R], s.bp[id_Br]) LRO[1] 耗时: 12.312836ms
		commitOnGPUOrCPU() || GPU 开始 commitLagrange 预计算

=============================================== OnDeviceCommitWithPrecompute() start ================================================

========= cfg config info ==========
N: 512
StreamHandle: <nil>
PrecomputeFactor: 5
C: 0
Bitsize: 0
BatchSize: 1
ArePointsSharedInBatch: false
AreScalarsMontgomeryForm: true
AreBasesMontgomeryForm: false
IsAsync: true
Ext: <nil>
========= cfg config info ==========

		[OnDeviceCommitWithPrecompute: Before HostSliceFromElements] GPU memory: used=559 MiB / total=24081 MiB (2.3%)
		[OnDeviceCommitWithPrecompute: Before HostSliceFromElements] CPU memory: allocated=1538 MiB, total_allocated=3076 MiB, sys=3100 MiB
		[OnDeviceCommitWithPrecompute: After HostSliceFromElements] GPU memory: used=559 MiB / total=24081 MiB (2.3%)
		[OnDeviceCommitWithPrecompute: After HostSliceFromElements] CPU memory: allocated=1538 MiB, total_allocated=3076 MiB, sys=3100 MiB
		[OnDeviceCommitWithPrecompute: Before CopyToDevice] GPU memory: used=559 MiB / total=24081 MiB (2.3%)
		[OnDeviceCommitWithPrecompute: Before CopyToDevice] CPU memory: allocated=1538 MiB, total_allocated=3076 MiB, sys=3100 MiB
		[OnDeviceCommitWithPrecompute: After CopyToDevice] GPU memory: used=559 MiB / total=24081 MiB (2.3%)
		[OnDeviceCommitWithPrecompute: After CopyToDevice] CPU memory: allocated=1538 MiB, total_allocated=3076 MiB, sys=3100 MiB
	OnDeviceCommitWithPrecompute() || CopyToDevice 耗时: 0.108906 ms
	OnDeviceCommitWithPrecompute() || icicle_msm.Msm() 耗时: 2.478777 ms
=============================================== OnDeviceCommitWithPrecompute() end ================================================

			commitToPolyAndBlinding() -> commit to p 耗时: 2.690434ms
			commitToPolyAndBlinding() -> commit to b 耗时: 9.134531ms
			commitToPolyAndBlinding() -> commit_p + commit_b 耗时: 0.003471ms
		commitToLRO() || commitToPolyAndBlinding(s.x[id_O], s.bp[id_Bo]) LRO[2] 耗时: 11.833224ms
		commitToLRO() || 总耗时: 35.935673ms
	solveConstraints() || commitToLRO() 耗时: 35.936651 ms
prove() -> solveConstraints 耗时: 45.503309ms
		completeQk() || wait for solver to be done 耗时: 45.463755ms
prove() -> completeQk 耗时: 45.473784ms
		deriveGammaAndBeta() || wait for LRO to be committed 耗时: 44.795156ms
		computeQuotient() || wait for solver to be done 耗时: 45.165653ms
prove() -> deriveGammaAndBeta 耗时: 45.253648ms
		buildRatioCopyConstraint() || wait for gamma and beta to be derived 耗时: 45.645941ms
		buildRatioCopyConstraint() || iop.BuildRatioCopyConstraint 耗时: 0.218958ms
		commitOnGPUOrCPU() || GPU 开始 commitLagrange 预计算

=============================================== OnDeviceCommitWithPrecompute() start ================================================

========= cfg config info ==========
N: 512
StreamHandle: <nil>
PrecomputeFactor: 5
C: 0
Bitsize: 0
BatchSize: 1
ArePointsSharedInBatch: false
AreScalarsMontgomeryForm: true
AreBasesMontgomeryForm: false
IsAsync: true
Ext: <nil>
========= cfg config info ==========

		[OnDeviceCommitWithPrecompute: Before HostSliceFromElements] GPU memory: used=559 MiB / total=24081 MiB (2.3%)
		[OnDeviceCommitWithPrecompute: Before HostSliceFromElements] CPU memory: allocated=1538 MiB, total_allocated=3076 MiB, sys=3100 MiB
		[OnDeviceCommitWithPrecompute: After HostSliceFromElements] GPU memory: used=559 MiB / total=24081 MiB (2.3%)
		[OnDeviceCommitWithPrecompute: After HostSliceFromElements] CPU memory: allocated=1538 MiB, total_allocated=3076 MiB, sys=3100 MiB
		[OnDeviceCommitWithPrecompute: Before CopyToDevice] GPU memory: used=559 MiB / total=24081 MiB (2.3%)
		[OnDeviceCommitWithPrecompute: Before CopyToDevice] CPU memory: allocated=1538 MiB, total_allocated=3076 MiB, sys=3100 MiB
		[OnDeviceCommitWithPrecompute: After CopyToDevice] GPU memory: used=559 MiB / total=24081 MiB (2.3%)
		[OnDeviceCommitWithPrecompute: After CopyToDevice] CPU memory: allocated=1538 MiB, total_allocated=3076 MiB, sys=3100 MiB
	OnDeviceCommitWithPrecompute() || CopyToDevice 耗时: 0.180435 ms
	OnDeviceCommitWithPrecompute() || icicle_msm.Msm() 耗时: 2.413271 ms
=============================================== OnDeviceCommitWithPrecompute() end ================================================

			commitToPolyAndBlinding() -> commit to p 耗时: 2.767304ms
			commitToPolyAndBlinding() -> commit to b 耗时: 8.881964ms
			commitToPolyAndBlinding() -> commit_p + commit_b 耗时: 0.003411ms
		buildRatioCopyConstraint() || commitToPolyAndBlinding(s.x[id_Z], s.bp[id_Bz]) 耗时: 11.672589ms
prove() -> buildRatioCopyConstraint 耗时: 57.544424ms
		computeQuotient() || wait for Z to be committed 耗时: 12.000468ms
	computeQuotient() || prepare to compute & derive alpha): 57.244552 ms
	computeQuotient() || computeNumerator() 耗时: 8.012999 ms
		divideByZH() || parallelize divide 耗时: 0.067198 ms
		divideByZH() || ToCanonical 耗时: 0.251449 ms
	computeQuotient() || divideByZH() 耗时: 0.330953 ms
		commitOnGPUOrCPU() || GPU 开始 commitMonomial 预计算, neededPrecompLen: 2570

=============================================== OnDeviceCommitWithPrecompute() start ================================================

========= cfg config info ==========
N: 514
StreamHandle: <nil>
PrecomputeFactor: 5
C: 0
Bitsize: 0
BatchSize: 1
ArePointsSharedInBatch: true
AreScalarsMontgomeryForm: true
AreBasesMontgomeryForm: false
IsAsync: true
Ext: <nil>
========= cfg config info ==========

		commitOnGPUOrCPU() || GPU 开始 commitMonomial 预计算, neededPrecompLen: 2570

=============================================== OnDeviceCommitWithPrecompute() start ================================================

========= cfg config info ==========
N: 514
StreamHandle: <nil>
PrecomputeFactor: 5
C: 0
Bitsize: 0
BatchSize: 1
ArePointsSharedInBatch: true
AreScalarsMontgomeryForm: true
AreBasesMontgomeryForm: false
IsAsync: true
Ext: <nil>
========= cfg config info ==========

		[OnDeviceCommitWithPrecompute: Before HostSliceFromElements] GPU memory: used=559 MiB / total=24081 MiB (2.3%)
		[OnDeviceCommitWithPrecompute: Before HostSliceFromElements] CPU memory: allocated=1539 MiB, total_allocated=3076 MiB, sys=3100 MiB
		commitOnGPUOrCPU() || GPU 开始 commitMonomial 预计算, neededPrecompLen: 2570

=============================================== OnDeviceCommitWithPrecompute() start ================================================

========= cfg config info ==========
N: 514
StreamHandle: <nil>
PrecomputeFactor: 5
C: 0
Bitsize: 0
BatchSize: 1
ArePointsSharedInBatch: true
AreScalarsMontgomeryForm: true
AreBasesMontgomeryForm: false
IsAsync: true
Ext: <nil>
========= cfg config info ==========

		[OnDeviceCommitWithPrecompute: Before HostSliceFromElements] GPU memory: used=559 MiB / total=24081 MiB (2.3%)
		[OnDeviceCommitWithPrecompute: Before HostSliceFromElements] GPU memory: used=559 MiB / total=24081 MiB (2.3%)
		[OnDeviceCommitWithPrecompute: After HostSliceFromElements] GPU memory: used=559 MiB / total=24081 MiB (2.3%)
		[OnDeviceCommitWithPrecompute: After HostSliceFromElements] CPU memory: allocated=1539 MiB, total_allocated=3076 MiB, sys=3100 MiB
		[OnDeviceCommitWithPrecompute: Before HostSliceFromElements] CPU memory: allocated=1539 MiB, total_allocated=3076 MiB, sys=3100 MiB
		[OnDeviceCommitWithPrecompute: Before HostSliceFromElements] CPU memory: allocated=1539 MiB, total_allocated=3076 MiB, sys=3100 MiB
		[OnDeviceCommitWithPrecompute: Before CopyToDevice] GPU memory: used=559 MiB / total=24081 MiB (2.3%)
		[OnDeviceCommitWithPrecompute: Before CopyToDevice] CPU memory: allocated=1539 MiB, total_allocated=3076 MiB, sys=3100 MiB
		[OnDeviceCommitWithPrecompute: After HostSliceFromElements] GPU memory: used=559 MiB / total=24081 MiB (2.3%)
		[OnDeviceCommitWithPrecompute: After HostSliceFromElements] CPU memory: allocated=1539 MiB, total_allocated=3076 MiB, sys=3100 MiB
		[OnDeviceCommitWithPrecompute: After HostSliceFromElements] GPU memory: used=559 MiB / total=24081 MiB (2.3%)
		[OnDeviceCommitWithPrecompute: After HostSliceFromElements] CPU memory: allocated=1539 MiB, total_allocated=3076 MiB, sys=3100 MiB
		[OnDeviceCommitWithPrecompute: Before CopyToDevice] GPU memory: used=559 MiB / total=24081 MiB (2.3%)
		[OnDeviceCommitWithPrecompute: Before CopyToDevice] CPU memory: allocated=1539 MiB, total_allocated=3076 MiB, sys=3100 MiB
		[OnDeviceCommitWithPrecompute: After CopyToDevice] GPU memory: used=559 MiB / total=24081 MiB (2.3%)
		[OnDeviceCommitWithPrecompute: After CopyToDevice] CPU memory: allocated=1539 MiB, total_allocated=3076 MiB, sys=3100 MiB
	OnDeviceCommitWithPrecompute() || CopyToDevice 耗时: 0.470366 ms
		[OnDeviceCommitWithPrecompute: Before CopyToDevice] GPU memory: used=559 MiB / total=24081 MiB (2.3%)
		[OnDeviceCommitWithPrecompute: Before CopyToDevice] CPU memory: allocated=1539 MiB, total_allocated=3076 MiB, sys=3100 MiB
		[OnDeviceCommitWithPrecompute: After CopyToDevice] GPU memory: used=559 MiB / total=24081 MiB (2.3%)
		[OnDeviceCommitWithPrecompute: After CopyToDevice] CPU memory: allocated=1539 MiB, total_allocated=3076 MiB, sys=3100 MiB
	OnDeviceCommitWithPrecompute() || CopyToDevice 耗时: 0.210466 ms
		[OnDeviceCommitWithPrecompute: After CopyToDevice] GPU memory: used=559 MiB / total=24081 MiB (2.3%)
		[OnDeviceCommitWithPrecompute: After CopyToDevice] CPU memory: allocated=1539 MiB, total_allocated=3076 MiB, sys=3100 MiB
	OnDeviceCommitWithPrecompute() || CopyToDevice 耗时: 0.236305 ms
	OnDeviceCommitWithPrecompute() || icicle_msm.Msm() 耗时: 4.593140 ms
=============================================== OnDeviceCommitWithPrecompute() end ================================================

		commitToQuotient() || commit h1 耗时: 6.213174 ms
	OnDeviceCommitWithPrecompute() || icicle_msm.Msm() 耗时: 5.643928 ms
=============================================== OnDeviceCommitWithPrecompute() end ================================================

		commitToQuotient() || commit h3 耗时: 7.196376 ms
	OnDeviceCommitWithPrecompute() || icicle_msm.Msm() 耗时: 6.549491 ms
=============================================== OnDeviceCommitWithPrecompute() end ================================================

		commitToQuotient() || commit h2 耗时: 7.258695 ms
		commitToQuotient() || 总耗时: 7.279881 ms
	computeQuotient() || commitToQuotient() 耗时: 7.281983 ms
	computeQuotient() || deriveZeta() & clean up 耗时: 0.884276 ms
prove() -> computeQuotient 耗时: 73.774524ms
		openZ() || wait for H to be committed and zeta to be derived 耗时: 73.765397ms
		openZ() || getBlindedCoefficients 耗时: 0.015675ms
		computeLinearizedPolynomial() || wait for H to be committed and zeta to be derived 耗时: 73.806722ms
		openZ() || Open 耗时: 6.253155ms
prove() -> openZ 耗时: 80.053562ms
		computeLinearizedPolynomial() || innerComputeLinearizedPoly 耗时: 6.664514ms
		commitOnGPUOrCPU() || GPU 开始 commitMonomial 预计算, neededPrecompLen: 2575

=============================================== OnDeviceCommitWithPrecompute() start ================================================

========= cfg config info ==========
N: 515
StreamHandle: <nil>
PrecomputeFactor: 5
C: 0
Bitsize: 0
BatchSize: 1
ArePointsSharedInBatch: false
AreScalarsMontgomeryForm: true
AreBasesMontgomeryForm: false
IsAsync: true
Ext: <nil>
========= cfg config info ==========

		[OnDeviceCommitWithPrecompute: Before HostSliceFromElements] GPU memory: used=559 MiB / total=24081 MiB (2.3%)
		[OnDeviceCommitWithPrecompute: Before HostSliceFromElements] CPU memory: allocated=1539 MiB, total_allocated=3076 MiB, sys=3100 MiB
		[OnDeviceCommitWithPrecompute: After HostSliceFromElements] GPU memory: used=559 MiB / total=24081 MiB (2.3%)
		[OnDeviceCommitWithPrecompute: After HostSliceFromElements] CPU memory: allocated=1539 MiB, total_allocated=3076 MiB, sys=3100 MiB
		[OnDeviceCommitWithPrecompute: Before CopyToDevice] GPU memory: used=559 MiB / total=24081 MiB (2.3%)
		[OnDeviceCommitWithPrecompute: Before CopyToDevice] CPU memory: allocated=1539 MiB, total_allocated=3076 MiB, sys=3100 MiB
		[OnDeviceCommitWithPrecompute: After CopyToDevice] GPU memory: used=559 MiB / total=24081 MiB (2.3%)
		[OnDeviceCommitWithPrecompute: After CopyToDevice] CPU memory: allocated=1539 MiB, total_allocated=3076 MiB, sys=3100 MiB
	OnDeviceCommitWithPrecompute() || CopyToDevice 耗时: 0.302294 ms
	OnDeviceCommitWithPrecompute() || icicle_msm.Msm() 耗时: 2.629948 ms
=============================================== OnDeviceCommitWithPrecompute() end ================================================

		computeLinearizedPolynomial() || kzg.Commit 耗时: 3.269344 ms
prove() -> computeLinearizedPolynomial 耗时: 83.771967ms
		batchOpening() || wait for linearizedPolynomial 耗时: 84.194949ms
		batchOpening() || prepare polysToOpen and digestsToOpen 耗时: 0.007417ms
		commitOnGPUOrCPU() || GPU 开始 commitMonomial 预计算, neededPrecompLen: 2570

=============================================== OnDeviceCommitWithPrecompute() start ================================================

========= cfg config info ==========
N: 514
StreamHandle: <nil>
PrecomputeFactor: 5
C: 0
Bitsize: 0
BatchSize: 1
ArePointsSharedInBatch: false
AreScalarsMontgomeryForm: true
AreBasesMontgomeryForm: false
IsAsync: true
Ext: <nil>
========= cfg config info ==========

		[OnDeviceCommitWithPrecompute: Before HostSliceFromElements] GPU memory: used=559 MiB / total=24081 MiB (2.3%)
		[OnDeviceCommitWithPrecompute: Before HostSliceFromElements] CPU memory: allocated=1539 MiB, total_allocated=3077 MiB, sys=3100 MiB
		[OnDeviceCommitWithPrecompute: After HostSliceFromElements] GPU memory: used=559 MiB / total=24081 MiB (2.3%)
		[OnDeviceCommitWithPrecompute: After HostSliceFromElements] CPU memory: allocated=1539 MiB, total_allocated=3077 MiB, sys=3100 MiB
		[OnDeviceCommitWithPrecompute: Before CopyToDevice] GPU memory: used=559 MiB / total=24081 MiB (2.3%)
		[OnDeviceCommitWithPrecompute: Before CopyToDevice] CPU memory: allocated=1539 MiB, total_allocated=3077 MiB, sys=3100 MiB
		[OnDeviceCommitWithPrecompute: After CopyToDevice] GPU memory: used=559 MiB / total=24081 MiB (2.3%)
		[OnDeviceCommitWithPrecompute: After CopyToDevice] CPU memory: allocated=1539 MiB, total_allocated=3077 MiB, sys=3100 MiB
	OnDeviceCommitWithPrecompute() || CopyToDevice 耗时: 0.331761 ms
	OnDeviceCommitWithPrecompute() || icicle_msm.Msm() 耗时: 2.634925 ms
=============================================== OnDeviceCommitWithPrecompute() end ================================================

		BatchOpenSinglePoint  ||  commitOnGPUOrCPU() 耗时: 3.307608 ms
		batchOpening() || BatchOpenSinglePoint 耗时: 5.118359ms
prove() -> batchOpening 耗时: 89.343850ms
prove() -> prove() 总耗时: 89.505822ms
prove inner 耗时: 1174.173370 ms
verify inner 耗时: 3.141481 ms
assemble Poseidon2-FS inputs 耗时: 2.291673 ms
compile outer(frontend.Compile) 耗时: 2638.060255 ms
[outer] nbConstraints=6312220 nbPublic=4 nbSecret=168
solve outer 耗时: 1613.835466ms
outer circuit solved
compile outer(pkOuter.Compile) 耗时: 14526.737616 ms
[INFO] ICICLE backend loaded from $ICICLE_BACKEND_INSTALL_DIR=/home/jade/.local/icicle/lib/backend
prove() -> icicle device setup 耗时: 906.423868ms
prove() -> initBlindingPolynomials 耗时: 0.012912ms
		commitOnGPUOrCPU() || GPU 开始 commitLagrange 预计算

=============================================== OnDeviceCommitWithPrecompute() start ================================================

========= cfg config info ==========
N: 8388608
StreamHandle: <nil>
PrecomputeFactor: 5
C: 0
Bitsize: 0
BatchSize: 1
ArePointsSharedInBatch: true
AreScalarsMontgomeryForm: true
AreBasesMontgomeryForm: false
IsAsync: true
Ext: <nil>
========= cfg config info ==========

		[OnDeviceCommitWithPrecompute: Before HostSliceFromElements] GPU memory: used=9523 MiB / total=24081 MiB (39.5%)
		[OnDeviceCommitWithPrecompute: Before HostSliceFromElements] CPU memory: allocated=6958 MiB, total_allocated=40384 MiB, sys=10864 MiB
		[OnDeviceCommitWithPrecompute: After HostSliceFromElements] GPU memory: used=9523 MiB / total=24081 MiB (39.5%)
		[OnDeviceCommitWithPrecompute: After HostSliceFromElements] CPU memory: allocated=6958 MiB, total_allocated=40384 MiB, sys=10864 MiB
		[OnDeviceCommitWithPrecompute: Before CopyToDevice] GPU memory: used=9523 MiB / total=24081 MiB (39.5%)
		[OnDeviceCommitWithPrecompute: Before CopyToDevice] CPU memory: allocated=6958 MiB, total_allocated=40384 MiB, sys=10864 MiB
		[OnDeviceCommitWithPrecompute: After CopyToDevice] GPU memory: used=9779 MiB / total=24081 MiB (40.6%)
		[OnDeviceCommitWithPrecompute: After CopyToDevice] CPU memory: allocated=6958 MiB, total_allocated=40384 MiB, sys=10864 MiB
	OnDeviceCommitWithPrecompute() || CopyToDevice 耗时: 41.016912 ms
	OnDeviceCommitWithPrecompute() || icicle_msm.Msm() 耗时: 51.046867 ms
=============================================== OnDeviceCommitWithPrecompute() end ================================================

	solveConstraints() || s.spr.Solve() (L, R, O) 耗时: 1453.365852 ms
	solveConstraints() || sets x[id_L], x[id_R], x[id_O] 耗时: 0.010132 ms
		commitOnGPUOrCPU() || GPU 开始 commitLagrange 预计算

=============================================== OnDeviceCommitWithPrecompute() start ================================================

========= cfg config info ==========
N: 8388608
StreamHandle: <nil>
PrecomputeFactor: 5
C: 0
Bitsize: 0
BatchSize: 1
ArePointsSharedInBatch: false
AreScalarsMontgomeryForm: true
AreBasesMontgomeryForm: false
IsAsync: true
Ext: <nil>
========= cfg config info ==========

		[OnDeviceCommitWithPrecompute: Before HostSliceFromElements] GPU memory: used=9523 MiB / total=24081 MiB (39.5%)
		[OnDeviceCommitWithPrecompute: Before HostSliceFromElements] CPU memory: allocated=7742 MiB, total_allocated=41168 MiB, sys=10864 MiB
		[OnDeviceCommitWithPrecompute: After HostSliceFromElements] GPU memory: used=9523 MiB / total=24081 MiB (39.5%)
		[OnDeviceCommitWithPrecompute: After HostSliceFromElements] CPU memory: allocated=7742 MiB, total_allocated=41168 MiB, sys=10864 MiB
		[OnDeviceCommitWithPrecompute: Before CopyToDevice] GPU memory: used=9523 MiB / total=24081 MiB (39.5%)
		[OnDeviceCommitWithPrecompute: Before CopyToDevice] CPU memory: allocated=7742 MiB, total_allocated=41168 MiB, sys=10864 MiB
		[OnDeviceCommitWithPrecompute: After CopyToDevice] GPU memory: used=9779 MiB / total=24081 MiB (40.6%)
		[OnDeviceCommitWithPrecompute: After CopyToDevice] CPU memory: allocated=7742 MiB, total_allocated=41168 MiB, sys=10864 MiB
	OnDeviceCommitWithPrecompute() || CopyToDevice 耗时: 41.152513 ms
	OnDeviceCommitWithPrecompute() || icicle_msm.Msm() 耗时: 60.360165 ms
=============================================== OnDeviceCommitWithPrecompute() end ================================================

			commitToPolyAndBlinding() -> commit to p 耗时: 103.480290ms
			commitToPolyAndBlinding() -> commit to b 耗时: 19.990018ms
			commitToPolyAndBlinding() -> commit_p + commit_b 耗时: 0.003499ms
		commitToLRO() || commitToPolyAndBlinding(s.x[id_L], s.bp[id_Bl]) LRO[0] 耗时: 123.482436ms
		commitOnGPUOrCPU() || GPU 开始 commitLagrange 预计算

=============================================== OnDeviceCommitWithPrecompute() start ================================================

========= cfg config info ==========
N: 8388608
StreamHandle: <nil>
PrecomputeFactor: 5
C: 0
Bitsize: 0
BatchSize: 1
ArePointsSharedInBatch: false
AreScalarsMontgomeryForm: true
AreBasesMontgomeryForm: false
IsAsync: true
Ext: <nil>
========= cfg config info ==========

		[OnDeviceCommitWithPrecompute: Before HostSliceFromElements] GPU memory: used=9523 MiB / total=24081 MiB (39.5%)
		[OnDeviceCommitWithPrecompute: Before HostSliceFromElements] CPU memory: allocated=7742 MiB, total_allocated=41168 MiB, sys=10864 MiB
		[OnDeviceCommitWithPrecompute: After HostSliceFromElements] GPU memory: used=9523 MiB / total=24081 MiB (39.5%)
		[OnDeviceCommitWithPrecompute: After HostSliceFromElements] CPU memory: allocated=7742 MiB, total_allocated=41168 MiB, sys=10864 MiB
		[OnDeviceCommitWithPrecompute: Before CopyToDevice] GPU memory: used=9523 MiB / total=24081 MiB (39.5%)
		[OnDeviceCommitWithPrecompute: Before CopyToDevice] CPU memory: allocated=7742 MiB, total_allocated=41168 MiB, sys=10864 MiB
		[OnDeviceCommitWithPrecompute: After CopyToDevice] GPU memory: used=9779 MiB / total=24081 MiB (40.6%)
		[OnDeviceCommitWithPrecompute: After CopyToDevice] CPU memory: allocated=7742 MiB, total_allocated=41168 MiB, sys=10864 MiB
	OnDeviceCommitWithPrecompute() || CopyToDevice 耗时: 41.215318 ms
	OnDeviceCommitWithPrecompute() || icicle_msm.Msm() 耗时: 63.934930 ms
=============================================== OnDeviceCommitWithPrecompute() end ================================================

			commitToPolyAndBlinding() -> commit to p 耗时: 108.684130ms
			commitToPolyAndBlinding() -> commit to b 耗时: 15.191362ms
			commitToPolyAndBlinding() -> commit_p + commit_b 耗时: 0.003307ms
		commitToLRO() || commitToPolyAndBlinding(s.x[id_R], s.bp[id_Br]) LRO[1] 耗时: 123.886209ms
		commitOnGPUOrCPU() || GPU 开始 commitLagrange 预计算

=============================================== OnDeviceCommitWithPrecompute() start ================================================

========= cfg config info ==========
N: 8388608
StreamHandle: <nil>
PrecomputeFactor: 5
C: 0
Bitsize: 0
BatchSize: 1
ArePointsSharedInBatch: false
AreScalarsMontgomeryForm: true
AreBasesMontgomeryForm: false
IsAsync: true
Ext: <nil>
========= cfg config info ==========

		[OnDeviceCommitWithPrecompute: Before HostSliceFromElements] GPU memory: used=9523 MiB / total=24081 MiB (39.5%)
		[OnDeviceCommitWithPrecompute: Before HostSliceFromElements] CPU memory: allocated=7742 MiB, total_allocated=41168 MiB, sys=10864 MiB
		[OnDeviceCommitWithPrecompute: After HostSliceFromElements] GPU memory: used=9523 MiB / total=24081 MiB (39.5%)
		[OnDeviceCommitWithPrecompute: After HostSliceFromElements] CPU memory: allocated=7742 MiB, total_allocated=41168 MiB, sys=10864 MiB
		[OnDeviceCommitWithPrecompute: Before CopyToDevice] GPU memory: used=9523 MiB / total=24081 MiB (39.5%)
		[OnDeviceCommitWithPrecompute: Before CopyToDevice] CPU memory: allocated=7742 MiB, total_allocated=41168 MiB, sys=10864 MiB
		[OnDeviceCommitWithPrecompute: After CopyToDevice] GPU memory: used=9779 MiB / total=24081 MiB (40.6%)
		[OnDeviceCommitWithPrecompute: After CopyToDevice] CPU memory: allocated=7742 MiB, total_allocated=41168 MiB, sys=10864 MiB
	OnDeviceCommitWithPrecompute() || CopyToDevice 耗时: 41.016451 ms
	OnDeviceCommitWithPrecompute() || icicle_msm.Msm() 耗时: 60.970892 ms
=============================================== OnDeviceCommitWithPrecompute() end ================================================

			commitToPolyAndBlinding() -> commit to p 耗时: 103.972120ms
			commitToPolyAndBlinding() -> commit to b 耗时: 13.806252ms
			commitToPolyAndBlinding() -> commit_p + commit_b 耗时: 0.003402ms
		commitToLRO() || commitToPolyAndBlinding(s.x[id_O], s.bp[id_Bo]) LRO[2] 耗时: 117.789615ms
		commitToLRO() || 总耗时: 365.160607ms
	solveConstraints() || commitToLRO() 耗时: 365.162254 ms
prove() -> solveConstraints 耗时: 1818.552286ms
		deriveGammaAndBeta() || wait for LRO to be committed 耗时: 1817.260680ms
		completeQk() || wait for solver to be done 耗时: 1717.740417ms
prove() -> completeQk 耗时: 1818.573994ms
		computeQuotient() || wait for solver to be done 耗时: 1753.606081ms
prove() -> deriveGammaAndBeta 耗时: 1818.568962ms
		buildRatioCopyConstraint() || wait for gamma and beta to be derived 耗时: 1818.655595ms
		buildRatioCopyConstraint() || iop.BuildRatioCopyConstraint 耗时: 710.891235ms
		commitOnGPUOrCPU() || GPU 开始 commitLagrange 预计算

=============================================== OnDeviceCommitWithPrecompute() start ================================================

========= cfg config info ==========
N: 8388608
StreamHandle: <nil>
PrecomputeFactor: 5
C: 0
Bitsize: 0
BatchSize: 1
ArePointsSharedInBatch: false
AreScalarsMontgomeryForm: true
AreBasesMontgomeryForm: false
IsAsync: true
Ext: <nil>
========= cfg config info ==========

		[OnDeviceCommitWithPrecompute: Before HostSliceFromElements] GPU memory: used=9523 MiB / total=24081 MiB (39.5%)
		[OnDeviceCommitWithPrecompute: Before HostSliceFromElements] CPU memory: allocated=9279 MiB, total_allocated=42705 MiB, sys=10864 MiB
		[OnDeviceCommitWithPrecompute: After HostSliceFromElements] GPU memory: used=9523 MiB / total=24081 MiB (39.5%)
		[OnDeviceCommitWithPrecompute: After HostSliceFromElements] CPU memory: allocated=9279 MiB, total_allocated=42705 MiB, sys=10864 MiB
		[OnDeviceCommitWithPrecompute: Before CopyToDevice] GPU memory: used=9523 MiB / total=24081 MiB (39.5%)
		[OnDeviceCommitWithPrecompute: Before CopyToDevice] CPU memory: allocated=9279 MiB, total_allocated=42705 MiB, sys=10864 MiB
		[OnDeviceCommitWithPrecompute: After CopyToDevice] GPU memory: used=9779 MiB / total=24081 MiB (40.6%)
		[OnDeviceCommitWithPrecompute: After CopyToDevice] CPU memory: allocated=9279 MiB, total_allocated=42705 MiB, sys=10864 MiB
	OnDeviceCommitWithPrecompute() || CopyToDevice 耗时: 41.386140 ms
	OnDeviceCommitWithPrecompute() || icicle_msm.Msm() 耗时: 87.805818 ms
=============================================== OnDeviceCommitWithPrecompute() end ================================================

			commitToPolyAndBlinding() -> commit to p 耗时: 131.201214ms
			commitToPolyAndBlinding() -> commit to b 耗时: 15.908093ms
			commitToPolyAndBlinding() -> commit_p + commit_b 耗时: 0.003416ms
		buildRatioCopyConstraint() || commitToPolyAndBlinding(s.x[id_Z], s.bp[id_Bz]) 耗时: 147.129416ms
prove() -> buildRatioCopyConstraint 耗时: 2676.699010ms
		computeQuotient() || wait for Z to be committed 耗时: 858.117600ms
	computeQuotient() || prepare to compute & derive alpha): 2689.936959 ms
	computeQuotient() || computeNumerator() 耗时: 7249.328862 ms
		divideByZH() || parallelize divide 耗时: 50.817073 ms
		divideByZH() || ToCanonical 耗时: 725.638738 ms
	computeQuotient() || divideByZH() 耗时: 776.499325 ms
		commitOnGPUOrCPU() || GPU 开始 commitMonomial 预计算, neededPrecompLen: 25165830

=============================================== OnDeviceCommitWithPrecompute() start ================================================

========= cfg config info ==========
N: 8388610
StreamHandle: <nil>
PrecomputeFactor: 3
C: 0
Bitsize: 0
BatchSize: 1
ArePointsSharedInBatch: true
AreScalarsMontgomeryForm: true
AreBasesMontgomeryForm: false
IsAsync: true
Ext: <nil>
========= cfg config info ==========

		commitOnGPUOrCPU() || GPU 开始 commitMonomial 预计算, neededPrecompLen: 25165830

=============================================== OnDeviceCommitWithPrecompute() start ================================================

========= cfg config info ==========
N: 8388610
StreamHandle: <nil>
PrecomputeFactor: 3
C: 0
Bitsize: 0
BatchSize: 1
ArePointsSharedInBatch: true
AreScalarsMontgomeryForm: true
AreBasesMontgomeryForm: false
IsAsync: true
Ext: <nil>
========= cfg config info ==========

		[OnDeviceCommitWithPrecompute: Before HostSliceFromElements] GPU memory: used=13621 MiB / total=24081 MiB (56.6%)
		[OnDeviceCommitWithPrecompute: Before HostSliceFromElements] CPU memory: allocated=11968 MiB, total_allocated=45393 MiB, sys=12145 MiB
		[OnDeviceCommitWithPrecompute: After HostSliceFromElements] GPU memory: used=13621 MiB / total=24081 MiB (56.6%)
		[OnDeviceCommitWithPrecompute: After HostSliceFromElements] CPU memory: allocated=11968 MiB, total_allocated=45393 MiB, sys=12145 MiB
		[OnDeviceCommitWithPrecompute: Before CopyToDevice] GPU memory: used=13621 MiB / total=24081 MiB (56.6%)
		[OnDeviceCommitWithPrecompute: Before CopyToDevice] CPU memory: allocated=11968 MiB, total_allocated=45393 MiB, sys=12145 MiB
		[OnDeviceCommitWithPrecompute: Before HostSliceFromElements] GPU memory: used=13621 MiB / total=24081 MiB (56.6%)
		commitOnGPUOrCPU() || GPU 开始 commitMonomial 预计算, neededPrecompLen: 25165830

=============================================== OnDeviceCommitWithPrecompute() start ================================================

========= cfg config info ==========
N: 8388610
StreamHandle: <nil>
PrecomputeFactor: 3
C: 0
Bitsize: 0
BatchSize: 1
ArePointsSharedInBatch: true
AreScalarsMontgomeryForm: true
AreBasesMontgomeryForm: false
IsAsync: true
Ext: <nil>
========= cfg config info ==========

		[OnDeviceCommitWithPrecompute: Before HostSliceFromElements] GPU memory: used=13621 MiB / total=24081 MiB (56.6%)
		[OnDeviceCommitWithPrecompute: Before HostSliceFromElements] CPU memory: allocated=11968 MiB, total_allocated=45393 MiB, sys=12145 MiB
		[OnDeviceCommitWithPrecompute: After HostSliceFromElements] GPU memory: used=13621 MiB / total=24081 MiB (56.6%)
		[OnDeviceCommitWithPrecompute: After HostSliceFromElements] CPU memory: allocated=11968 MiB, total_allocated=45393 MiB, sys=12145 MiB
		[OnDeviceCommitWithPrecompute: Before CopyToDevice] GPU memory: used=13621 MiB / total=24081 MiB (56.6%)
		[OnDeviceCommitWithPrecompute: Before HostSliceFromElements] CPU memory: allocated=11968 MiB, total_allocated=45393 MiB, sys=12145 MiB
		[OnDeviceCommitWithPrecompute: After HostSliceFromElements] GPU memory: used=13621 MiB / total=24081 MiB (56.6%)
		[OnDeviceCommitWithPrecompute: Before CopyToDevice] CPU memory: allocated=11968 MiB, total_allocated=45393 MiB, sys=12145 MiB
		[OnDeviceCommitWithPrecompute: After HostSliceFromElements] CPU memory: allocated=11968 MiB, total_allocated=45393 MiB, sys=12145 MiB
		[OnDeviceCommitWithPrecompute: Before CopyToDevice] GPU memory: used=13621 MiB / total=24081 MiB (56.6%)
		[OnDeviceCommitWithPrecompute: Before CopyToDevice] CPU memory: allocated=11968 MiB, total_allocated=45393 MiB, sys=12145 MiB
		[OnDeviceCommitWithPrecompute: After CopyToDevice] GPU memory: used=13879 MiB / total=24081 MiB (57.6%)
		[OnDeviceCommitWithPrecompute: After CopyToDevice] CPU memory: allocated=11968 MiB, total_allocated=45393 MiB, sys=12145 MiB
	OnDeviceCommitWithPrecompute() || CopyToDevice 耗时: 99.410539 ms
		[OnDeviceCommitWithPrecompute: After CopyToDevice] GPU memory: used=14395 MiB / total=24081 MiB (59.8%)
		[OnDeviceCommitWithPrecompute: After CopyToDevice] CPU memory: allocated=11968 MiB, total_allocated=45393 MiB, sys=12145 MiB
	OnDeviceCommitWithPrecompute() || CopyToDevice 耗时: 140.207924 ms
		[OnDeviceCommitWithPrecompute: After CopyToDevice] GPU memory: used=14523 MiB / total=24081 MiB (60.3%)
		[OnDeviceCommitWithPrecompute: After CopyToDevice] CPU memory: allocated=11968 MiB, total_allocated=45393 MiB, sys=12145 MiB
	OnDeviceCommitWithPrecompute() || CopyToDevice 耗时: 181.736682 ms
!!!Unrecoverable!!! : an illegal memory access was encountered : detected by: cudaStreamSynchronize(cuda_stream) at: /home/jade/yola/build-icicle/icicle/backend/cuda/src/field/cuda_vec_ops.cu:50
The error is reported there and may be caused by prior calls.

!!!Unrecoverable!!! : an illegal memory access was encountered : detected by: cudaMemcpyAsync( final_result, d_allocated_final_result, sizeof(P) * batch_size, cudaMemcpyDeviceToHost, stream) at: /home/jade/yola/build-icicle/icicle/backend/cuda/src/msm/cuda_msm.cuh:1094
The error is reported there and may be caused by prior calls.

terminate called after throwing an instance of 'IcicleError'
terminate called recursively
  what():  CUDA Error: an illegal memory access was encountered !!!Unrecoverable!!! : an illegal memory access was encountered : detected by: cudaStreamSynchronize(cuda_stream) at: /home/jade/yola/build-icicle/icicle/backend/cuda/src/field/cuda_vec_ops.cu:50
The error is reported there and may be caused by prior calls.

SIGABRT: abort
PC=0x7c8286e9eb2c m=25 sigcode=18446744073709551610
signal arrived during cgo execution

goroutine 4920 gp=0xc008d88fc0 m=25 mp=0xc060800008 [syscall, locked to thread]:
runtime.cgocall(0xc5d830, 0xc000049940)
	/home/jade/.local/go/src/runtime/cgocall.go:167 +0x4b fp=0xc000049918 sp=0xc0000498e0 pc=0x470e8b
github.com/ingonyama-zk/icicle-gnark/v3/wrappers/golang/curves/bls12381/msm._Cfunc_bls12_381_msm(0x7c7dfe000000, 0x7c7f2e000000, 0x800002, 0xc00018e428, 0xc00e384fc0)
	_cgo_gotypes.go:66 +0x46 fp=0xc000049940 sp=0xc000049918 pc=0xb8d8c6
github.com/ingonyama-zk/icicle-gnark/v3/wrappers/golang/curves/bls12381/msm.Msm.func1(...)
	/home/jade/go/pkg/mod/github.com/ingonyama-zk/icicle-gnark/v3@v3.2.2/wrappers/golang/curves/bls12381/msm/msm.go:27
github.com/ingonyama-zk/icicle-gnark/v3/wrappers/golang/curves/bls12381/msm.Msm({0xf06888?, 0xc005632930?}, {0xf06888?, 0xc005632948?}, 0xc00018e428, {0xf06b10?, 0xc005632960?})
	/home/jade/go/pkg/mod/github.com/ingonyama-zk/icicle-gnark/v3@v3.2.2/wrappers/golang/curves/bls12381/msm/msm.go:27 +0x116 fp=0xc0000499c8 sp=0xc000049940 pc=0xb8dc56
github.com/eon-protocol/eonark/gpu/bls12381.OnDeviceCommitWithPrecompute({0xc2c3314080, 0x800002, 0xfffffc}, {0x7c7f2e000000, 0x90000240, 0x1800006}, 0xc00018e428)
	/home/jade/jade/eonark-gpu/gpu/bls12381/bls12381_gpu.go:116 +0x89c fp=0xc000049d88 sp=0xc0000499c8 pc=0xb8fcbc
github.com/eon-protocol/eonark/gpu.commitOnGPUOrCPU.func1({0xc00018e248?, 0x0?, 0x0?})
	/home/jade/jade/eonark-gpu/gpu/patch_gpu.go:2612 +0x2f0 fp=0xc000049f68 sp=0xc000049d88 pc=0xbaa090
github.com/ingonyama-zk/icicle-gnark/v3/wrappers/golang/runtime.RunOnDevice.func1(0xc00018e248)
	/home/jade/go/pkg/mod/github.com/ingonyama-zk/icicle-gnark/v3@v3.2.2/wrappers/golang/runtime/runtime.go:99 +0x90 fp=0xc000049fc8 sp=0xc000049f68 pc=0xa6eb70
github.com/ingonyama-zk/icicle-gnark/v3/wrappers/golang/runtime.RunOnDevice.gowrap1()
	/home/jade/go/pkg/mod/github.com/ingonyama-zk/icicle-gnark/v3@v3.2.2/wrappers/golang/runtime/runtime.go:101 +0x24 fp=0xc000049fe0 sp=0xc000049fc8 pc=0xa6eaa4
runtime.goexit({})
	/home/jade/.local/go/src/runtime/asm_amd64.s:1700 +0x1 fp=0xc000049fe8 sp=0xc000049fe0 pc=0x47b241
created by github.com/ingonyama-zk/icicle-gnark/v3/wrappers/golang/runtime.RunOnDevice in goroutine 4919
	/home/jade/go/pkg/mod/github.com/ingonyama-zk/icicle-gnark/v3@v3.2.2/wrappers/golang/runtime/runtime.go:94 +0xd9

goroutine 1 gp=0xc000002380 m=nil [sync.WaitGroup.Wait]:
runtime.gopark(0xc000c4ccc8?, 0x418cd4?, 0xa0?, 0xe2?, 0x0?)
	/home/jade/.local/go/src/runtime/proc.go:435 +0xce fp=0xc000700c68 sp=0xc000700c48 pc=0x473d0e
runtime.goparkunlock(...)
	/home/jade/.local/go/src/runtime/proc.go:441
runtime.semacquire1(0xc000a40190, 0x0, 0x1, 0x0, 0x18)
	/home/jade/.local/go/src/runtime/sema.go:188 +0x21d fp=0xc000700cd0 sp=0xc000700c68 pc=0x454efd
sync.runtime_SemacquireWaitGroup(0xc000010210?)
	/home/jade/.local/go/src/runtime/sema.go:110 +0x25 fp=0xc000700d08 sp=0xc000700cd0 pc=0x475105
sync.(*WaitGroup).Wait(0xd09500?)
	/home/jade/.local/go/src/sync/waitgroup.go:118 +0x48 fp=0xc000700d30 sp=0xc000700d08 pc=0x4904e8
golang.org/x/sync/errgroup.(*Group).Wait(0xc000a40180)
	/home/jade/go/pkg/mod/golang.org/x/sync@v0.15.0/errgroup/errgroup.go:65 +0x1e fp=0xc000700d50 sp=0xc000700d30 pc=0x58313e
github.com/eon-protocol/eonark/gpu.prove(0xc00018a970, 0xc000682100, {0xf08100, 0xc0002be030}, {0xc00133b220, 0x2, 0x2})
	/home/jade/jade/eonark-gpu/gpu/patch_gpu.go:388 +0xbb9 fp=0xc000701088 sp=0xc000700d50 pc=0xb960d9
github.com/eon-protocol/eonark/gpu.Prove(...)
	/home/jade/jade/eonark-gpu/gpu/gpu_entry.go:15
github.com/eon-protocol/eonark.Prove(0xc00018a970, 0xc000682000, {0xf08100, 0xc0002be030}, {0xc0017ab220, 0x2, 0x2})
	/home/jade/jade/eonark-gpu/gpu_router.go:24 +0x1cb fp=0xc0007011d0 sp=0xc000701088 pc=0xbb30ab
github.com/eon-protocol/eonark.(*Pk).Prove(0xc00018a608, {0xefe900?, 0xc000199308?})
	/home/jade/jade/eonark-gpu/pk.go:83 +0xea fp=0xc000701248 sp=0xc0007011d0 pc=0xbc752a
main.main()
	/home/jade/jade/eonark-gpu/examples/mimchasher/main.go:287 +0x2b6c fp=0xc000703f50 sp=0xc000701248 pc=0xbcedac
runtime.main()
	/home/jade/.local/go/src/runtime/proc.go:283 +0x28b fp=0xc000703fe0 sp=0xc000703f50 pc=0x441a4b
runtime.goexit({})
	/home/jade/.local/go/src/runtime/asm_amd64.s:1700 +0x1 fp=0xc000703fe8 sp=0xc000703fe0 pc=0x47b241

goroutine 2 gp=0xc000002e00 m=nil [force gc (idle)]:
runtime.gopark(0x0?, 0x0?, 0x0?, 0x0?, 0x0?)
	/home/jade/.local/go/src/runtime/proc.go:435 +0xce fp=0xc0000a8fa8 sp=0xc0000a8f88 pc=0x473d0e
runtime.goparkunlock(...)
	/home/jade/.local/go/src/runtime/proc.go:441
runtime.forcegchelper()
	/home/jade/.local/go/src/runtime/proc.go:348 +0xb3 fp=0xc0000a8fe0 sp=0xc0000a8fa8 pc=0x441d93
runtime.goexit({})
	/home/jade/.local/go/src/runtime/asm_amd64.s:1700 +0x1 fp=0xc0000a8fe8 sp=0xc0000a8fe0 pc=0x47b241
created by runtime.init.7 in goroutine 1
	/home/jade/.local/go/src/runtime/proc.go:336 +0x1a

goroutine 3 gp=0xc000003340 m=nil [GC sweep wait]:
runtime.gopark(0x1?, 0x0?, 0x0?, 0x0?, 0x0?)
	/home/jade/.local/go/src/runtime/proc.go:435 +0xce fp=0xc0000a9780 sp=0xc0000a9760 pc=0x473d0e
runtime.goparkunlock(...)
	/home/jade/.local/go/src/runtime/proc.go:441
runtime.bgsweep(0xc000036080)
	/home/jade/.local/go/src/runtime/mgcsweep.go:316 +0xdf fp=0xc0000a97c8 sp=0xc0000a9780 pc=0x42bb7f
runtime.gcenable.gowrap1()
	/home/jade/.local/go/src/runtime/mgc.go:204 +0x25 fp=0xc0000a97e0 sp=0xc0000a97c8 pc=0x420205
runtime.goexit({})
	/home/jade/.local/go/src/runtime/asm_amd64.s:1700 +0x1 fp=0xc0000a97e8 sp=0xc0000a97e0 pc=0x47b241
created by runtime.gcenable in goroutine 1
	/home/jade/.local/go/src/runtime/mgc.go:204 +0x66

goroutine 4 gp=0xc000003500 m=nil [GC scavenge wait]:
runtime.gopark(0x10000?, 0x1d9396?, 0x0?, 0x0?, 0x0?)
	/home/jade/.local/go/src/runtime/proc.go:435 +0xce fp=0xc0000a9f78 sp=0xc0000a9f58 pc=0x473d0e
runtime.goparkunlock(...)
	/home/jade/.local/go/src/runtime/proc.go:441
runtime.(*scavengerState).park(0x1403d00)
	/home/jade/.local/go/src/runtime/mgcscavenge.go:425 +0x49 fp=0xc0000a9fa8 sp=0xc0000a9f78 pc=0x4295e9
runtime.bgscavenge(0xc000036080)
	/home/jade/.local/go/src/runtime/mgcscavenge.go:658 +0x59 fp=0xc0000a9fc8 sp=0xc0000a9fa8 pc=0x429b79
runtime.gcenable.gowrap2()
	/home/jade/.local/go/src/runtime/mgc.go:205 +0x25 fp=0xc0000a9fe0 sp=0xc0000a9fc8 pc=0x4201a5
runtime.goexit({})
	/home/jade/.local/go/src/runtime/asm_amd64.s:1700 +0x1 fp=0xc0000a9fe8 sp=0xc0000a9fe0 pc=0x47b241
created by runtime.gcenable in goroutine 1
	/home/jade/.local/go/src/runtime/mgc.go:205 +0xa5

goroutine 5 gp=0xc000003dc0 m=nil [finalizer wait]:
runtime.gopark(0x1b8?, 0xc000002380?, 0x1?, 0x23?, 0xc0000a8688?)
	/home/jade/.local/go/src/runtime/proc.go:435 +0xce fp=0xc0000a8630 sp=0xc0000a8610 pc=0x473d0e
runtime.runfinq()
	/home/jade/.local/go/src/runtime/mfinal.go:196 +0x107 fp=0xc0000a87e0 sp=0xc0000a8630 pc=0x41f1c7
runtime.goexit({})
	/home/jade/.local/go/src/runtime/asm_amd64.s:1700 +0x1 fp=0xc0000a87e8 sp=0xc0000a87e0 pc=0x47b241
created by runtime.createfing in goroutine 1
	/home/jade/.local/go/src/runtime/mfinal.go:166 +0x3d

goroutine 6 gp=0xc0001b8380 m=nil [chan receive]:
runtime.gopark(0xc0001e2be0?, 0xc00021a048?, 0x60?, 0xa7?, 0x5b7588?)
	/home/jade/.local/go/src/runtime/proc.go:435 +0xce fp=0xc0000aa718 sp=0xc0000aa6f8 pc=0x473d0e
runtime.chanrecv(0xc00002fab0, 0x0, 0x1)
	/home/jade/.local/go/src/runtime/chan.go:664 +0x445 fp=0xc0000aa790 sp=0xc0000aa718 pc=0x411985
runtime.chanrecv1(0x0?, 0x0?)
	/home/jade/.local/go/src/runtime/chan.go:506 +0x12 fp=0xc0000aa7b8 sp=0xc0000aa790 pc=0x411512
runtime.unique_runtime_registerUniqueMapCleanup.func2(...)
	/home/jade/.local/go/src/runtime/mgc.go:1797
runtime.unique_runtime_registerUniqueMapCleanup.gowrap1()
	/home/jade/.local/go/src/runtime/mgc.go:1800 +0x2f fp=0xc0000aa7e0 sp=0xc0000aa7b8 pc=0x42314f
runtime.goexit({})
	/home/jade/.local/go/src/runtime/asm_amd64.s:1700 +0x1 fp=0xc0000aa7e8 sp=0xc0000aa7e0 pc=0x47b241
created by unique.runtime_registerUniqueMapCleanup in goroutine 1
	/home/jade/.local/go/src/runtime/mgc.go:1795 +0x79

goroutine 7 gp=0xc0001b8540 m=nil [GC worker (idle)]:
runtime.gopark(0x142ace0?, 0x1?, 0x8e?, 0x8c?, 0x0?)
	/home/jade/.local/go/src/runtime/proc.go:435 +0xce fp=0xc0000aaf38 sp=0xc0000aaf18 pc=0x473d0e
runtime.gcBgMarkWorker(0xc0002c50a0)
	/home/jade/.local/go/src/runtime/mgc.go:1423 +0xe9 fp=0xc0000aafc8 sp=0xc0000aaf38 pc=0x422469
runtime.gcBgMarkStartWorkers.gowrap1()
	/home/jade/.local/go/src/runtime/mgc.go:1339 +0x25 fp=0xc0000aafe0 sp=0xc0000aafc8 pc=0x422345
runtime.goexit({})
	/home/jade/.local/go/src/runtime/asm_amd64.s:1700 +0x1 fp=0xc0000aafe8 sp=0xc0000aafe0 pc=0x47b241
created by runtime.gcBgMarkStartWorkers in goroutine 1
	/home/jade/.local/go/src/runtime/mgc.go:1339 +0x105

goroutine 8 gp=0xc0001b8700 m=nil [GC worker (idle)]:
runtime.gopark(0x95a1e0b32b329?, 0x3?, 0x51?, 0x98?, 0x0?)
	/home/jade/.local/go/src/runtime/proc.go:435 +0xce fp=0xc0000ab738 sp=0xc0000ab718 pc=0x473d0e
runtime.gcBgMarkWorker(0xc0002c50a0)
	/home/jade/.local/go/src/runtime/mgc.go:1423 +0xe9 fp=0xc0000ab7c8 sp=0xc0000ab738 pc=0x422469
runtime.gcBgMarkStartWorkers.gowrap1()
	/home/jade/.local/go/src/runtime/mgc.go:1339 +0x25 fp=0xc0000ab7e0 sp=0xc0000ab7c8 pc=0x422345
runtime.goexit({})
	/home/jade/.local/go/src/runtime/asm_amd64.s:1700 +0x1 fp=0xc0000ab7e8 sp=0xc0000ab7e0 pc=0x47b241
created by runtime.gcBgMarkStartWorkers in goroutine 1
	/home/jade/.local/go/src/runtime/mgc.go:1339 +0x105

goroutine 9 gp=0xc0001b88c0 m=nil [GC worker (idle)]:
runtime.gopark(0x142ace0?, 0x3?, 0xcb?, 0xc4?, 0x0?)
	/home/jade/.local/go/src/runtime/proc.go:435 +0xce fp=0xc0000abf38 sp=0xc0000abf18 pc=0x473d0e
runtime.gcBgMarkWorker(0xc0002c50a0)
	/home/jade/.local/go/src/runtime/mgc.go:1423 +0xe9 fp=0xc0000abfc8 sp=0xc0000abf38 pc=0x422469
runtime.gcBgMarkStartWorkers.gowrap1()
	/home/jade/.local/go/src/runtime/mgc.go:1339 +0x25 fp=0xc0000abfe0 sp=0xc0000abfc8 pc=0x422345
runtime.goexit({})
	/home/jade/.local/go/src/runtime/asm_amd64.s:1700 +0x1 fp=0xc0000abfe8 sp=0xc0000abfe0 pc=0x47b241
created by runtime.gcBgMarkStartWorkers in goroutine 1
	/home/jade/.local/go/src/runtime/mgc.go:1339 +0x105

goroutine 10 gp=0xc0001b8a80 m=nil [GC worker (idle)]:
runtime.gopark(0x95a1e0b32b4ae?, 0x1?, 0x15?, 0x48?, 0x0?)
	/home/jade/.local/go/src/runtime/proc.go:435 +0xce fp=0xc0000a4738 sp=0xc0000a4718 pc=0x473d0e
runtime.gcBgMarkWorker(0xc0002c50a0)
	/home/jade/.local/go/src/runtime/mgc.go:1423 +0xe9 fp=0xc0000a47c8 sp=0xc0000a4738 pc=0x422469
runtime.gcBgMarkStartWorkers.gowrap1()
	/home/jade/.local/go/src/runtime/mgc.go:1339 +0x25 fp=0xc0000a47e0 sp=0xc0000a47c8 pc=0x422345
runtime.goexit({})
	/home/jade/.local/go/src/runtime/asm_amd64.s:1700 +0x1 fp=0xc0000a47e8 sp=0xc0000a47e0 pc=0x47b241
created by runtime.gcBgMarkStartWorkers in goroutine 1
	/home/jade/.local/go/src/runtime/mgc.go:1339 +0x105

goroutine 11 gp=0xc0001b8c40 m=nil [GC worker (idle)]:
runtime.gopark(0x95a1e0b32b3b2?, 0x1?, 0xa5?, 0x5?, 0x0?)
	/home/jade/.local/go/src/runtime/proc.go:435 +0xce fp=0xc0000a4f38 sp=0xc0000a4f18 pc=0x473d0e
runtime.gcBgMarkWorker(0xc0002c50a0)
	/home/jade/.local/go/src/runtime/mgc.go:1423 +0xe9 fp=0xc0000a4fc8 sp=0xc0000a4f38 pc=0x422469
runtime.gcBgMarkStartWorkers.gowrap1()
	/home/jade/.local/go/src/runtime/mgc.go:1339 +0x25 fp=0xc0000a4fe0 sp=0xc0000a4fc8 pc=0x422345
runtime.goexit({})
	/home/jade/.local/go/src/runtime/asm_amd64.s:1700 +0x1 fp=0xc0000a4fe8 sp=0xc0000a4fe0 pc=0x47b241
created by runtime.gcBgMarkStartWorkers in goroutine 1
	/home/jade/.local/go/src/runtime/mgc.go:1339 +0x105

goroutine 12 gp=0xc0001b8e00 m=nil [GC worker (idle)]:
runtime.gopark(0x142ace0?, 0x1?, 0xc1?, 0x69?, 0x0?)
	/home/jade/.local/go/src/runtime/proc.go:435 +0xce fp=0xc0000a5738 sp=0xc0000a5718 pc=0x473d0e
runtime.gcBgMarkWorker(0xc0002c50a0)
	/home/jade/.local/go/src/runtime/mgc.go:1423 +0xe9 fp=0xc0000a57c8 sp=0xc0000a5738 pc=0x422469
runtime.gcBgMarkStartWorkers.gowrap1()
	/home/jade/.local/go/src/runtime/mgc.go:1339 +0x25 fp=0xc0000a57e0 sp=0xc0000a57c8 pc=0x422345
runtime.goexit({})
	/home/jade/.local/go/src/runtime/asm_amd64.s:1700 +0x1 fp=0xc0000a57e8 sp=0xc0000a57e0 pc=0x47b241
created by runtime.gcBgMarkStartWorkers in goroutine 1
	/home/jade/.local/go/src/runtime/mgc.go:1339 +0x105

goroutine 13 gp=0xc0001b8fc0 m=nil [GC worker (idle)]:
runtime.gopark(0x95a1e0b32afb0?, 0x1?, 0x7?, 0x37?, 0x0?)
	/home/jade/.local/go/src/runtime/proc.go:435 +0xce fp=0xc0000a5f38 sp=0xc0000a5f18 pc=0x473d0e
runtime.gcBgMarkWorker(0xc0002c50a0)
	/home/jade/.local/go/src/runtime/mgc.go:1423 +0xe9 fp=0xc0000a5fc8 sp=0xc0000a5f38 pc=0x422469
runtime.gcBgMarkStartWorkers.gowrap1()
	/home/jade/.local/go/src/runtime/mgc.go:1339 +0x25 fp=0xc0000a5fe0 sp=0xc0000a5fc8 pc=0x422345
runtime.goexit({})
	/home/jade/.local/go/src/runtime/asm_amd64.s:1700 +0x1 fp=0xc0000a5fe8 sp=0xc0000a5fe0 pc=0x47b241
created by runtime.gcBgMarkStartWorkers in goroutine 1
	/home/jade/.local/go/src/runtime/mgc.go:1339 +0x105

goroutine 14 gp=0xc0001b9180 m=nil [GC worker (idle)]:
runtime.gopark(0x142ace0?, 0x1?, 0x3f?, 0x26?, 0x0?)
	/home/jade/.local/go/src/runtime/proc.go:435 +0xce fp=0xc0000a6738 sp=0xc0000a6718 pc=0x473d0e
runtime.gcBgMarkWorker(0xc0002c50a0)
	/home/jade/.local/go/src/runtime/mgc.go:1423 +0xe9 fp=0xc0000a67c8 sp=0xc0000a6738 pc=0x422469
runtime.gcBgMarkStartWorkers.gowrap1()
	/home/jade/.local/go/src/runtime/mgc.go:1339 +0x25 fp=0xc0000a67e0 sp=0xc0000a67c8 pc=0x422345
runtime.goexit({})
	/home/jade/.local/go/src/runtime/asm_amd64.s:1700 +0x1 fp=0xc0000a67e8 sp=0xc0000a67e0 pc=0x47b241
created by runtime.gcBgMarkStartWorkers in goroutine 1
	/home/jade/.local/go/src/runtime/mgc.go:1339 +0x105

goroutine 15 gp=0xc0001b9340 m=nil [GC worker (idle)]:
runtime.gopark(0x95a1e0b32ae99?, 0x1?, 0x7f?, 0x1c?, 0x0?)
	/home/jade/.local/go/src/runtime/proc.go:435 +0xce fp=0xc0000a6f38 sp=0xc0000a6f18 pc=0x473d0e
runtime.gcBgMarkWorker(0xc0002c50a0)
	/home/jade/.local/go/src/runtime/mgc.go:1423 +0xe9 fp=0xc0000a6fc8 sp=0xc0000a6f38 pc=0x422469
runtime.gcBgMarkStartWorkers.gowrap1()
	/home/jade/.local/go/src/runtime/mgc.go:1339 +0x25 fp=0xc0000a6fe0 sp=0xc0000a6fc8 pc=0x422345
runtime.goexit({})
	/home/jade/.local/go/src/runtime/asm_amd64.s:1700 +0x1 fp=0xc0000a6fe8 sp=0xc0000a6fe0 pc=0x47b241
created by runtime.gcBgMarkStartWorkers in goroutine 1
	/home/jade/.local/go/src/runtime/mgc.go:1339 +0x105

goroutine 16 gp=0xc0001b9500 m=nil [GC worker (idle)]:
runtime.gopark(0x142ace0?, 0x1?, 0xad?, 0x4a?, 0x0?)
	/home/jade/.local/go/src/runtime/proc.go:435 +0xce fp=0xc0000a7738 sp=0xc0000a7718 pc=0x473d0e
runtime.gcBgMarkWorker(0xc0002c50a0)
	/home/jade/.local/go/src/runtime/mgc.go:1423 +0xe9 fp=0xc0000a77c8 sp=0xc0000a7738 pc=0x422469
runtime.gcBgMarkStartWorkers.gowrap1()
	/home/jade/.local/go/src/runtime/mgc.go:1339 +0x25 fp=0xc0000a77e0 sp=0xc0000a77c8 pc=0x422345
runtime.goexit({})
	/home/jade/.local/go/src/runtime/asm_amd64.s:1700 +0x1 fp=0xc0000a77e8 sp=0xc0000a77e0 pc=0x47b241
created by runtime.gcBgMarkStartWorkers in goroutine 1
	/home/jade/.local/go/src/runtime/mgc.go:1339 +0x105

goroutine 18 gp=0xc0001b96c0 m=nil [GC worker (idle)]:
runtime.gopark(0x142ace0?, 0x1?, 0x7c?, 0xb7?, 0x0?)
	/home/jade/.local/go/src/runtime/proc.go:435 +0xce fp=0xc0000a7f38 sp=0xc0000a7f18 pc=0x473d0e
runtime.gcBgMarkWorker(0xc0002c50a0)
	/home/jade/.local/go/src/runtime/mgc.go:1423 +0xe9 fp=0xc0000a7fc8 sp=0xc0000a7f38 pc=0x422469
runtime.gcBgMarkStartWorkers.gowrap1()
	/home/jade/.local/go/src/runtime/mgc.go:1339 +0x25 fp=0xc0000a7fe0 sp=0xc0000a7fc8 pc=0x422345
runtime.goexit({})
	/home/jade/.local/go/src/runtime/asm_amd64.s:1700 +0x1 fp=0xc0000a7fe8 sp=0xc0000a7fe0 pc=0x47b241
created by runtime.gcBgMarkStartWorkers in goroutine 1
	/home/jade/.local/go/src/runtime/mgc.go:1339 +0x105

goroutine 19 gp=0xc0001b9880 m=nil [GC worker (idle)]:
runtime.gopark(0x95a1e0b32b3ad?, 0x3?, 0x56?, 0x53?, 0x0?)
	/home/jade/.local/go/src/runtime/proc.go:435 +0xce fp=0xc06040a738 sp=0xc06040a718 pc=0x473d0e
runtime.gcBgMarkWorker(0xc0002c50a0)
	/home/jade/.local/go/src/runtime/mgc.go:1423 +0xe9 fp=0xc06040a7c8 sp=0xc06040a738 pc=0x422469
runtime.gcBgMarkStartWorkers.gowrap1()
	/home/jade/.local/go/src/runtime/mgc.go:1339 +0x25 fp=0xc06040a7e0 sp=0xc06040a7c8 pc=0x422345
runtime.goexit({})
	/home/jade/.local/go/src/runtime/asm_amd64.s:1700 +0x1 fp=0xc06040a7e8 sp=0xc06040a7e0 pc=0x47b241
created by runtime.gcBgMarkStartWorkers in goroutine 1
	/home/jade/.local/go/src/runtime/mgc.go:1339 +0x105

goroutine 20 gp=0xc0001b9a40 m=nil [GC worker (idle)]:
runtime.gopark(0x142ace0?, 0x1?, 0x8f?, 0x9b?, 0x0?)
	/home/jade/.local/go/src/runtime/proc.go:435 +0xce fp=0xc06040af38 sp=0xc06040af18 pc=0x473d0e
runtime.gcBgMarkWorker(0xc0002c50a0)
	/home/jade/.local/go/src/runtime/mgc.go:1423 +0xe9 fp=0xc06040afc8 sp=0xc06040af38 pc=0x422469
runtime.gcBgMarkStartWorkers.gowrap1()
	/home/jade/.local/go/src/runtime/mgc.go:1339 +0x25 fp=0xc06040afe0 sp=0xc06040afc8 pc=0x422345
runtime.goexit({})
	/home/jade/.local/go/src/runtime/asm_amd64.s:1700 +0x1 fp=0xc06040afe8 sp=0xc06040afe0 pc=0x47b241
created by runtime.gcBgMarkStartWorkers in goroutine 1
	/home/jade/.local/go/src/runtime/mgc.go:1339 +0x105

goroutine 21 gp=0xc0001b9c00 m=nil [GC worker (idle)]:
runtime.gopark(0x142ace0?, 0x3?, 0xb3?, 0x36?, 0x0?)
	/home/jade/.local/go/src/runtime/proc.go:435 +0xce fp=0xc06040b738 sp=0xc06040b718 pc=0x473d0e
runtime.gcBgMarkWorker(0xc0002c50a0)
	/home/jade/.local/go/src/runtime/mgc.go:1423 +0xe9 fp=0xc06040b7c8 sp=0xc06040b738 pc=0x422469
runtime.gcBgMarkStartWorkers.gowrap1()
	/home/jade/.local/go/src/runtime/mgc.go:1339 +0x25 fp=0xc06040b7e0 sp=0xc06040b7c8 pc=0x422345
runtime.goexit({})
	/home/jade/.local/go/src/runtime/asm_amd64.s:1700 +0x1 fp=0xc06040b7e8 sp=0xc06040b7e0 pc=0x47b241
created by runtime.gcBgMarkStartWorkers in goroutine 1
	/home/jade/.local/go/src/runtime/mgc.go:1339 +0x105

goroutine 22 gp=0xc0001b9dc0 m=nil [GC worker (idle)]:
runtime.gopark(0x142ace0?, 0x1?, 0x19?, 0x41?, 0x0?)
	/home/jade/.local/go/src/runtime/proc.go:435 +0xce fp=0xc06040bf38 sp=0xc06040bf18 pc=0x473d0e
runtime.gcBgMarkWorker(0xc0002c50a0)
	/home/jade/.local/go/src/runtime/mgc.go:1423 +0xe9 fp=0xc06040bfc8 sp=0xc06040bf38 pc=0x422469
runtime.gcBgMarkStartWorkers.gowrap1()
	/home/jade/.local/go/src/runtime/mgc.go:1339 +0x25 fp=0xc06040bfe0 sp=0xc06040bfc8 pc=0x422345
runtime.goexit({})
	/home/jade/.local/go/src/runtime/asm_amd64.s:1700 +0x1 fp=0xc06040bfe8 sp=0xc06040bfe0 pc=0x47b241
created by runtime.gcBgMarkStartWorkers in goroutine 1
	/home/jade/.local/go/src/runtime/mgc.go:1339 +0x105

goroutine 23 gp=0xc06040e000 m=nil [GC worker (idle)]:
runtime.gopark(0x95a1e0b32b3ed?, 0x3?, 0x20?, 0xf9?, 0x0?)
	/home/jade/.local/go/src/runtime/proc.go:435 +0xce fp=0xc06040c738 sp=0xc06040c718 pc=0x473d0e
runtime.gcBgMarkWorker(0xc0002c50a0)
	/home/jade/.local/go/src/runtime/mgc.go:1423 +0xe9 fp=0xc06040c7c8 sp=0xc06040c738 pc=0x422469
runtime.gcBgMarkStartWorkers.gowrap1()
	/home/jade/.local/go/src/runtime/mgc.go:1339 +0x25 fp=0xc06040c7e0 sp=0xc06040c7c8 pc=0x422345
runtime.goexit({})
	/home/jade/.local/go/src/runtime/asm_amd64.s:1700 +0x1 fp=0xc06040c7e8 sp=0xc06040c7e0 pc=0x47b241
created by runtime.gcBgMarkStartWorkers in goroutine 1
	/home/jade/.local/go/src/runtime/mgc.go:1339 +0x105

goroutine 24 gp=0xc06040e1c0 m=nil [GC worker (idle)]:
runtime.gopark(0x95a1e0b32b203?, 0x3?, 0xf8?, 0x9?, 0x0?)
	/home/jade/.local/go/src/runtime/proc.go:435 +0xce fp=0xc06040cf38 sp=0xc06040cf18 pc=0x473d0e
runtime.gcBgMarkWorker(0xc0002c50a0)
	/home/jade/.local/go/src/runtime/mgc.go:1423 +0xe9 fp=0xc06040cfc8 sp=0xc06040cf38 pc=0x422469
runtime.gcBgMarkStartWorkers.gowrap1()
	/home/jade/.local/go/src/runtime/mgc.go:1339 +0x25 fp=0xc06040cfe0 sp=0xc06040cfc8 pc=0x422345
runtime.goexit({})
	/home/jade/.local/go/src/runtime/asm_amd64.s:1700 +0x1 fp=0xc06040cfe8 sp=0xc06040cfe0 pc=0x47b241
created by runtime.gcBgMarkStartWorkers in goroutine 1
	/home/jade/.local/go/src/runtime/mgc.go:1339 +0x105

goroutine 25 gp=0xc06040e380 m=nil [GC worker (idle)]:
runtime.gopark(0x95a21e0f2670c?, 0x1?, 0x70?, 0xe5?, 0x0?)
	/home/jade/.local/go/src/runtime/proc.go:435 +0xce fp=0xc06040d738 sp=0xc06040d718 pc=0x473d0e
runtime.gcBgMarkWorker(0xc0002c50a0)
	/home/jade/.local/go/src/runtime/mgc.go:1423 +0xe9 fp=0xc06040d7c8 sp=0xc06040d738 pc=0x422469
runtime.gcBgMarkStartWorkers.gowrap1()
	/home/jade/.local/go/src/runtime/mgc.go:1339 +0x25 fp=0xc06040d7e0 sp=0xc06040d7c8 pc=0x422345
runtime.goexit({})
	/home/jade/.local/go/src/runtime/asm_amd64.s:1700 +0x1 fp=0xc06040d7e8 sp=0xc06040d7e0 pc=0x47b241
created by runtime.gcBgMarkStartWorkers in goroutine 1
	/home/jade/.local/go/src/runtime/mgc.go:1339 +0x105

goroutine 26 gp=0xc06040e540 m=nil [GC worker (idle)]:
runtime.gopark(0x95a1e0b23bfc6?, 0x1?, 0xa2?, 0x7e?, 0x0?)
	/home/jade/.local/go/src/runtime/proc.go:435 +0xce fp=0xc06040df38 sp=0xc06040df18 pc=0x473d0e
runtime.gcBgMarkWorker(0xc0002c50a0)
	/home/jade/.local/go/src/runtime/mgc.go:1423 +0xe9 fp=0xc06040dfc8 sp=0xc06040df38 pc=0x422469
runtime.gcBgMarkStartWorkers.gowrap1()
	/home/jade/.local/go/src/runtime/mgc.go:1339 +0x25 fp=0xc06040dfe0 sp=0xc06040dfc8 pc=0x422345
runtime.goexit({})
	/home/jade/.local/go/src/runtime/asm_amd64.s:1700 +0x1 fp=0xc06040dfe8 sp=0xc06040dfe0 pc=0x47b241
created by runtime.gcBgMarkStartWorkers in goroutine 1
	/home/jade/.local/go/src/runtime/mgc.go:1339 +0x105

goroutine 27 gp=0xc06040e700 m=nil [GC worker (idle)]:
runtime.gopark(0x95a1df94081ef?, 0x3?, 0x8b?, 0x98?, 0x0?)
	/home/jade/.local/go/src/runtime/proc.go:435 +0xce fp=0xc060406738 sp=0xc060406718 pc=0x473d0e
runtime.gcBgMarkWorker(0xc0002c50a0)
	/home/jade/.local/go/src/runtime/mgc.go:1423 +0xe9 fp=0xc0604067c8 sp=0xc060406738 pc=0x422469
runtime.gcBgMarkStartWorkers.gowrap1()
	/home/jade/.local/go/src/runtime/mgc.go:1339 +0x25 fp=0xc0604067e0 sp=0xc0604067c8 pc=0x422345
runtime.goexit({})
	/home/jade/.local/go/src/runtime/asm_amd64.s:1700 +0x1 fp=0xc0604067e8 sp=0xc0604067e0 pc=0x47b241
created by runtime.gcBgMarkStartWorkers in goroutine 1
	/home/jade/.local/go/src/runtime/mgc.go:1339 +0x105

goroutine 28 gp=0xc06040e8c0 m=nil [GC worker (idle)]:
runtime.gopark(0x142ace0?, 0x3?, 0x8?, 0xdb?, 0x0?)
	/home/jade/.local/go/src/runtime/proc.go:435 +0xce fp=0xc060406f38 sp=0xc060406f18 pc=0x473d0e
runtime.gcBgMarkWorker(0xc0002c50a0)
	/home/jade/.local/go/src/runtime/mgc.go:1423 +0xe9 fp=0xc060406fc8 sp=0xc060406f38 pc=0x422469
runtime.gcBgMarkStartWorkers.gowrap1()
	/home/jade/.local/go/src/runtime/mgc.go:1339 +0x25 fp=0xc060406fe0 sp=0xc060406fc8 pc=0x422345
runtime.goexit({})
	/home/jade/.local/go/src/runtime/asm_amd64.s:1700 +0x1 fp=0xc060406fe8 sp=0xc060406fe0 pc=0x47b241
created by runtime.gcBgMarkStartWorkers in goroutine 1
	/home/jade/.local/go/src/runtime/mgc.go:1339 +0x105

goroutine 29 gp=0xc06040ea80 m=nil [GC worker (idle)]:
runtime.gopark(0x95a21e0f83ea9?, 0x1?, 0x69?, 0xfe?, 0x0?)
	/home/jade/.local/go/src/runtime/proc.go:435 +0xce fp=0xc060407738 sp=0xc060407718 pc=0x473d0e
runtime.gcBgMarkWorker(0xc0002c50a0)
	/home/jade/.local/go/src/runtime/mgc.go:1423 +0xe9 fp=0xc0604077c8 sp=0xc060407738 pc=0x422469
runtime.gcBgMarkStartWorkers.gowrap1()
	/home/jade/.local/go/src/runtime/mgc.go:1339 +0x25 fp=0xc0604077e0 sp=0xc0604077c8 pc=0x422345
runtime.goexit({})
	/home/jade/.local/go/src/runtime/asm_amd64.s:1700 +0x1 fp=0xc0604077e8 sp=0xc0604077e0 pc=0x47b241
created by runtime.gcBgMarkStartWorkers in goroutine 1
	/home/jade/.local/go/src/runtime/mgc.go:1339 +0x105

goroutine 30 gp=0xc06040ec40 m=nil [GC worker (idle)]:
runtime.gopark(0x95a21e0f29ef7?, 0x3?, 0x63?, 0x3e?, 0x0?)
	/home/jade/.local/go/src/runtime/proc.go:435 +0xce fp=0xc060407f38 sp=0xc060407f18 pc=0x473d0e
runtime.gcBgMarkWorker(0xc0002c50a0)
	/home/jade/.local/go/src/runtime/mgc.go:1423 +0xe9 fp=0xc060407fc8 sp=0xc060407f38 pc=0x422469
runtime.gcBgMarkStartWorkers.gowrap1()
	/home/jade/.local/go/src/runtime/mgc.go:1339 +0x25 fp=0xc060407fe0 sp=0xc060407fc8 pc=0x422345
runtime.goexit({})
	/home/jade/.local/go/src/runtime/asm_amd64.s:1700 +0x1 fp=0xc060407fe8 sp=0xc060407fe0 pc=0x47b241
created by runtime.gcBgMarkStartWorkers in goroutine 1
	/home/jade/.local/go/src/runtime/mgc.go:1339 +0x105

goroutine 31 gp=0xc06040ee00 m=nil [GC worker (idle)]:
runtime.gopark(0x142ace0?, 0x3?, 0x5f?, 0xb3?, 0x0?)
	/home/jade/.local/go/src/runtime/proc.go:435 +0xce fp=0xc060408738 sp=0xc060408718 pc=0x473d0e
runtime.gcBgMarkWorker(0xc0002c50a0)
	/home/jade/.local/go/src/runtime/mgc.go:1423 +0xe9 fp=0xc0604087c8 sp=0xc060408738 pc=0x422469
runtime.gcBgMarkStartWorkers.gowrap1()
	/home/jade/.local/go/src/runtime/mgc.go:1339 +0x25 fp=0xc0604087e0 sp=0xc0604087c8 pc=0x422345
runtime.goexit({})
	/home/jade/.local/go/src/runtime/asm_amd64.s:1700 +0x1 fp=0xc0604087e8 sp=0xc0604087e0 pc=0x47b241
created by runtime.gcBgMarkStartWorkers in goroutine 1
	/home/jade/.local/go/src/runtime/mgc.go:1339 +0x105

goroutine 32 gp=0xc06040efc0 m=nil [GC worker (idle)]:
runtime.gopark(0x142ace0?, 0x1?, 0x87?, 0xda?, 0x0?)
	/home/jade/.local/go/src/runtime/proc.go:435 +0xce fp=0xc060408f38 sp=0xc060408f18 pc=0x473d0e
runtime.gcBgMarkWorker(0xc0002c50a0)
	/home/jade/.local/go/src/runtime/mgc.go:1423 +0xe9 fp=0xc060408fc8 sp=0xc060408f38 pc=0x422469
runtime.gcBgMarkStartWorkers.gowrap1()
	/home/jade/.local/go/src/runtime/mgc.go:1339 +0x25 fp=0xc060408fe0 sp=0xc060408fc8 pc=0x422345
runtime.goexit({})
	/home/jade/.local/go/src/runtime/asm_amd64.s:1700 +0x1 fp=0xc060408fe8 sp=0xc060408fe0 pc=0x47b241
created by runtime.gcBgMarkStartWorkers in goroutine 1
	/home/jade/.local/go/src/runtime/mgc.go:1339 +0x105

goroutine 33 gp=0xc06040f180 m=nil [GC worker (idle)]:
runtime.gopark(0x95a21e0f777d3?, 0xc0604100e0?, 0x1b?, 0xa?, 0x0?)
	/home/jade/.local/go/src/runtime/proc.go:435 +0xce fp=0xc060409738 sp=0xc060409718 pc=0x473d0e
runtime.gcBgMarkWorker(0xc0002c50a0)
	/home/jade/.local/go/src/runtime/mgc.go:1423 +0xe9 fp=0xc0604097c8 sp=0xc060409738 pc=0x422469
runtime.gcBgMarkStartWorkers.gowrap1()
	/home/jade/.local/go/src/runtime/mgc.go:1339 +0x25 fp=0xc0604097e0 sp=0xc0604097c8 pc=0x422345
runtime.goexit({})
	/home/jade/.local/go/src/runtime/asm_amd64.s:1700 +0x1 fp=0xc0604097e8 sp=0xc0604097e0 pc=0x47b241
created by runtime.gcBgMarkStartWorkers in goroutine 1
	/home/jade/.local/go/src/runtime/mgc.go:1339 +0x105

goroutine 34 gp=0xc06040f340 m=nil [GC worker (idle)]:
runtime.gopark(0x142ace0?, 0x1?, 0x5c?, 0x45?, 0x0?)
	/home/jade/.local/go/src/runtime/proc.go:435 +0xce fp=0xc060409f38 sp=0xc060409f18 pc=0x473d0e
runtime.gcBgMarkWorker(0xc0002c50a0)
	/home/jade/.local/go/src/runtime/mgc.go:1423 +0xe9 fp=0xc060409fc8 sp=0xc060409f38 pc=0x422469
runtime.gcBgMarkStartWorkers.gowrap1()
	/home/jade/.local/go/src/runtime/mgc.go:1339 +0x25 fp=0xc060409fe0 sp=0xc060409fc8 pc=0x422345
runtime.goexit({})
	/home/jade/.local/go/src/runtime/asm_amd64.s:1700 +0x1 fp=0xc060409fe8 sp=0xc060409fe0 pc=0x47b241
created by runtime.gcBgMarkStartWorkers in goroutine 1
	/home/jade/.local/go/src/runtime/mgc.go:1339 +0x105

goroutine 35 gp=0xc06040f500 m=nil [GC worker (idle)]:
runtime.gopark(0x142ace0?, 0x3?, 0x36?, 0x61?, 0x0?)
	/home/jade/.local/go/src/runtime/proc.go:435 +0xce fp=0xc060416738 sp=0xc060416718 pc=0x473d0e
runtime.gcBgMarkWorker(0xc0002c50a0)
	/home/jade/.local/go/src/runtime/mgc.go:1423 +0xe9 fp=0xc0604167c8 sp=0xc060416738 pc=0x422469
runtime.gcBgMarkStartWorkers.gowrap1()
	/home/jade/.local/go/src/runtime/mgc.go:1339 +0x25 fp=0xc0604167e0 sp=0xc0604167c8 pc=0x422345
runtime.goexit({})
	/home/jade/.local/go/src/runtime/asm_amd64.s:1700 +0x1 fp=0xc0604167e8 sp=0xc0604167e0 pc=0x47b241
created by runtime.gcBgMarkStartWorkers in goroutine 1
	/home/jade/.local/go/src/runtime/mgc.go:1339 +0x105

goroutine 36 gp=0xc06040f6c0 m=nil [GC worker (idle)]:
runtime.gopark(0x142ace0?, 0x1?, 0xf7?, 0xc0?, 0x0?)
	/home/jade/.local/go/src/runtime/proc.go:435 +0xce fp=0xc060416f38 sp=0xc060416f18 pc=0x473d0e
runtime.gcBgMarkWorker(0xc0002c50a0)
	/home/jade/.local/go/src/runtime/mgc.go:1423 +0xe9 fp=0xc060416fc8 sp=0xc060416f38 pc=0x422469
runtime.gcBgMarkStartWorkers.gowrap1()
	/home/jade/.local/go/src/runtime/mgc.go:1339 +0x25 fp=0xc060416fe0 sp=0xc060416fc8 pc=0x422345
runtime.goexit({})
	/home/jade/.local/go/src/runtime/asm_amd64.s:1700 +0x1 fp=0xc060416fe8 sp=0xc060416fe0 pc=0x47b241
created by runtime.gcBgMarkStartWorkers in goroutine 1
	/home/jade/.local/go/src/runtime/mgc.go:1339 +0x105

goroutine 37 gp=0xc06040f880 m=nil [GC worker (idle)]:
runtime.gopark(0x95a1e0b32b5c0?, 0x3?, 0x40?, 0x20?, 0x0?)
	/home/jade/.local/go/src/runtime/proc.go:435 +0xce fp=0xc060417738 sp=0xc060417718 pc=0x473d0e
runtime.gcBgMarkWorker(0xc0002c50a0)
	/home/jade/.local/go/src/runtime/mgc.go:1423 +0xe9 fp=0xc0604177c8 sp=0xc060417738 pc=0x422469
runtime.gcBgMarkStartWorkers.gowrap1()
	/home/jade/.local/go/src/runtime/mgc.go:1339 +0x25 fp=0xc0604177e0 sp=0xc0604177c8 pc=0x422345
runtime.goexit({})
	/home/jade/.local/go/src/runtime/asm_amd64.s:1700 +0x1 fp=0xc0604177e8 sp=0xc0604177e0 pc=0x47b241
created by runtime.gcBgMarkStartWorkers in goroutine 1
	/home/jade/.local/go/src/runtime/mgc.go:1339 +0x105

goroutine 38 gp=0xc06040fa40 m=nil [GC worker (idle)]:
runtime.gopark(0x95a1e0b32ade0?, 0x3?, 0x53?, 0x49?, 0x0?)
	/home/jade/.local/go/src/runtime/proc.go:435 +0xce fp=0xc060417f38 sp=0xc060417f18 pc=0x473d0e
runtime.gcBgMarkWorker(0xc0002c50a0)
	/home/jade/.local/go/src/runtime/mgc.go:1423 +0xe9 fp=0xc060417fc8 sp=0xc060417f38 pc=0x422469
runtime.gcBgMarkStartWorkers.gowrap1()
	/home/jade/.local/go/src/runtime/mgc.go:1339 +0x25 fp=0xc060417fe0 sp=0xc060417fc8 pc=0x422345
runtime.goexit({})
	/home/jade/.local/go/src/runtime/asm_amd64.s:1700 +0x1 fp=0xc060417fe8 sp=0xc060417fe0 pc=0x47b241
created by runtime.gcBgMarkStartWorkers in goroutine 1
	/home/jade/.local/go/src/runtime/mgc.go:1339 +0x105

goroutine 39 gp=0xc06040fc00 m=nil [GC worker (idle)]:
runtime.gopark(0x95a1e0b32aea7?, 0x3?, 0xa0?, 0x36?, 0x0?)
	/home/jade/.local/go/src/runtime/proc.go:435 +0xce fp=0xc060418738 sp=0xc060418718 pc=0x473d0e
runtime.gcBgMarkWorker(0xc0002c50a0)
	/home/jade/.local/go/src/runtime/mgc.go:1423 +0xe9 fp=0xc0604187c8 sp=0xc060418738 pc=0x422469
runtime.gcBgMarkStartWorkers.gowrap1()
	/home/jade/.local/go/src/runtime/mgc.go:1339 +0x25 fp=0xc0604187e0 sp=0xc0604187c8 pc=0x422345
runtime.goexit({})
	/home/jade/.local/go/src/runtime/asm_amd64.s:1700 +0x1 fp=0xc0604187e8 sp=0xc0604187e0 pc=0x47b241
created by runtime.gcBgMarkStartWorkers in goroutine 1
	/home/jade/.local/go/src/runtime/mgc.go:1339 +0x105

goroutine 3798 gp=0xc000103c00 m=34 mp=0xc0c0d00008 [syscall, locked to thread]:
runtime.cgocall(0xc5e940, 0xc060824c68)
	/home/jade/.local/go/src/runtime/cgocall.go:167 +0x4b fp=0xc060824c40 sp=0xc060824c08 pc=0x470e8b
github.com/ingonyama-zk/icicle-gnark/v3/wrappers/golang/curves/bls12381/vecOps._Cfunc_bls12_381_vector_mul(0x7c7dca000000, 0x7c7e20000000, 0x800000, 0xc060824d38, 0x7c7dca000000)
	_cgo_gotypes.go:75 +0x46 fp=0xc060824c68 sp=0xc060824c40 pc=0xb8e4a6
github.com/ingonyama-zk/icicle-gnark/v3/wrappers/golang/curves/bls12381/vecOps.VecOp.func3(...)
	/home/jade/go/pkg/mod/github.com/ingonyama-zk/icicle-gnark/v3@v3.2.2/wrappers/golang/curves/bls12381/vecOps/vec_ops.go:27
github.com/ingonyama-zk/icicle-gnark/v3/wrappers/golang/curves/bls12381/vecOps.VecOp({0xf06888?, 0xc00d897740?}, {0xf06888?, 0xc00d897758?}, {0xf06888?, 0xc00d897770?}, {0x0, 0x1, 0x1, 0x1, ...}, ...)
	/home/jade/go/pkg/mod/github.com/ingonyama-zk/icicle-gnark/v3@v3.2.2/wrappers/golang/curves/bls12381/vecOps/vec_ops.go:27 +0x16f fp=0xc060824d38 sp=0xc060824c68 pc=0xb8e8cf
github.com/eon-protocol/eonark/gpu/bls12381.VecMulOnDevice({0x7c7dca000000, 0x10000000, 0x800000}, {0x7c7e20000000, 0x10000000, 0x800000})
	/home/jade/jade/eonark-gpu/gpu/bls12381/bls12381_gpu.go:469 +0x125 fp=0xc060824df0 sp=0xc060824d38 pc=0xb90c85
github.com/eon-protocol/eonark/gpu.(*instance).scaleEverythingBackGPUorCPU.func1({0xc00018e248?, 0x2fffff?, 0xc000374100?})
	/home/jade/jade/eonark-gpu/gpu/patch_gpu.go:2970 +0x45e fp=0xc060824f68 sp=0xc060824df0 pc=0xbad97e
github.com/ingonyama-zk/icicle-gnark/v3/wrappers/golang/runtime.RunOnDevice.func1(0xc00018e248)
	/home/jade/go/pkg/mod/github.com/ingonyama-zk/icicle-gnark/v3@v3.2.2/wrappers/golang/runtime/runtime.go:99 +0x90 fp=0xc060824fc8 sp=0xc060824f68 pc=0xa6eb70
github.com/ingonyama-zk/icicle-gnark/v3/wrappers/golang/runtime.RunOnDevice.gowrap1()
	/home/jade/go/pkg/mod/github.com/ingonyama-zk/icicle-gnark/v3@v3.2.2/wrappers/golang/runtime/runtime.go:101 +0x24 fp=0xc060824fe0 sp=0xc060824fc8 pc=0xa6eaa4
runtime.goexit({})
	/home/jade/.local/go/src/runtime/asm_amd64.s:1700 +0x1 fp=0xc060824fe8 sp=0xc060824fe0 pc=0x47b241
created by github.com/ingonyama-zk/icicle-gnark/v3/wrappers/golang/runtime.RunOnDevice in goroutine 3797
	/home/jade/go/pkg/mod/github.com/ingonyama-zk/icicle-gnark/v3@v3.2.2/wrappers/golang/runtime/runtime.go:94 +0xd9

goroutine 4204 gp=0xc0003fc540 m=nil [select]:
runtime.gopark(0xc00039fe80?, 0x2?, 0x0?, 0x0?, 0xc00039fcfc?)
	/home/jade/.local/go/src/runtime/proc.go:435 +0xce fp=0xc00039fb00 sp=0xc00039fae0 pc=0x473d0e
runtime.selectgo(0xc00039fe80, 0xc00039fcf8, 0x0?, 0x0, 0x2?, 0x1)
	/home/jade/.local/go/src/runtime/select.go:351 +0x837 fp=0xc00039fc38 sp=0xc00039fb00 pc=0x453e57
github.com/eon-protocol/eonark/gpu.(*instance).openZ(0xc0001862c8)
	/home/jade/jade/eonark-gpu/gpu/patch_gpu.go:1104 +0xac fp=0xc00039feb0 sp=0xc00039fc38 pc=0xb9bfec
github.com/eon-protocol/eonark/gpu.prove.func7()
	/home/jade/jade/eonark-gpu/gpu/patch_gpu.go:360 +0x7e fp=0xc00039ff58 sp=0xc00039feb0 pc=0xb965de
golang.org/x/sync/errgroup.(*Group).add.func1()
	/home/jade/go/pkg/mod/golang.org/x/sync@v0.15.0/errgroup/errgroup.go:128 +0x7e fp=0xc00039ffe0 sp=0xc00039ff58 pc=0x5832be
runtime.goexit({})
	/home/jade/.local/go/src/runtime/asm_amd64.s:1700 +0x1 fp=0xc00039ffe8 sp=0xc00039ffe0 pc=0x47b241
created by golang.org/x/sync/errgroup.(*Group).add in goroutine 1
	/home/jade/go/pkg/mod/golang.org/x/sync@v0.15.0/errgroup/errgroup.go:96 +0x76

goroutine 4205 gp=0xc0607b81c0 m=nil [select]:
runtime.gopark(0xc0003a1e40?, 0x2?, 0xb1?, 0xeb?, 0xc0003a1ccc?)
	/home/jade/.local/go/src/runtime/proc.go:435 +0xce fp=0xc0003a1a30 sp=0xc0003a1a10 pc=0x473d0e
runtime.selectgo(0xc0003a1e40, 0xc0003a1cc8, 0x0?, 0x0, 0x0?, 0x1)
	/home/jade/.local/go/src/runtime/select.go:351 +0x837 fp=0xc0003a1b68 sp=0xc0003a1a30 pc=0x453e57
github.com/eon-protocol/eonark/gpu.(*instance).computeLinearizedPolynomial(0xc0001862c8)
	/home/jade/jade/eonark-gpu/gpu/patch_gpu.go:1172 +0xac fp=0xc0003a1eb0 sp=0xc0003a1b68 pc=0xb9ca0c
github.com/eon-protocol/eonark/gpu.prove.func8()
	/home/jade/jade/eonark-gpu/gpu/patch_gpu.go:371 +0x7e fp=0xc0003a1f58 sp=0xc0003a1eb0 pc=0xb9645e
golang.org/x/sync/errgroup.(*Group).add.func1()
	/home/jade/go/pkg/mod/golang.org/x/sync@v0.15.0/errgroup/errgroup.go:128 +0x7e fp=0xc0003a1fe0 sp=0xc0003a1f58 pc=0x5832be
runtime.goexit({})
	/home/jade/.local/go/src/runtime/asm_amd64.s:1700 +0x1 fp=0xc0003a1fe8 sp=0xc0003a1fe0 pc=0x47b241
created by golang.org/x/sync/errgroup.(*Group).add in goroutine 1
	/home/jade/go/pkg/mod/golang.org/x/sync@v0.15.0/errgroup/errgroup.go:96 +0x76

goroutine 4206 gp=0xc0607ba1c0 m=nil [select]:
runtime.gopark(0xc060822de8?, 0x2?, 0x3?, 0x2e?, 0xc060822cf4?)
	/home/jade/.local/go/src/runtime/proc.go:435 +0xce fp=0xc060822ac8 sp=0xc060822aa8 pc=0x473d0e
runtime.selectgo(0xc060822de8, 0xc060822cf0, 0x0?, 0x0, 0x0?, 0x1)
	/home/jade/.local/go/src/runtime/select.go:351 +0x837 fp=0xc060822c00 sp=0xc060822ac8 pc=0x453e57
github.com/eon-protocol/eonark/gpu.(*instance).batchOpening(0xc0001862c8)
	/home/jade/jade/eonark-gpu/gpu/patch_gpu.go:1253 +0xac fp=0xc060822eb0 sp=0xc060822c00 pc=0xb9d80c
github.com/eon-protocol/eonark/gpu.prove.func9()
	/home/jade/jade/eonark-gpu/gpu/patch_gpu.go:382 +0x7e fp=0xc060822f58 sp=0xc060822eb0 pc=0xb962de
golang.org/x/sync/errgroup.(*Group).add.func1()
	/home/jade/go/pkg/mod/golang.org/x/sync@v0.15.0/errgroup/errgroup.go:128 +0x7e fp=0xc060822fe0 sp=0xc060822f58 pc=0x5832be
runtime.goexit({})
	/home/jade/.local/go/src/runtime/asm_amd64.s:1700 +0x1 fp=0xc060822fe8 sp=0xc060822fe0 pc=0x47b241
created by golang.org/x/sync/errgroup.(*Group).add in goroutine 1
	/home/jade/go/pkg/mod/golang.org/x/sync@v0.15.0/errgroup/errgroup.go:96 +0x76

goroutine 4203 gp=0xc06053f500 m=nil [sync.WaitGroup.Wait]:
runtime.gopark(0xc00072dbd8?, 0x418cd4?, 0x0?, 0x66?, 0x142ace0?)
	/home/jade/.local/go/src/runtime/proc.go:435 +0xce fp=0xc00072db78 sp=0xc00072db58 pc=0x473d0e
runtime.goparkunlock(...)
	/home/jade/.local/go/src/runtime/proc.go:441
runtime.semacquire1(0xc001ed1f30, 0x0, 0x1, 0x0, 0x18)
	/home/jade/.local/go/src/runtime/sema.go:188 +0x21d fp=0xc00072dbe0 sp=0xc00072db78 pc=0x454efd
sync.runtime_SemacquireWaitGroup(0xc00dbada70?)
	/home/jade/.local/go/src/runtime/sema.go:110 +0x25 fp=0xc00072dc18 sp=0xc00072dbe0 pc=0x475105
sync.(*WaitGroup).Wait(0xd3f640?)
	/home/jade/.local/go/src/sync/waitgroup.go:118 +0x48 fp=0xc00072dc40 sp=0xc00072dc18 pc=0x4904e8
golang.org/x/sync/errgroup.(*Group).Wait(0xc001ed1f20)
	/home/jade/go/pkg/mod/golang.org/x/sync@v0.15.0/errgroup/errgroup.go:65 +0x1e fp=0xc00072dc60 sp=0xc00072dc40 pc=0x58313e
github.com/eon-protocol/eonark/gpu.commitToQuotient({0xc2a3314000, 0x800002, 0x2000000}, {0xc2b3314040, 0x800002, 0x17ffffe}, {0xc2c3314080, 0x800002, 0xfffffc}, 0xc000004408, ...)
	/home/jade/jade/eonark-gpu/gpu/patch_gpu.go:1844 +0x2bd fp=0xc00072dce0 sp=0xc00072dc60 pc=0xba243d
github.com/eon-protocol/eonark/gpu.(*instance).computeQuotient(0xc0001862c8)
	/home/jade/jade/eonark-gpu/gpu/patch_gpu.go:1032 +0xa1b fp=0xc00072deb0 sp=0xc00072dce0 pc=0xb9b67b
github.com/eon-protocol/eonark/gpu.prove.func6()
	/home/jade/jade/eonark-gpu/gpu/patch_gpu.go:349 +0x7e fp=0xc00072df58 sp=0xc00072deb0 pc=0xb9675e
golang.org/x/sync/errgroup.(*Group).add.func1()
	/home/jade/go/pkg/mod/golang.org/x/sync@v0.15.0/errgroup/errgroup.go:128 +0x7e fp=0xc00072dfe0 sp=0xc00072df58 pc=0x5832be
runtime.goexit({})
	/home/jade/.local/go/src/runtime/asm_amd64.s:1700 +0x1 fp=0xc00072dfe8 sp=0xc00072dfe0 pc=0x47b241
created by golang.org/x/sync/errgroup.(*Group).add in goroutine 1
	/home/jade/go/pkg/mod/golang.org/x/sync@v0.15.0/errgroup/errgroup.go:96 +0x76

goroutine 3797 gp=0xc060682540 m=nil [chan receive]:
runtime.gopark(0xc0c0d00008?, 0xc0074e8f48?, 0x48?, 0x3e?, 0x471999?)
	/home/jade/.local/go/src/runtime/proc.go:435 +0xce fp=0xc00e443e08 sp=0xc00e443de8 pc=0x473d0e
runtime.chanrecv(0xc00e2c7490, 0x0, 0x1)
	/home/jade/.local/go/src/runtime/chan.go:664 +0x445 fp=0xc00e443e80 sp=0xc00e443e08 pc=0x411985
runtime.chanrecv1(0xc00018e248?, 0xc0008e2640?)
	/home/jade/.local/go/src/runtime/chan.go:506 +0x12 fp=0xc00e443ea8 sp=0xc00e443e80 pc=0x411512
github.com/eon-protocol/eonark/gpu.(*instance).scaleEverythingBackGPUorCPU(0xc0001862c8, {0xc005084900, 0x4, 0xc00e443fd0?}, 0x44a1f2?, {0x180000?, 0x1c0000?, 0xc004277a40?})
	/home/jade/jade/eonark-gpu/gpu/patch_gpu.go:2990 +0x371 fp=0xc00e443f90 sp=0xc00e443ea8 pc=0xbad1d1
github.com/eon-protocol/eonark/gpu.(*instance).computeNumerator.gowrap2()
	/home/jade/jade/eonark-gpu/gpu/patch_gpu.go:1660 +0x3c fp=0xc00e443fe0 sp=0xc00e443f90 pc=0xb9f6fc
runtime.goexit({})
	/home/jade/.local/go/src/runtime/asm_amd64.s:1700 +0x1 fp=0xc00e443fe8 sp=0xc00e443fe0 pc=0x47b241
created by github.com/eon-protocol/eonark/gpu.(*instance).computeNumerator in goroutine 4203
	/home/jade/jade/eonark-gpu/gpu/patch_gpu.go:1660 +0x11c5

goroutine 4767 gp=0xc004248a80 m=10 mp=0xc000100808 [syscall, locked to thread]:
runtime.cgocall(0xc5d830, 0xc00566f940)
	/home/jade/.local/go/src/runtime/cgocall.go:167 +0x4b fp=0xc00566f918 sp=0xc00566f8e0 pc=0x470e8b
github.com/ingonyama-zk/icicle-gnark/v3/wrappers/golang/curves/bls12381/msm._Cfunc_bls12_381_msm(0x7c7dec000000, 0x7c7f2e000000, 0x800002, 0xc00018e428, 0xc0073854d0)
	_cgo_gotypes.go:66 +0x46 fp=0xc00566f940 sp=0xc00566f918 pc=0xb8d8c6
github.com/ingonyama-zk/icicle-gnark/v3/wrappers/golang/curves/bls12381/msm.Msm.func1(...)
	/home/jade/go/pkg/mod/github.com/ingonyama-zk/icicle-gnark/v3@v3.2.2/wrappers/golang/curves/bls12381/msm/msm.go:27
github.com/ingonyama-zk/icicle-gnark/v3/wrappers/golang/curves/bls12381/msm.Msm({0xf06888?, 0xc00d4f2f48?}, {0xf06888?, 0xc00d4f2f60?}, 0xc00018e428, {0xf06b10?, 0xc00d4f2f78?})
	/home/jade/go/pkg/mod/github.com/ingonyama-zk/icicle-gnark/v3@v3.2.2/wrappers/golang/curves/bls12381/msm/msm.go:27 +0x116 fp=0xc00566f9c8 sp=0xc00566f940 pc=0xb8dc56
github.com/eon-protocol/eonark/gpu/bls12381.OnDeviceCommitWithPrecompute({0xc2b3314040, 0x800002, 0x17ffffe}, {0x7c7f2e000000, 0x90000240, 0x1800006}, 0xc00018e428)
	/home/jade/jade/eonark-gpu/gpu/bls12381/bls12381_gpu.go:116 +0x89c fp=0xc00566fd88 sp=0xc00566f9c8 pc=0xb8fcbc
github.com/eon-protocol/eonark/gpu.commitOnGPUOrCPU.func1({0xc00018e248?, 0x2510f3ab679c1aa8?, 0x1?})
	/home/jade/jade/eonark-gpu/gpu/patch_gpu.go:2612 +0x2f0 fp=0xc00566ff68 sp=0xc00566fd88 pc=0xbaa090
github.com/ingonyama-zk/icicle-gnark/v3/wrappers/golang/runtime.RunOnDevice.func1(0xc00018e248)
	/home/jade/go/pkg/mod/github.com/ingonyama-zk/icicle-gnark/v3@v3.2.2/wrappers/golang/runtime/runtime.go:99 +0x90 fp=0xc00566ffc8 sp=0xc00566ff68 pc=0xa6eb70
github.com/ingonyama-zk/icicle-gnark/v3/wrappers/golang/runtime.RunOnDevice.gowrap1()
	/home/jade/go/pkg/mod/github.com/ingonyama-zk/icicle-gnark/v3@v3.2.2/wrappers/golang/runtime/runtime.go:101 +0x24 fp=0xc00566ffe0 sp=0xc00566ffc8 pc=0xa6eaa4
runtime.goexit({})
	/home/jade/.local/go/src/runtime/asm_amd64.s:1700 +0x1 fp=0xc00566ffe8 sp=0xc00566ffe0 pc=0x47b241
created by github.com/ingonyama-zk/icicle-gnark/v3/wrappers/golang/runtime.RunOnDevice in goroutine 4918
	/home/jade/go/pkg/mod/github.com/ingonyama-zk/icicle-gnark/v3@v3.2.2/wrappers/golang/runtime/runtime.go:94 +0xd9

goroutine 4119 gp=0xc004249a40 m=31 mp=0xc060b90008 [syscall, locked to thread]:
runtime.cgocall(0xc5d830, 0xc005673940)
	/home/jade/.local/go/src/runtime/cgocall.go:167 +0x4b fp=0xc005673918 sp=0xc0056738e0 pc=0x470e8b
github.com/ingonyama-zk/icicle-gnark/v3/wrappers/golang/curves/bls12381/msm._Cfunc_bls12_381_msm(0x7c7dda000000, 0x7c7f2e000000, 0x800002, 0xc00018e428, 0xc00d31e630)
	_cgo_gotypes.go:66 +0x46 fp=0xc005673940 sp=0xc005673918 pc=0xb8d8c6
github.com/ingonyama-zk/icicle-gnark/v3/wrappers/golang/curves/bls12381/msm.Msm.func1(...)
	/home/jade/go/pkg/mod/github.com/ingonyama-zk/icicle-gnark/v3@v3.2.2/wrappers/golang/curves/bls12381/msm/msm.go:27
github.com/ingonyama-zk/icicle-gnark/v3/wrappers/golang/curves/bls12381/msm.Msm({0xf06888?, 0xc00d3e93b0?}, {0xf06888?, 0xc00d3e93c8?}, 0xc00018e428, {0xf06b10?, 0xc00d3e93e0?})
	/home/jade/go/pkg/mod/github.com/ingonyama-zk/icicle-gnark/v3@v3.2.2/wrappers/golang/curves/bls12381/msm/msm.go:27 +0x116 fp=0xc0056739c8 sp=0xc005673940 pc=0xb8dc56
github.com/eon-protocol/eonark/gpu/bls12381.OnDeviceCommitWithPrecompute({0xc2a3314000, 0x800002, 0x2000000}, {0x7c7f2e000000, 0x90000240, 0x1800006}, 0xc00018e428)
	/home/jade/jade/eonark-gpu/gpu/bls12381/bls12381_gpu.go:116 +0x89c fp=0xc005673d88 sp=0xc0056739c8 pc=0xb8fcbc
github.com/eon-protocol/eonark/gpu.commitOnGPUOrCPU.func1({0xc00018e248?, 0x35b5e671c2696548?, 0x1?})
	/home/jade/jade/eonark-gpu/gpu/patch_gpu.go:2612 +0x2f0 fp=0xc005673f68 sp=0xc005673d88 pc=0xbaa090
github.com/ingonyama-zk/icicle-gnark/v3/wrappers/golang/runtime.RunOnDevice.func1(0xc00018e248)
	/home/jade/go/pkg/mod/github.com/ingonyama-zk/icicle-gnark/v3@v3.2.2/wrappers/golang/runtime/runtime.go:99 +0x90 fp=0xc005673fc8 sp=0xc005673f68 pc=0xa6eb70
github.com/ingonyama-zk/icicle-gnark/v3/wrappers/golang/runtime.RunOnDevice.gowrap1()
	/home/jade/go/pkg/mod/github.com/ingonyama-zk/icicle-gnark/v3@v3.2.2/wrappers/golang/runtime/runtime.go:101 +0x24 fp=0xc005673fe0 sp=0xc005673fc8 pc=0xa6eaa4
runtime.goexit({})
	/home/jade/.local/go/src/runtime/asm_amd64.s:1700 +0x1 fp=0xc005673fe8 sp=0xc005673fe0 pc=0x47b241
created by github.com/ingonyama-zk/icicle-gnark/v3/wrappers/golang/runtime.RunOnDevice in goroutine 4917
	/home/jade/go/pkg/mod/github.com/ingonyama-zk/icicle-gnark/v3@v3.2.2/wrappers/golang/runtime/runtime.go:94 +0xd9

goroutine 4917 gp=0xc004249c00 m=nil [chan receive]:
runtime.gopark(0xc060b90008?, 0xc00e552cf0?, 0xd8?, 0x7b?, 0x471999?)
	/home/jade/.local/go/src/runtime/proc.go:435 +0xce fp=0xc001a57b98 sp=0xc001a57b78 pc=0x473d0e
runtime.chanrecv(0xc00048e4d0, 0x0, 0x1)
	/home/jade/.local/go/src/runtime/chan.go:664 +0x445 fp=0xc001a57c10 sp=0xc001a57b98 pc=0x411985
runtime.chanrecv1(0xc00018e248?, 0xc00e68adc0?)
	/home/jade/.local/go/src/runtime/chan.go:506 +0x12 fp=0xc001a57c38 sp=0xc001a57c10 pc=0x411512
github.com/eon-protocol/eonark/gpu.commitOnGPUOrCPU({0xc2a3314000, 0x800002, 0x2000000}, 0x0?, 0x0)
	/home/jade/jade/eonark-gpu/gpu/patch_gpu.go:2632 +0x1b4 fp=0xc001a57da0 sp=0xc001a57c38 pc=0xba9af4
github.com/eon-protocol/eonark/gpu.commitToQuotient.func1()
	/home/jade/jade/eonark-gpu/gpu/patch_gpu.go:1819 +0x9d fp=0xc001a57f58 sp=0xc001a57da0 pc=0xba29dd
golang.org/x/sync/errgroup.(*Group).add.func1()
	/home/jade/go/pkg/mod/golang.org/x/sync@v0.15.0/errgroup/errgroup.go:128 +0x7e fp=0xc001a57fe0 sp=0xc001a57f58 pc=0x5832be
runtime.goexit({})
	/home/jade/.local/go/src/runtime/asm_amd64.s:1700 +0x1 fp=0xc001a57fe8 sp=0xc001a57fe0 pc=0x47b241
created by golang.org/x/sync/errgroup.(*Group).add in goroutine 4203
	/home/jade/go/pkg/mod/golang.org/x/sync@v0.15.0/errgroup/errgroup.go:96 +0x76

goroutine 4918 gp=0xc008d88c40 m=nil [chan receive]:
runtime.gopark(0xc000100808?, 0xc00d26bea8?, 0xd8?, 0x3b?, 0x471999?)
	/home/jade/.local/go/src/runtime/proc.go:435 +0xce fp=0xc0057a3b98 sp=0xc0057a3b78 pc=0x473d0e
runtime.chanrecv(0xc00d4aaa10, 0x0, 0x1)
	/home/jade/.local/go/src/runtime/chan.go:664 +0x445 fp=0xc0057a3c10 sp=0xc0057a3b98 pc=0x411985
runtime.chanrecv1(0xc00018e248?, 0xc00be5b720?)
	/home/jade/.local/go/src/runtime/chan.go:506 +0x12 fp=0xc0057a3c38 sp=0xc0057a3c10 pc=0x411512
github.com/eon-protocol/eonark/gpu.commitOnGPUOrCPU({0xc2b3314040, 0x800002, 0x17ffffe}, 0x0?, 0x0)
	/home/jade/jade/eonark-gpu/gpu/patch_gpu.go:2632 +0x1b4 fp=0xc0057a3da0 sp=0xc0057a3c38 pc=0xba9af4
github.com/eon-protocol/eonark/gpu.commitToQuotient.func2()
	/home/jade/jade/eonark-gpu/gpu/patch_gpu.go:1828 +0x9d fp=0xc0057a3f58 sp=0xc0057a3da0 pc=0xba27dd
golang.org/x/sync/errgroup.(*Group).add.func1()
	/home/jade/go/pkg/mod/golang.org/x/sync@v0.15.0/errgroup/errgroup.go:128 +0x7e fp=0xc0057a3fe0 sp=0xc0057a3f58 pc=0x5832be
runtime.goexit({})
	/home/jade/.local/go/src/runtime/asm_amd64.s:1700 +0x1 fp=0xc0057a3fe8 sp=0xc0057a3fe0 pc=0x47b241
created by golang.org/x/sync/errgroup.(*Group).add in goroutine 4203
	/home/jade/go/pkg/mod/golang.org/x/sync@v0.15.0/errgroup/errgroup.go:96 +0x76

goroutine 4919 gp=0xc008d88e00 m=nil [chan receive]:
runtime.gopark(0xc00a7f0c30?, 0xc00dbada88?, 0xd8?, 0x83?, 0x471999?)
	/home/jade/.local/go/src/runtime/proc.go:435 +0xce fp=0xc0000bdb98 sp=0xc0000bdb78 pc=0x473d0e
runtime.chanrecv(0xc00a7f0bd0, 0x0, 0x1)
	/home/jade/.local/go/src/runtime/chan.go:664 +0x445 fp=0xc0000bdc10 sp=0xc0000bdb98 pc=0x411985
runtime.chanrecv1(0xc00018e248?, 0xc004bbd270?)
	/home/jade/.local/go/src/runtime/chan.go:506 +0x12 fp=0xc0000bdc38 sp=0xc0000bdc10 pc=0x411512
github.com/eon-protocol/eonark/gpu.commitOnGPUOrCPU({0xc2c3314080, 0x800002, 0xfffffc}, 0x0?, 0x0)
	/home/jade/jade/eonark-gpu/gpu/patch_gpu.go:2632 +0x1b4 fp=0xc0000bdda0 sp=0xc0000bdc38 pc=0xba9af4
github.com/eon-protocol/eonark/gpu.commitToQuotient.func3()
	/home/jade/jade/eonark-gpu/gpu/patch_gpu.go:1837 +0x9d fp=0xc0000bdf58 sp=0xc0000bdda0 pc=0xba25dd
golang.org/x/sync/errgroup.(*Group).add.func1()
	/home/jade/go/pkg/mod/golang.org/x/sync@v0.15.0/errgroup/errgroup.go:128 +0x7e fp=0xc0000bdfe0 sp=0xc0000bdf58 pc=0x5832be
runtime.goexit({})
	/home/jade/.local/go/src/runtime/asm_amd64.s:1700 +0x1 fp=0xc0000bdfe8 sp=0xc0000bdfe0 pc=0x47b241
created by golang.org/x/sync/errgroup.(*Group).add in goroutine 4203
	/home/jade/go/pkg/mod/golang.org/x/sync@v0.15.0/errgroup/errgroup.go:96 +0x76

rax    0x0
rbx    0x2fe907
rcx    0x7c8286e9eb2c
rdx    0x6
rdi    0x2fe8ad
rsi    0x2fe907
rbp    0x7c819bffe2a0
rsp    0x7c819bffe260
r8     0x1d
r9     0xffffffffffffffe0
r10    0x8
r11    0x246
r12    0x6
r13    0x45613a000
r14    0x16
r15    0x400001
rip    0x7c8286e9eb2c
rflags 0x246
cs     0x33
fs     0x0
gs     0x0
exit status 2
