compile inner 耗时: 938.730869 ms
[INFO] ICICLE backend loaded from $ICICLE_BACKEND_INSTALL_DIR=/home/jade/.local/icicle/lib/backend
prove() -> icicle device setup 耗时: 157.581865ms
prove() -> initBlindingPolynomials 耗时: 0.019677ms
		commitOnGPUOrCPU() || GPU 开始 commitLagrange 不使用预计算
	solveConstraints() || s.spr.Solve() (L, R, O) 耗时: 9.016716 ms
	solveConstraints() || sets x[id_L], x[id_R], x[id_O] 耗时: 0.009882 ms
		commitOnGPUOrCPU() || GPU 开始 commitLagrange 不使用预计算
			commitToPolyAndBlinding() -> commit to p 耗时: 5.378324ms
			commitToPolyAndBlinding() -> commit to b 耗时: 9.018906ms
			commitToPolyAndBlinding() -> commit_p + commit_b 耗时: 0.005190ms
		commitToLRO() || commitToPolyAndBlinding(s.x[id_L], s.bp[id_Bl]) LRO[0] 耗时: 14.410037ms
		commitOnGPUOrCPU() || GPU 开始 commitLagrange 不使用预计算
			commitToPolyAndBlinding() -> commit to p 耗时: 5.501413ms
			commitToPolyAndBlinding() -> commit to b 耗时: 8.963366ms
			commitToPolyAndBlinding() -> commit_p + commit_b 耗时: 0.003319ms
		commitToLRO() || commitToPolyAndBlinding(s.x[id_R], s.bp[id_Br]) LRO[1] 耗时: 14.477078ms
		commitOnGPUOrCPU() || GPU 开始 commitLagrange 不使用预计算
			commitToPolyAndBlinding() -> commit to p 耗时: 5.297373ms
			commitToPolyAndBlinding() -> commit to b 耗时: 8.904796ms
			commitToPolyAndBlinding() -> commit_p + commit_b 耗时: 0.005170ms
		commitToLRO() || commitToPolyAndBlinding(s.x[id_O], s.bp[id_Bo]) LRO[2] 耗时: 14.215750ms
	solveConstraints() || commitToLRO() 耗时: 43.106750 ms
prove() -> solveConstraints 耗时: 52.141021ms
		completeQk() || wait for solver to be done 耗时: 52.109401ms
prove() -> completeQk 耗时: 52.121157ms
		deriveGammaAndBeta() || wait for LRO to be committed 耗时: 51.948767ms
		computeQuotient() || wait for solver to be done 耗时: 52.152696ms
prove() -> deriveGammaAndBeta 耗时: 52.352516ms
		buildRatioCopyConstraint() || wait for gamma and beta to be derived 耗时: 52.381177ms
		buildRatioCopyConstraint() || iop.BuildRatioCopyConstraint 耗时: 0.279173ms
		commitOnGPUOrCPU() || GPU 开始 commitLagrange 不使用预计算
			commitToPolyAndBlinding() -> commit to p 耗时: 5.023063ms
			commitToPolyAndBlinding() -> commit to b 耗时: 8.902362ms
			commitToPolyAndBlinding() -> commit_p + commit_b 耗时: 0.003456ms
		buildRatioCopyConstraint() || commitToPolyAndBlinding(s.x[id_Z], s.bp[id_Bz]) 耗时: 13.945303ms
prove() -> buildRatioCopyConstraint 耗时: 66.614378ms
		computeQuotient() || wait for Z to be committed 耗时: 14.433489ms
	computeQuotient() || prepare to compute & derive alpha): 66.696506 ms
	computeQuotient() || computeNumerator() 耗时: 7.962348 ms
		divideByZH() || parallelize divide 耗时: 0.047513 ms
		divideByZH() || ToCanonical 耗时: 0.243164 ms
	computeQuotient() || divideByZH() 耗时: 0.304597 ms
		commitOnGPUOrCPU() || GPU 开始 commitMonomial 不使用预计算
		commitOnGPUOrCPU() || GPU 开始 commitMonomial 不使用预计算
		commitOnGPUOrCPU() || GPU 开始 commitMonomial 不使用预计算
		commitToQuotient() || commit h1 耗时: 6.063944 ms
		commitToQuotient() || commit h3 耗时: 14.787831 ms
		commitToQuotient() || commit h2 耗时: 14.808761 ms
		commitToQuotient() || 总耗时: 14.847963 ms
	computeQuotient() || commitToQuotient() 耗时: 14.850490 ms
	computeQuotient() || deriveZeta() & clean up 耗时: 0.646161 ms
		computeLinearizedPolynomial() || wait for H to be committed and zeta to be derived 耗时: 90.456095ms
		openZ() || wait for H to be committed and zeta to be derived 耗时: 90.485336ms
		openZ() || getBlindedCoefficients 耗时: 0.004832ms
prove() -> computeQuotient 耗时: 90.478945ms
		openZ() || Open 耗时: 5.509031ms
prove() -> openZ 耗时: 96.011801ms
		computeLinearizedPolynomial() || innerComputeLinearizedPoly 耗时: 6.105796ms
		commitOnGPUOrCPU() || GPU 开始 commitMonomial 不使用预计算
		computeLinearizedPolynomial() || kzg.Commit 耗时: 5.798385 ms
prove() -> computeLinearizedPolynomial 耗时: 102.386440ms
		batchOpening() || wait for linearizedPolynomial 耗时: 102.441340ms
		batchOpening() || prepare polysToOpen and digestsToOpen 耗时: 0.005205ms
		commitOnGPUOrCPU() || GPU 开始 commitMonomial 不使用预计算
		BatchOpenSinglePoint  ||  commitOnGPUOrCPU() 耗时: 5.557769 ms
		batchOpening() || BatchOpenSinglePoint 耗时: 6.401731ms
prove() -> batchOpening 耗时: 108.866678ms
prove() -> prove() 总耗时: 109.084055ms
prove inner 耗时: 1217.425828 ms
verify inner 耗时: 12.545763 ms
assemble Poseidon2-FS inputs 耗时: 3.826188 ms
compile outer(frontend.Compile) 耗时: 2697.581215 ms
[outer] nbConstraints=6312224 nbPublic=4 nbSecret=168
solve outer 耗时: 1587.685866ms
outer circuit solved
compile outer(pkOuter.Compile) 耗时: 14563.009098 ms
[INFO] ICICLE backend loaded from $ICICLE_BACKEND_INSTALL_DIR=/home/jade/.local/icicle/lib/backend
prove() -> icicle device setup 耗时: 891.986007ms
prove() -> initBlindingPolynomials 耗时: 0.562637ms
		commitOnGPUOrCPU() || GPU 开始 commitLagrange 预计算

=============================================== OnDeviceCommitWithPrecompute() start ================================================

========= cfg config info ==========
N: 8388608
StreamHandle: <nil>
PrecomputeFactor: 1
C: 14
Bitsize: 0
BatchSize: 0
ArePointsSharedInBatch: true
AreScalarsMontgomeryForm: true
AreBasesMontgomeryForm: false
IsAsync: false
Ext: <nil>
========= cfg config info ==========

		[OnDeviceCommitWithPrecompute: Before HostSliceFromElements] GPU memory: used=4915 MiB / total=24081 MiB (20.4%)
		[OnDeviceCommitWithPrecompute: Before HostSliceFromElements] CPU memory: allocated=6958 MiB, total_allocated=40438 MiB, sys=10949 MiB
		[OnDeviceCommitWithPrecompute: After HostSliceFromElements] GPU memory: used=4915 MiB / total=24081 MiB (20.4%)
		[OnDeviceCommitWithPrecompute: After HostSliceFromElements] CPU memory: allocated=6958 MiB, total_allocated=40438 MiB, sys=10949 MiB
		[OnDeviceCommitWithPrecompute: Before CopyToDevice] GPU memory: used=4915 MiB / total=24081 MiB (20.4%)
		[OnDeviceCommitWithPrecompute: Before CopyToDevice] CPU memory: allocated=6958 MiB, total_allocated=40438 MiB, sys=10949 MiB
		[OnDeviceCommitWithPrecompute: After CopyToDevice] GPU memory: used=5171 MiB / total=24081 MiB (21.5%)
		[OnDeviceCommitWithPrecompute: After CopyToDevice] CPU memory: allocated=6958 MiB, total_allocated=40438 MiB, sys=10949 MiB
	OnDeviceCommitWithPrecompute() || CopyToDevice 耗时: 41.220390 ms
	OnDeviceCommitWithPrecompute() || icicle_msm.Msm() 耗时: 141.562983 ms
=============================================== OnDeviceCommitWithPrecompute() end ================================================

	solveConstraints() || s.spr.Solve() (L, R, O) 耗时: 1521.370813 ms
	solveConstraints() || sets x[id_L], x[id_R], x[id_O] 耗时: 0.009869 ms

=============================================== OnDeviceCommitBatchLROWithPrecompute() start ================================================
		[OnDeviceCommitBatchLROWithPrecompute: Function Start] GPU memory: used=4915 MiB / total=24081 MiB (20.4%)
		[OnDeviceCommitBatchLROWithPrecompute: Function Start] CPU memory: allocated=7758 MiB, total_allocated=41238 MiB, sys=10949 MiB

========= cfg config info ==========
N: 8388608
StreamHandle: <nil>
PrecomputeFactor: 1
C: 14
Bitsize: 0
BatchSize: 3
ArePointsSharedInBatch: true
AreScalarsMontgomeryForm: true
AreBasesMontgomeryForm: false
IsAsync: false
Ext: <nil>
========= cfg config info ==========

		[OnDeviceCommitBatchLROWithPrecompute: After Flatten Array Created] GPU memory: used=4915 MiB / total=24081 MiB (20.4%)
		[OnDeviceCommitBatchLROWithPrecompute: After Flatten Array Created] CPU memory: allocated=8526 MiB, total_allocated=42006 MiB, sys=10949 MiB
	OnDeviceCommitBatchLROWithPrecompute() || flatten total elements: 25165824, per fr.Element: 48 bytes, total: 1152.00 MB
		[OnDeviceCommitBatchLROWithPrecompute: After HostSlice Created] GPU memory: used=4915 MiB / total=24081 MiB (20.4%)
		[OnDeviceCommitBatchLROWithPrecompute: After HostSlice Created] CPU memory: allocated=8526 MiB, total_allocated=42006 MiB, sys=10949 MiB
		[OnDeviceCommitBatchLROWithPrecompute: Before CopyToDevice] GPU memory: used=4915 MiB / total=24081 MiB (20.4%)
		[OnDeviceCommitBatchLROWithPrecompute: Before CopyToDevice] CPU memory: allocated=8526 MiB, total_allocated=42006 MiB, sys=10949 MiB
		[OnDeviceCommitBatchLROWithPrecompute: After CopyToDevice] GPU memory: used=5683 MiB / total=24081 MiB (23.6%)
		[OnDeviceCommitBatchLROWithPrecompute: After CopyToDevice] CPU memory: allocated=8526 MiB, total_allocated=42006 MiB, sys=10949 MiB
	OnDeviceCommitBatchLROWithPrecompute() || CopyToDevice 耗时: 123.542392 ms
		[OnDeviceCommitBatchLROWithPrecompute: After Result Array Created] GPU memory: used=5683 MiB / total=24081 MiB (23.6%)
		[OnDeviceCommitBatchLROWithPrecompute: After Result Array Created] CPU memory: allocated=8526 MiB, total_allocated=42006 MiB, sys=10949 MiB
		[OnDeviceCommitBatchLROWithPrecompute: Before MSM] GPU memory: used=5683 MiB / total=24081 MiB (23.6%)
		[OnDeviceCommitBatchLROWithPrecompute: Before MSM] CPU memory: allocated=8526 MiB, total_allocated=42006 MiB, sys=10949 MiB
	OnDeviceCommitBatchLROWithPrecompute() || icicle_msm.Msm() 耗时: 400.125017 ms
		[OnDeviceCommitBatchLROWithPrecompute: After MSM] GPU memory: used=5683 MiB / total=24081 MiB (23.6%)
		[OnDeviceCommitBatchLROWithPrecompute: After MSM] CPU memory: allocated=8526 MiB, total_allocated=42006 MiB, sys=10949 MiB
	OnDeviceCommitBatchLROWithPrecompute() || blsProjectiveToGnarkAffine() 耗时: 0.012667 ms
		[OnDeviceCommitBatchLROWithPrecompute: After Conversion] GPU memory: used=5683 MiB / total=24081 MiB (23.6%)
		[OnDeviceCommitBatchLROWithPrecompute: After Conversion] CPU memory: allocated=8526 MiB, total_allocated=42006 MiB, sys=10949 MiB
		[OnDeviceCommitBatchLROWithPrecompute: Function End] GPU memory: used=5683 MiB / total=24081 MiB (23.6%)
		[OnDeviceCommitBatchLROWithPrecompute: Function End] CPU memory: allocated=8526 MiB, total_allocated=42006 MiB, sys=10949 MiB
=============================================== OnDeviceCommitBatchLROWithPrecompute() end ================================================

2025/11/26 04:33:32 [TIMING] commitToLRO: total=711.623753ms, bigMSM=686.587119ms, blinding=25.036443ms
	solveConstraints() || commitToLRO() 耗时: 711.661898 ms
prove() -> solveConstraints 耗时: 2233.061492ms
		deriveGammaAndBeta() || wait for LRO to be committed 耗时: 2232.216983ms
		completeQk() || wait for solver to be done 耗时: 2142.804016ms
prove() -> completeQk 耗时: 2233.120430ms
		computeQuotient() || wait for solver to be done 耗时: 2169.647689ms
prove() -> deriveGammaAndBeta 耗时: 2233.031125ms
		buildRatioCopyConstraint() || wait for gamma and beta to be derived 耗时: 2233.165589ms
		buildRatioCopyConstraint() || iop.BuildRatioCopyConstraint 耗时: 674.065640ms
		commitOnGPUOrCPU() || GPU 开始 commitLagrange 预计算

=============================================== OnDeviceCommitWithPrecompute() start ================================================

========= cfg config info ==========
N: 8388608
StreamHandle: <nil>
PrecomputeFactor: 1
C: 14
Bitsize: 0
BatchSize: 1
ArePointsSharedInBatch: false
AreScalarsMontgomeryForm: true
AreBasesMontgomeryForm: false
IsAsync: false
Ext: <nil>
========= cfg config info ==========

		[OnDeviceCommitWithPrecompute: Before HostSliceFromElements] GPU memory: used=4915 MiB / total=24081 MiB (20.4%)
		[OnDeviceCommitWithPrecompute: Before HostSliceFromElements] CPU memory: allocated=10063 MiB, total_allocated=43543 MiB, sys=10949 MiB
		[OnDeviceCommitWithPrecompute: After HostSliceFromElements] GPU memory: used=4915 MiB / total=24081 MiB (20.4%)
		[OnDeviceCommitWithPrecompute: After HostSliceFromElements] CPU memory: allocated=10063 MiB, total_allocated=43543 MiB, sys=10949 MiB
		[OnDeviceCommitWithPrecompute: Before CopyToDevice] GPU memory: used=4915 MiB / total=24081 MiB (20.4%)
		[OnDeviceCommitWithPrecompute: Before CopyToDevice] CPU memory: allocated=10063 MiB, total_allocated=43543 MiB, sys=10949 MiB
		[OnDeviceCommitWithPrecompute: After CopyToDevice] GPU memory: used=5171 MiB / total=24081 MiB (21.5%)
		[OnDeviceCommitWithPrecompute: After CopyToDevice] CPU memory: allocated=10063 MiB, total_allocated=43543 MiB, sys=10949 MiB
	OnDeviceCommitWithPrecompute() || CopyToDevice 耗时: 41.344553 ms
	OnDeviceCommitWithPrecompute() || icicle_msm.Msm() 耗时: 149.344959 ms
=============================================== OnDeviceCommitWithPrecompute() end ================================================

			commitToPolyAndBlinding() -> commit to p 耗时: 191.559989ms
			commitToPolyAndBlinding() -> commit to b 耗时: 8.418053ms
			commitToPolyAndBlinding() -> commit_p + commit_b 耗时: 0.003229ms
		buildRatioCopyConstraint() || commitToPolyAndBlinding(s.x[id_Z], s.bp[id_Bz]) 耗时: 199.992926ms
prove() -> buildRatioCopyConstraint 耗时: 3107.243342ms
		computeQuotient() || wait for Z to be committed 耗时: 874.114519ms
	computeQuotient() || prepare to compute & derive alpha): 3163.271423 ms
	computeQuotient() || computeNumerator() 耗时: 7277.067578 ms
		divideByZH() || parallelize divide 耗时: 43.745514 ms
		divideByZH() || ToCanonical 耗时: 724.365408 ms
	computeQuotient() || divideByZH() 耗时: 768.162022 ms
		commitOnGPUOrCPU() || GPU 开始 commitMonomial 预计算, neededPrecompLen: 8388610

=============================================== OnDeviceCommitWithPrecompute() start ================================================

========= cfg config info ==========
N: 8388610
		commitOnGPUOrCPU() || GPU 开始 commitMonomial 预计算, neededPrecompLen: 8388610
StreamHandle: <nil>

PrecomputeFactor: 1
C: 0
Bitsize: 0
BatchSize: 3
=============================================== OnDeviceCommitWithPrecompute() start ================================================
ArePointsSharedInBatch: true
AreScalarsMontgomeryForm: true
AreBasesMontgomeryForm: false
IsAsync: true
Ext: <nil>
========= cfg config info ==========

		commitOnGPUOrCPU() || GPU 开始 commitMonomial 预计算, neededPrecompLen: 8388610

=============================================== OnDeviceCommitWithPrecompute() start ================================================

========= cfg config info ==========
N: 8388610
StreamHandle: <nil>
PrecomputeFactor: 1
C: 0
Bitsize: 0
BatchSize: 3
ArePointsSharedInBatch: true
AreScalarsMontgomeryForm: true
AreBasesMontgomeryForm: false
IsAsync: true
Ext: <nil>
========= cfg config info ==========

		[OnDeviceCommitWithPrecompute: Before HostSliceFromElements] GPU memory: used=9011 MiB / total=24081 MiB (37.4%)
		[OnDeviceCommitWithPrecompute: Before HostSliceFromElements] GPU memory: used=9011 MiB / total=24081 MiB (37.4%)
		[OnDeviceCommitWithPrecompute: Before HostSliceFromElements] CPU memory: allocated=8941 MiB, total_allocated=46231 MiB, sys=12999 MiB
		[OnDeviceCommitWithPrecompute: After HostSliceFromElements] GPU memory: used=9011 MiB / total=24081 MiB (37.4%)
		[OnDeviceCommitWithPrecompute: After HostSliceFromElements] CPU memory: allocated=8941 MiB, total_allocated=46231 MiB, sys=12999 MiB
		[OnDeviceCommitWithPrecompute: Before CopyToDevice] GPU memory: used=9011 MiB / total=24081 MiB (37.4%)
		[OnDeviceCommitWithPrecompute: Before CopyToDevice] CPU memory: allocated=8941 MiB, total_allocated=46231 MiB, sys=12999 MiB
		[OnDeviceCommitWithPrecompute: Before HostSliceFromElements] CPU memory: allocated=8941 MiB, total_allocated=46231 MiB, sys=12999 MiB
		[OnDeviceCommitWithPrecompute: After HostSliceFromElements] GPU memory: used=9011 MiB / total=24081 MiB (37.4%)
		[OnDeviceCommitWithPrecompute: After HostSliceFromElements] CPU memory: allocated=8941 MiB, total_allocated=46231 MiB, sys=12999 MiB
		[OnDeviceCommitWithPrecompute: Before CopyToDevice] GPU memory: used=9011 MiB / total=24081 MiB (37.4%)
		[OnDeviceCommitWithPrecompute: Before CopyToDevice] CPU memory: allocated=8941 MiB, total_allocated=46231 MiB, sys=12999 MiB

========= cfg config info ==========
N: 8388610
StreamHandle: <nil>
PrecomputeFactor: 1
C: 0
Bitsize: 0
BatchSize: 3
ArePointsSharedInBatch: true
AreScalarsMontgomeryForm: true
AreBasesMontgomeryForm: false
IsAsync: true
Ext: <nil>
========= cfg config info ==========

		[OnDeviceCommitWithPrecompute: Before HostSliceFromElements] GPU memory: used=9011 MiB / total=24081 MiB (37.4%)
		[OnDeviceCommitWithPrecompute: Before HostSliceFromElements] CPU memory: allocated=8941 MiB, total_allocated=46231 MiB, sys=12999 MiB
		[OnDeviceCommitWithPrecompute: After HostSliceFromElements] GPU memory: used=9011 MiB / total=24081 MiB (37.4%)
		[OnDeviceCommitWithPrecompute: After HostSliceFromElements] CPU memory: allocated=8941 MiB, total_allocated=46231 MiB, sys=12999 MiB
		[OnDeviceCommitWithPrecompute: Before CopyToDevice] GPU memory: used=9011 MiB / total=24081 MiB (37.4%)
		[OnDeviceCommitWithPrecompute: Before CopyToDevice] CPU memory: allocated=8941 MiB, total_allocated=46231 MiB, sys=12999 MiB
		[OnDeviceCommitWithPrecompute: After CopyToDevice] GPU memory: used=9527 MiB / total=24081 MiB (39.6%)
		[OnDeviceCommitWithPrecompute: After CopyToDevice] CPU memory: allocated=8941 MiB, total_allocated=46231 MiB, sys=12999 MiB
	OnDeviceCommitWithPrecompute() || CopyToDevice 耗时: 56.293222 ms
		[OnDeviceCommitWithPrecompute: After CopyToDevice] GPU memory: used=9527 MiB / total=24081 MiB (39.6%)
		[OnDeviceCommitWithPrecompute: After CopyToDevice] CPU memory: allocated=8941 MiB, total_allocated=46231 MiB, sys=12999 MiB
	OnDeviceCommitWithPrecompute() || CopyToDevice 耗时: 103.060944 ms
		[OnDeviceCommitWithPrecompute: After CopyToDevice] GPU memory: used=9785 MiB / total=24081 MiB (40.6%)
		[OnDeviceCommitWithPrecompute: After CopyToDevice] CPU memory: allocated=8941 MiB, total_allocated=46231 MiB, sys=12999 MiB
	OnDeviceCommitWithPrecompute() || CopyToDevice 耗时: 144.282412 ms
!!!Unrecoverable!!! : an illegal memory access was encountered : detected by: cudaStreamSynchronize(cuda_stream) at: /home/jade/yola/build-icicle/icicle/backend/cuda/src/field/cuda_vec_ops.cu:50
The error is reported there and may be caused by prior calls.

terminate called after throwing an instance of 'IcicleError'
  what():  CUDA Error: an illegal memory access was encountered !!!Unrecoverable!!! : an illegal memory access was encountered : detected by: cudaStreamSynchronize(cuda_stream) at: /home/jade/yola/build-icicle/icicle/backend/cuda/src/field/cuda_vec_ops.cu:50
The error is reported there and may be caused by prior calls.

!!!Unrecoverable!!! : an illegal memory access was encountered : detected by: cudaFreeAsync(temp_buckets1, stream) at: /home/jade/yola/build-icicle/icicle/backend/cuda/src/msm/cuda_msm.cuh:933
The error is reported there and may be caused by prior calls.

terminate called recursively
!!!Unrecoverable!!! : an illegal memory access was encountered : detected by: cudaFreeAsync(temp_buckets1, stream) at: /home/jade/yola/build-icicle/icicle/backend/cuda/src/msm/cuda_msm.cuh:933
The error is reported there and may be caused by prior calls.

terminate called recursively
!!!Unrecoverable!!! : an illegal memory access was encountered : detected by: cudaEventRecord(event_finished_reduction, stream_reduction) at: /home/jade/yola/build-icicle/icicle/backend/cuda/src/msm/cuda_msm.cuh:906
The error is reported there and may be caused by prior calls.

terminate called recursively
SIGABRT: abort
PC=0x7cd533a9eb2c m=5 sigcode=18446744073709551610
signal arrived during cgo execution

goroutine 4393 gp=0xc060912c40 m=5 mp=0xc000100008 [syscall, locked to thread]:
runtime.cgocall(0xc60720, 0xc0003d6c68)
	/home/jade/.local/go/src/runtime/cgocall.go:167 +0x4b fp=0xc0003d6c40 sp=0xc0003d6c08 pc=0x470e8b
github.com/ingonyama-zk/icicle-gnark/v3/wrappers/golang/curves/bls12381/vecOps._Cfunc_bls12_381_vector_mul(0x7cd1b2000000, 0x7cd208000000, 0x800000, 0xc0003d6d38, 0x7cd1b2000000)
	_cgo_gotypes.go:75 +0x46 fp=0xc0003d6c68 sp=0xc0003d6c40 pc=0xb8e4a6
github.com/ingonyama-zk/icicle-gnark/v3/wrappers/golang/curves/bls12381/vecOps.VecOp.func3(...)
	/home/jade/go/pkg/mod/github.com/ingonyama-zk/icicle-gnark/v3@v3.2.2/wrappers/golang/curves/bls12381/vecOps/vec_ops.go:27
github.com/ingonyama-zk/icicle-gnark/v3/wrappers/golang/curves/bls12381/vecOps.VecOp({0xf09528?, 0xc000d9a0f0?}, {0xf09528?, 0xc000d9a108?}, {0xf09528?, 0xc000d9a120?}, {0x0, 0x1, 0x1, 0x1, ...}, ...)
	/home/jade/go/pkg/mod/github.com/ingonyama-zk/icicle-gnark/v3@v3.2.2/wrappers/golang/curves/bls12381/vecOps/vec_ops.go:27 +0x16f fp=0xc0003d6d38 sp=0xc0003d6c68 pc=0xb8e8cf
github.com/eon-protocol/eonark/gpu/bls12381.VecMulOnDevice({0x7cd1b2000000, 0x10000000, 0x800000}, {0x7cd208000000, 0x10000000, 0x800000})
	/home/jade/jade/eonark-gpu/gpu/bls12381/bls12381_gpu.go:469 +0x125 fp=0xc0003d6df0 sp=0xc0003d6d38 pc=0xb91e05
github.com/eon-protocol/eonark/gpu.(*instance).scaleEverythingBackGPUorCPU.func1({0xc00018e248?, 0x5fffff?, 0xc000338000?})
	/home/jade/jade/eonark-gpu/gpu/patch_gpu.go:2936 +0x45e fp=0xc0003d6f68 sp=0xc0003d6df0 pc=0xbaf73e
github.com/ingonyama-zk/icicle-gnark/v3/wrappers/golang/runtime.RunOnDevice.func1(0xc00018e248)
	/home/jade/go/pkg/mod/github.com/ingonyama-zk/icicle-gnark/v3@v3.2.2/wrappers/golang/runtime/runtime.go:99 +0x90 fp=0xc0003d6fc8 sp=0xc0003d6f68 pc=0xa6eb70
github.com/ingonyama-zk/icicle-gnark/v3/wrappers/golang/runtime.RunOnDevice.gowrap1()
	/home/jade/go/pkg/mod/github.com/ingonyama-zk/icicle-gnark/v3@v3.2.2/wrappers/golang/runtime/runtime.go:101 +0x24 fp=0xc0003d6fe0 sp=0xc0003d6fc8 pc=0xa6eaa4
runtime.goexit({})
	/home/jade/.local/go/src/runtime/asm_amd64.s:1700 +0x1 fp=0xc0003d6fe8 sp=0xc0003d6fe0 pc=0x47b241
created by github.com/ingonyama-zk/icicle-gnark/v3/wrappers/golang/runtime.RunOnDevice in goroutine 4595
	/home/jade/go/pkg/mod/github.com/ingonyama-zk/icicle-gnark/v3@v3.2.2/wrappers/golang/runtime/runtime.go:94 +0xd9

goroutine 1 gp=0xc000002380 m=nil [sync.WaitGroup.Wait]:
runtime.gopark(0xc000a3ccc8?, 0x418cd4?, 0x80?, 0x64?, 0x0?)
	/home/jade/.local/go/src/runtime/proc.go:435 +0xce fp=0xc00b03ac68 sp=0xc00b03ac48 pc=0x473d0e
runtime.goparkunlock(...)
	/home/jade/.local/go/src/runtime/proc.go:441
runtime.semacquire1(0xc010126190, 0x0, 0x1, 0x0, 0x18)
	/home/jade/.local/go/src/runtime/sema.go:188 +0x21d fp=0xc00b03acd0 sp=0xc00b03ac68 pc=0x454efd
sync.runtime_SemacquireWaitGroup(0xc0000101f8?)
	/home/jade/.local/go/src/runtime/sema.go:110 +0x25 fp=0xc00b03ad08 sp=0xc00b03acd0 pc=0x475105
sync.(*WaitGroup).Wait(0xd0b500?)
	/home/jade/.local/go/src/sync/waitgroup.go:118 +0x48 fp=0xc00b03ad30 sp=0xc00b03ad08 pc=0x4904e8
golang.org/x/sync/errgroup.(*Group).Wait(0xc010126180)
	/home/jade/go/pkg/mod/golang.org/x/sync@v0.15.0/errgroup/errgroup.go:65 +0x1e fp=0xc00b03ad50 sp=0xc00b03ad30 pc=0x58313e
github.com/eon-protocol/eonark/gpu.prove(0xc00018a970, 0xc00034a800, {0xf0ada0, 0xc01327a048}, {0xc001577220, 0x2, 0x2})
	/home/jade/jade/eonark-gpu/gpu/patch_gpu.go:388 +0xbb9 fp=0xc00b03b088 sp=0xc00b03ad50 pc=0xb97259
github.com/eon-protocol/eonark/gpu.Prove(...)
	/home/jade/jade/eonark-gpu/gpu/gpu_entry.go:15
github.com/eon-protocol/eonark.Prove(0xc00018a970, 0xc00034a6c0, {0xf0ada0, 0xc01327a048}, {0xc0018cf220, 0x2, 0x2})
	/home/jade/jade/eonark-gpu/gpu_router.go:24 +0x1cb fp=0xc00b03b1d0 sp=0xc00b03b088 pc=0xbb4e8b
github.com/eon-protocol/eonark.(*Pk).Prove(0xc00018a608, {0xf015a0?, 0xc0009c5308?})
	/home/jade/jade/eonark-gpu/pk.go:83 +0xea fp=0xc00b03b248 sp=0xc00b03b1d0 pc=0xbc930a
main.main()
	/home/jade/jade/eonark-gpu/examples/mimchasher/main.go:287 +0x2b6c fp=0xc00b03df50 sp=0xc00b03b248 pc=0xbd0b8c
runtime.main()
	/home/jade/.local/go/src/runtime/proc.go:283 +0x28b fp=0xc00b03dfe0 sp=0xc00b03df50 pc=0x441a4b
runtime.goexit({})
	/home/jade/.local/go/src/runtime/asm_amd64.s:1700 +0x1 fp=0xc00b03dfe8 sp=0xc00b03dfe0 pc=0x47b241

goroutine 2 gp=0xc000002e00 m=nil [force gc (idle)]:
runtime.gopark(0x0?, 0x0?, 0x0?, 0x0?, 0x0?)
	/home/jade/.local/go/src/runtime/proc.go:435 +0xce fp=0xc0000a8fa8 sp=0xc0000a8f88 pc=0x473d0e
runtime.goparkunlock(...)
	/home/jade/.local/go/src/runtime/proc.go:441
runtime.forcegchelper()
	/home/jade/.local/go/src/runtime/proc.go:348 +0xb3 fp=0xc0000a8fe0 sp=0xc0000a8fa8 pc=0x441d93
runtime.goexit({})
	/home/jade/.local/go/src/runtime/asm_amd64.s:1700 +0x1 fp=0xc0000a8fe8 sp=0xc0000a8fe0 pc=0x47b241
created by runtime.init.7 in goroutine 1
	/home/jade/.local/go/src/runtime/proc.go:336 +0x1a

goroutine 3 gp=0xc000003340 m=nil [GC sweep wait]:
runtime.gopark(0x1?, 0x0?, 0x0?, 0x0?, 0x0?)
	/home/jade/.local/go/src/runtime/proc.go:435 +0xce fp=0xc0000a9780 sp=0xc0000a9760 pc=0x473d0e
runtime.goparkunlock(...)
	/home/jade/.local/go/src/runtime/proc.go:441
runtime.bgsweep(0xc000036080)
	/home/jade/.local/go/src/runtime/mgcsweep.go:316 +0xdf fp=0xc0000a97c8 sp=0xc0000a9780 pc=0x42bb7f
runtime.gcenable.gowrap1()
	/home/jade/.local/go/src/runtime/mgc.go:204 +0x25 fp=0xc0000a97e0 sp=0xc0000a97c8 pc=0x420205
runtime.goexit({})
	/home/jade/.local/go/src/runtime/asm_amd64.s:1700 +0x1 fp=0xc0000a97e8 sp=0xc0000a97e0 pc=0x47b241
created by runtime.gcenable in goroutine 1
	/home/jade/.local/go/src/runtime/mgc.go:204 +0x66

goroutine 4 gp=0xc000003500 m=nil [GC scavenge wait]:
runtime.gopark(0x10000?, 0x1e22ad?, 0x0?, 0x0?, 0x0?)
	/home/jade/.local/go/src/runtime/proc.go:435 +0xce fp=0xc0000a9f78 sp=0xc0000a9f58 pc=0x473d0e
runtime.goparkunlock(...)
	/home/jade/.local/go/src/runtime/proc.go:441
runtime.(*scavengerState).park(0x1406d00)
	/home/jade/.local/go/src/runtime/mgcscavenge.go:425 +0x49 fp=0xc0000a9fa8 sp=0xc0000a9f78 pc=0x4295e9
runtime.bgscavenge(0xc000036080)
	/home/jade/.local/go/src/runtime/mgcscavenge.go:658 +0x59 fp=0xc0000a9fc8 sp=0xc0000a9fa8 pc=0x429b79
runtime.gcenable.gowrap2()
	/home/jade/.local/go/src/runtime/mgc.go:205 +0x25 fp=0xc0000a9fe0 sp=0xc0000a9fc8 pc=0x4201a5
runtime.goexit({})
	/home/jade/.local/go/src/runtime/asm_amd64.s:1700 +0x1 fp=0xc0000a9fe8 sp=0xc0000a9fe0 pc=0x47b241
created by runtime.gcenable in goroutine 1
	/home/jade/.local/go/src/runtime/mgc.go:205 +0xa5

goroutine 5 gp=0xc000003dc0 m=nil [finalizer wait]:
runtime.gopark(0x1b8?, 0xc000002380?, 0x1?, 0x23?, 0xc0000a8688?)
	/home/jade/.local/go/src/runtime/proc.go:435 +0xce fp=0xc0000a8630 sp=0xc0000a8610 pc=0x473d0e
runtime.runfinq()
	/home/jade/.local/go/src/runtime/mfinal.go:196 +0x107 fp=0xc0000a87e0 sp=0xc0000a8630 pc=0x41f1c7
runtime.goexit({})
	/home/jade/.local/go/src/runtime/asm_amd64.s:1700 +0x1 fp=0xc0000a87e8 sp=0xc0000a87e0 pc=0x47b241
created by runtime.createfing in goroutine 1
	/home/jade/.local/go/src/runtime/mfinal.go:166 +0x3d

goroutine 6 gp=0xc0001b8380 m=nil [chan receive]:
runtime.gopark(0xc0001e2be0?, 0xc00c0f47e0?, 0x60?, 0xa7?, 0x5b7588?)
	/home/jade/.local/go/src/runtime/proc.go:435 +0xce fp=0xc0000aa718 sp=0xc0000aa6f8 pc=0x473d0e
runtime.chanrecv(0xc00002fab0, 0x0, 0x1)
	/home/jade/.local/go/src/runtime/chan.go:664 +0x445 fp=0xc0000aa790 sp=0xc0000aa718 pc=0x411985
runtime.chanrecv1(0x0?, 0x0?)
	/home/jade/.local/go/src/runtime/chan.go:506 +0x12 fp=0xc0000aa7b8 sp=0xc0000aa790 pc=0x411512
runtime.unique_runtime_registerUniqueMapCleanup.func2(...)
	/home/jade/.local/go/src/runtime/mgc.go:1797
runtime.unique_runtime_registerUniqueMapCleanup.gowrap1()
	/home/jade/.local/go/src/runtime/mgc.go:1800 +0x2f fp=0xc0000aa7e0 sp=0xc0000aa7b8 pc=0x42314f
runtime.goexit({})
	/home/jade/.local/go/src/runtime/asm_amd64.s:1700 +0x1 fp=0xc0000aa7e8 sp=0xc0000aa7e0 pc=0x47b241
created by unique.runtime_registerUniqueMapCleanup in goroutine 1
	/home/jade/.local/go/src/runtime/mgc.go:1795 +0x79

goroutine 18 gp=0xc000102380 m=nil [GC worker (idle)]:
runtime.gopark(0x142dce0?, 0x3?, 0xd7?, 0x11?, 0x0?)
	/home/jade/.local/go/src/runtime/proc.go:435 +0xce fp=0xc0000a4738 sp=0xc0000a4718 pc=0x473d0e
runtime.gcBgMarkWorker(0xc0003681c0)
	/home/jade/.local/go/src/runtime/mgc.go:1423 +0xe9 fp=0xc0000a47c8 sp=0xc0000a4738 pc=0x422469
runtime.gcBgMarkStartWorkers.gowrap1()
	/home/jade/.local/go/src/runtime/mgc.go:1339 +0x25 fp=0xc0000a47e0 sp=0xc0000a47c8 pc=0x422345
runtime.goexit({})
	/home/jade/.local/go/src/runtime/asm_amd64.s:1700 +0x1 fp=0xc0000a47e8 sp=0xc0000a47e0 pc=0x47b241
created by runtime.gcBgMarkStartWorkers in goroutine 1
	/home/jade/.local/go/src/runtime/mgc.go:1339 +0x105

goroutine 19 gp=0xc000102540 m=nil [GC worker (idle)]:
runtime.gopark(0x93cff9c45f3b4?, 0x1?, 0x7e?, 0x59?, 0x0?)
	/home/jade/.local/go/src/runtime/proc.go:435 +0xce fp=0xc0000a4f38 sp=0xc0000a4f18 pc=0x473d0e
runtime.gcBgMarkWorker(0xc0003681c0)
	/home/jade/.local/go/src/runtime/mgc.go:1423 +0xe9 fp=0xc0000a4fc8 sp=0xc0000a4f38 pc=0x422469
runtime.gcBgMarkStartWorkers.gowrap1()
	/home/jade/.local/go/src/runtime/mgc.go:1339 +0x25 fp=0xc0000a4fe0 sp=0xc0000a4fc8 pc=0x422345
runtime.goexit({})
	/home/jade/.local/go/src/runtime/asm_amd64.s:1700 +0x1 fp=0xc0000a4fe8 sp=0xc0000a4fe0 pc=0x47b241
created by runtime.gcBgMarkStartWorkers in goroutine 1
	/home/jade/.local/go/src/runtime/mgc.go:1339 +0x105

goroutine 20 gp=0xc000102700 m=nil [GC worker (idle)]:
runtime.gopark(0x93cff9c45f668?, 0x3?, 0xb0?, 0x2d?, 0x0?)
	/home/jade/.local/go/src/runtime/proc.go:435 +0xce fp=0xc0000a5738 sp=0xc0000a5718 pc=0x473d0e
runtime.gcBgMarkWorker(0xc0003681c0)
	/home/jade/.local/go/src/runtime/mgc.go:1423 +0xe9 fp=0xc0000a57c8 sp=0xc0000a5738 pc=0x422469
runtime.gcBgMarkStartWorkers.gowrap1()
	/home/jade/.local/go/src/runtime/mgc.go:1339 +0x25 fp=0xc0000a57e0 sp=0xc0000a57c8 pc=0x422345
runtime.goexit({})
	/home/jade/.local/go/src/runtime/asm_amd64.s:1700 +0x1 fp=0xc0000a57e8 sp=0xc0000a57e0 pc=0x47b241
created by runtime.gcBgMarkStartWorkers in goroutine 1
	/home/jade/.local/go/src/runtime/mgc.go:1339 +0x105

goroutine 21 gp=0xc0001028c0 m=nil [GC worker (idle)]:
runtime.gopark(0x93cff9c528fa4?, 0x3?, 0x2e?, 0x5?, 0x0?)
	/home/jade/.local/go/src/runtime/proc.go:435 +0xce fp=0xc0000a5f38 sp=0xc0000a5f18 pc=0x473d0e
runtime.gcBgMarkWorker(0xc0003681c0)
	/home/jade/.local/go/src/runtime/mgc.go:1423 +0xe9 fp=0xc0000a5fc8 sp=0xc0000a5f38 pc=0x422469
runtime.gcBgMarkStartWorkers.gowrap1()
	/home/jade/.local/go/src/runtime/mgc.go:1339 +0x25 fp=0xc0000a5fe0 sp=0xc0000a5fc8 pc=0x422345
runtime.goexit({})
	/home/jade/.local/go/src/runtime/asm_amd64.s:1700 +0x1 fp=0xc0000a5fe8 sp=0xc0000a5fe0 pc=0x47b241
created by runtime.gcBgMarkStartWorkers in goroutine 1
	/home/jade/.local/go/src/runtime/mgc.go:1339 +0x105

goroutine 22 gp=0xc000102a80 m=nil [GC worker (idle)]:
runtime.gopark(0x93cff9c45f209?, 0x3?, 0xa1?, 0x4d?, 0x0?)
	/home/jade/.local/go/src/runtime/proc.go:435 +0xce fp=0xc0000a6738 sp=0xc0000a6718 pc=0x473d0e
runtime.gcBgMarkWorker(0xc0003681c0)
	/home/jade/.local/go/src/runtime/mgc.go:1423 +0xe9 fp=0xc0000a67c8 sp=0xc0000a6738 pc=0x422469
runtime.gcBgMarkStartWorkers.gowrap1()
	/home/jade/.local/go/src/runtime/mgc.go:1339 +0x25 fp=0xc0000a67e0 sp=0xc0000a67c8 pc=0x422345
runtime.goexit({})
	/home/jade/.local/go/src/runtime/asm_amd64.s:1700 +0x1 fp=0xc0000a67e8 sp=0xc0000a67e0 pc=0x47b241
created by runtime.gcBgMarkStartWorkers in goroutine 1
	/home/jade/.local/go/src/runtime/mgc.go:1339 +0x105

goroutine 23 gp=0xc000102c40 m=nil [GC worker (idle)]:
runtime.gopark(0x142dce0?, 0x1?, 0x5e?, 0x7f?, 0x0?)
	/home/jade/.local/go/src/runtime/proc.go:435 +0xce fp=0xc0000a6f38 sp=0xc0000a6f18 pc=0x473d0e
runtime.gcBgMarkWorker(0xc0003681c0)
	/home/jade/.local/go/src/runtime/mgc.go:1423 +0xe9 fp=0xc0000a6fc8 sp=0xc0000a6f38 pc=0x422469
runtime.gcBgMarkStartWorkers.gowrap1()
	/home/jade/.local/go/src/runtime/mgc.go:1339 +0x25 fp=0xc0000a6fe0 sp=0xc0000a6fc8 pc=0x422345
runtime.goexit({})
	/home/jade/.local/go/src/runtime/asm_amd64.s:1700 +0x1 fp=0xc0000a6fe8 sp=0xc0000a6fe0 pc=0x47b241
created by runtime.gcBgMarkStartWorkers in goroutine 1
	/home/jade/.local/go/src/runtime/mgc.go:1339 +0x105

goroutine 24 gp=0xc000102e00 m=nil [GC worker (idle)]:
runtime.gopark(0x93cf95b86a96c?, 0x3?, 0x51?, 0x45?, 0x0?)
	/home/jade/.local/go/src/runtime/proc.go:435 +0xce fp=0xc0000a7738 sp=0xc0000a7718 pc=0x473d0e
runtime.gcBgMarkWorker(0xc0003681c0)
	/home/jade/.local/go/src/runtime/mgc.go:1423 +0xe9 fp=0xc0000a77c8 sp=0xc0000a7738 pc=0x422469
runtime.gcBgMarkStartWorkers.gowrap1()
	/home/jade/.local/go/src/runtime/mgc.go:1339 +0x25 fp=0xc0000a77e0 sp=0xc0000a77c8 pc=0x422345
runtime.goexit({})
	/home/jade/.local/go/src/runtime/asm_amd64.s:1700 +0x1 fp=0xc0000a77e8 sp=0xc0000a77e0 pc=0x47b241
created by runtime.gcBgMarkStartWorkers in goroutine 1
	/home/jade/.local/go/src/runtime/mgc.go:1339 +0x105

goroutine 25 gp=0xc000102fc0 m=nil [GC worker (idle)]:
runtime.gopark(0x93cff9c45f272?, 0x3?, 0xaa?, 0xc3?, 0x0?)
	/home/jade/.local/go/src/runtime/proc.go:435 +0xce fp=0xc0000a7f38 sp=0xc0000a7f18 pc=0x473d0e
runtime.gcBgMarkWorker(0xc0003681c0)
	/home/jade/.local/go/src/runtime/mgc.go:1423 +0xe9 fp=0xc0000a7fc8 sp=0xc0000a7f38 pc=0x422469
runtime.gcBgMarkStartWorkers.gowrap1()
	/home/jade/.local/go/src/runtime/mgc.go:1339 +0x25 fp=0xc0000a7fe0 sp=0xc0000a7fc8 pc=0x422345
runtime.goexit({})
	/home/jade/.local/go/src/runtime/asm_amd64.s:1700 +0x1 fp=0xc0000a7fe8 sp=0xc0000a7fe0 pc=0x47b241
created by runtime.gcBgMarkStartWorkers in goroutine 1
	/home/jade/.local/go/src/runtime/mgc.go:1339 +0x105

goroutine 26 gp=0xc000103180 m=nil [GC worker (idle)]:
runtime.gopark(0x93cff9c45f3b4?, 0x1?, 0xe?, 0x5f?, 0x0?)
	/home/jade/.local/go/src/runtime/proc.go:435 +0xce fp=0xc000414738 sp=0xc000414718 pc=0x473d0e
runtime.gcBgMarkWorker(0xc0003681c0)
	/home/jade/.local/go/src/runtime/mgc.go:1423 +0xe9 fp=0xc0004147c8 sp=0xc000414738 pc=0x422469
runtime.gcBgMarkStartWorkers.gowrap1()
	/home/jade/.local/go/src/runtime/mgc.go:1339 +0x25 fp=0xc0004147e0 sp=0xc0004147c8 pc=0x422345
runtime.goexit({})
	/home/jade/.local/go/src/runtime/asm_amd64.s:1700 +0x1 fp=0xc0004147e8 sp=0xc0004147e0 pc=0x47b241
created by runtime.gcBgMarkStartWorkers in goroutine 1
	/home/jade/.local/go/src/runtime/mgc.go:1339 +0x105

goroutine 27 gp=0xc000103340 m=nil [GC worker (idle)]:
runtime.gopark(0x93cff9c45f464?, 0x3?, 0x28?, 0xf9?, 0x0?)
	/home/jade/.local/go/src/runtime/proc.go:435 +0xce fp=0xc000414f38 sp=0xc000414f18 pc=0x473d0e
runtime.gcBgMarkWorker(0xc0003681c0)
	/home/jade/.local/go/src/runtime/mgc.go:1423 +0xe9 fp=0xc000414fc8 sp=0xc000414f38 pc=0x422469
runtime.gcBgMarkStartWorkers.gowrap1()
	/home/jade/.local/go/src/runtime/mgc.go:1339 +0x25 fp=0xc000414fe0 sp=0xc000414fc8 pc=0x422345
runtime.goexit({})
	/home/jade/.local/go/src/runtime/asm_amd64.s:1700 +0x1 fp=0xc000414fe8 sp=0xc000414fe0 pc=0x47b241
created by runtime.gcBgMarkStartWorkers in goroutine 1
	/home/jade/.local/go/src/runtime/mgc.go:1339 +0x105

goroutine 28 gp=0xc000103500 m=nil [GC worker (idle)]:
runtime.gopark(0x93cff9c45d2cf?, 0x1?, 0xa4?, 0xc3?, 0x0?)
	/home/jade/.local/go/src/runtime/proc.go:435 +0xce fp=0xc000415738 sp=0xc000415718 pc=0x473d0e
runtime.gcBgMarkWorker(0xc0003681c0)
	/home/jade/.local/go/src/runtime/mgc.go:1423 +0xe9 fp=0xc0004157c8 sp=0xc000415738 pc=0x422469
runtime.gcBgMarkStartWorkers.gowrap1()
	/home/jade/.local/go/src/runtime/mgc.go:1339 +0x25 fp=0xc0004157e0 sp=0xc0004157c8 pc=0x422345
runtime.goexit({})
	/home/jade/.local/go/src/runtime/asm_amd64.s:1700 +0x1 fp=0xc0004157e8 sp=0xc0004157e0 pc=0x47b241
created by runtime.gcBgMarkStartWorkers in goroutine 1
	/home/jade/.local/go/src/runtime/mgc.go:1339 +0x105

goroutine 29 gp=0xc0001036c0 m=nil [GC worker (idle)]:
runtime.gopark(0x93cff9c4f1f2f?, 0x1?, 0xfd?, 0x8b?, 0x0?)
	/home/jade/.local/go/src/runtime/proc.go:435 +0xce fp=0xc000415f38 sp=0xc000415f18 pc=0x473d0e
runtime.gcBgMarkWorker(0xc0003681c0)
	/home/jade/.local/go/src/runtime/mgc.go:1423 +0xe9 fp=0xc000415fc8 sp=0xc000415f38 pc=0x422469
runtime.gcBgMarkStartWorkers.gowrap1()
	/home/jade/.local/go/src/runtime/mgc.go:1339 +0x25 fp=0xc000415fe0 sp=0xc000415fc8 pc=0x422345
runtime.goexit({})
	/home/jade/.local/go/src/runtime/asm_amd64.s:1700 +0x1 fp=0xc000415fe8 sp=0xc000415fe0 pc=0x47b241
created by runtime.gcBgMarkStartWorkers in goroutine 1
	/home/jade/.local/go/src/runtime/mgc.go:1339 +0x105

goroutine 30 gp=0xc000103880 m=nil [GC worker (idle)]:
runtime.gopark(0x93cff9c45f3d0?, 0x3?, 0x9f?, 0x97?, 0x0?)
	/home/jade/.local/go/src/runtime/proc.go:435 +0xce fp=0xc000416738 sp=0xc000416718 pc=0x473d0e
runtime.gcBgMarkWorker(0xc0003681c0)
	/home/jade/.local/go/src/runtime/mgc.go:1423 +0xe9 fp=0xc0004167c8 sp=0xc000416738 pc=0x422469
runtime.gcBgMarkStartWorkers.gowrap1()
	/home/jade/.local/go/src/runtime/mgc.go:1339 +0x25 fp=0xc0004167e0 sp=0xc0004167c8 pc=0x422345
runtime.goexit({})
	/home/jade/.local/go/src/runtime/asm_amd64.s:1700 +0x1 fp=0xc0004167e8 sp=0xc0004167e0 pc=0x47b241
created by runtime.gcBgMarkStartWorkers in goroutine 1
	/home/jade/.local/go/src/runtime/mgc.go:1339 +0x105

goroutine 31 gp=0xc000103a40 m=nil [GC worker (idle)]:
runtime.gopark(0x142dce0?, 0x3?, 0x1?, 0x76?, 0x0?)
	/home/jade/.local/go/src/runtime/proc.go:435 +0xce fp=0xc000416f38 sp=0xc000416f18 pc=0x473d0e
runtime.gcBgMarkWorker(0xc0003681c0)
	/home/jade/.local/go/src/runtime/mgc.go:1423 +0xe9 fp=0xc000416fc8 sp=0xc000416f38 pc=0x422469
runtime.gcBgMarkStartWorkers.gowrap1()
	/home/jade/.local/go/src/runtime/mgc.go:1339 +0x25 fp=0xc000416fe0 sp=0xc000416fc8 pc=0x422345
runtime.goexit({})
	/home/jade/.local/go/src/runtime/asm_amd64.s:1700 +0x1 fp=0xc000416fe8 sp=0xc000416fe0 pc=0x47b241
created by runtime.gcBgMarkStartWorkers in goroutine 1
	/home/jade/.local/go/src/runtime/mgc.go:1339 +0x105

goroutine 32 gp=0xc000103c00 m=nil [GC worker (idle)]:
runtime.gopark(0x93cff9c4eea8a?, 0x1?, 0x25?, 0x3f?, 0x0?)
	/home/jade/.local/go/src/runtime/proc.go:435 +0xce fp=0xc000417738 sp=0xc000417718 pc=0x473d0e
runtime.gcBgMarkWorker(0xc0003681c0)
	/home/jade/.local/go/src/runtime/mgc.go:1423 +0xe9 fp=0xc0004177c8 sp=0xc000417738 pc=0x422469
runtime.gcBgMarkStartWorkers.gowrap1()
	/home/jade/.local/go/src/runtime/mgc.go:1339 +0x25 fp=0xc0004177e0 sp=0xc0004177c8 pc=0x422345
runtime.goexit({})
	/home/jade/.local/go/src/runtime/asm_amd64.s:1700 +0x1 fp=0xc0004177e8 sp=0xc0004177e0 pc=0x47b241
created by runtime.gcBgMarkStartWorkers in goroutine 1
	/home/jade/.local/go/src/runtime/mgc.go:1339 +0x105

goroutine 33 gp=0xc000103dc0 m=nil [GC worker (idle)]:
runtime.gopark(0x93cff9c45f398?, 0x1?, 0xef?, 0xb0?, 0x0?)
	/home/jade/.local/go/src/runtime/proc.go:435 +0xce fp=0xc000417f38 sp=0xc000417f18 pc=0x473d0e
runtime.gcBgMarkWorker(0xc0003681c0)
	/home/jade/.local/go/src/runtime/mgc.go:1423 +0xe9 fp=0xc000417fc8 sp=0xc000417f38 pc=0x422469
runtime.gcBgMarkStartWorkers.gowrap1()
	/home/jade/.local/go/src/runtime/mgc.go:1339 +0x25 fp=0xc000417fe0 sp=0xc000417fc8 pc=0x422345
runtime.goexit({})
	/home/jade/.local/go/src/runtime/asm_amd64.s:1700 +0x1 fp=0xc000417fe8 sp=0xc000417fe0 pc=0x47b241
created by runtime.gcBgMarkStartWorkers in goroutine 1
	/home/jade/.local/go/src/runtime/mgc.go:1339 +0x105

goroutine 34 gp=0xc00041a000 m=nil [GC worker (idle)]:
runtime.gopark(0x93cff9c45f714?, 0x3?, 0xc2?, 0x4f?, 0x0?)
	/home/jade/.local/go/src/runtime/proc.go:435 +0xce fp=0xc000410738 sp=0xc000410718 pc=0x473d0e
runtime.gcBgMarkWorker(0xc0003681c0)
	/home/jade/.local/go/src/runtime/mgc.go:1423 +0xe9 fp=0xc0004107c8 sp=0xc000410738 pc=0x422469
runtime.gcBgMarkStartWorkers.gowrap1()
	/home/jade/.local/go/src/runtime/mgc.go:1339 +0x25 fp=0xc0004107e0 sp=0xc0004107c8 pc=0x422345
runtime.goexit({})
	/home/jade/.local/go/src/runtime/asm_amd64.s:1700 +0x1 fp=0xc0004107e8 sp=0xc0004107e0 pc=0x47b241
created by runtime.gcBgMarkStartWorkers in goroutine 1
	/home/jade/.local/go/src/runtime/mgc.go:1339 +0x105

goroutine 35 gp=0xc00041a1c0 m=nil [GC worker (idle)]:
runtime.gopark(0x93cff9c45f4d6?, 0x3?, 0xd6?, 0x38?, 0x0?)
	/home/jade/.local/go/src/runtime/proc.go:435 +0xce fp=0xc000410f38 sp=0xc000410f18 pc=0x473d0e
runtime.gcBgMarkWorker(0xc0003681c0)
	/home/jade/.local/go/src/runtime/mgc.go:1423 +0xe9 fp=0xc000410fc8 sp=0xc000410f38 pc=0x422469
runtime.gcBgMarkStartWorkers.gowrap1()
	/home/jade/.local/go/src/runtime/mgc.go:1339 +0x25 fp=0xc000410fe0 sp=0xc000410fc8 pc=0x422345
runtime.goexit({})
	/home/jade/.local/go/src/runtime/asm_amd64.s:1700 +0x1 fp=0xc000410fe8 sp=0xc000410fe0 pc=0x47b241
created by runtime.gcBgMarkStartWorkers in goroutine 1
	/home/jade/.local/go/src/runtime/mgc.go:1339 +0x105

goroutine 36 gp=0xc00041a380 m=nil [GC worker (idle)]:
runtime.gopark(0x142dce0?, 0x1?, 0xbd?, 0xe4?, 0x0?)
	/home/jade/.local/go/src/runtime/proc.go:435 +0xce fp=0xc000411738 sp=0xc000411718 pc=0x473d0e
runtime.gcBgMarkWorker(0xc0003681c0)
	/home/jade/.local/go/src/runtime/mgc.go:1423 +0xe9 fp=0xc0004117c8 sp=0xc000411738 pc=0x422469
runtime.gcBgMarkStartWorkers.gowrap1()
	/home/jade/.local/go/src/runtime/mgc.go:1339 +0x25 fp=0xc0004117e0 sp=0xc0004117c8 pc=0x422345
runtime.goexit({})
	/home/jade/.local/go/src/runtime/asm_amd64.s:1700 +0x1 fp=0xc0004117e8 sp=0xc0004117e0 pc=0x47b241
created by runtime.gcBgMarkStartWorkers in goroutine 1
	/home/jade/.local/go/src/runtime/mgc.go:1339 +0x105

goroutine 37 gp=0xc00041a540 m=nil [GC worker (idle)]:
runtime.gopark(0x93cff9c45f3ef?, 0x1?, 0xcb?, 0x9c?, 0x0?)
	/home/jade/.local/go/src/runtime/proc.go:435 +0xce fp=0xc000411f38 sp=0xc000411f18 pc=0x473d0e
runtime.gcBgMarkWorker(0xc0003681c0)
	/home/jade/.local/go/src/runtime/mgc.go:1423 +0xe9 fp=0xc000411fc8 sp=0xc000411f38 pc=0x422469
runtime.gcBgMarkStartWorkers.gowrap1()
	/home/jade/.local/go/src/runtime/mgc.go:1339 +0x25 fp=0xc000411fe0 sp=0xc000411fc8 pc=0x422345
runtime.goexit({})
	/home/jade/.local/go/src/runtime/asm_amd64.s:1700 +0x1 fp=0xc000411fe8 sp=0xc000411fe0 pc=0x47b241
created by runtime.gcBgMarkStartWorkers in goroutine 1
	/home/jade/.local/go/src/runtime/mgc.go:1339 +0x105

goroutine 38 gp=0xc00041a700 m=nil [GC worker (idle)]:
runtime.gopark(0x142dce0?, 0x1?, 0x20?, 0xd5?, 0x0?)
	/home/jade/.local/go/src/runtime/proc.go:435 +0xce fp=0xc000412738 sp=0xc000412718 pc=0x473d0e
runtime.gcBgMarkWorker(0xc0003681c0)
	/home/jade/.local/go/src/runtime/mgc.go:1423 +0xe9 fp=0xc0004127c8 sp=0xc000412738 pc=0x422469
runtime.gcBgMarkStartWorkers.gowrap1()
	/home/jade/.local/go/src/runtime/mgc.go:1339 +0x25 fp=0xc0004127e0 sp=0xc0004127c8 pc=0x422345
runtime.goexit({})
	/home/jade/.local/go/src/runtime/asm_amd64.s:1700 +0x1 fp=0xc0004127e8 sp=0xc0004127e0 pc=0x47b241
created by runtime.gcBgMarkStartWorkers in goroutine 1
	/home/jade/.local/go/src/runtime/mgc.go:1339 +0x105

goroutine 39 gp=0xc00041a8c0 m=nil [GC worker (idle)]:
runtime.gopark(0x93cf92f399b2f?, 0x1?, 0x33?, 0xf9?, 0x0?)
	/home/jade/.local/go/src/runtime/proc.go:435 +0xce fp=0xc000412f38 sp=0xc000412f18 pc=0x473d0e
runtime.gcBgMarkWorker(0xc0003681c0)
	/home/jade/.local/go/src/runtime/mgc.go:1423 +0xe9 fp=0xc000412fc8 sp=0xc000412f38 pc=0x422469
runtime.gcBgMarkStartWorkers.gowrap1()
	/home/jade/.local/go/src/runtime/mgc.go:1339 +0x25 fp=0xc000412fe0 sp=0xc000412fc8 pc=0x422345
runtime.goexit({})
	/home/jade/.local/go/src/runtime/asm_amd64.s:1700 +0x1 fp=0xc000412fe8 sp=0xc000412fe0 pc=0x47b241
created by runtime.gcBgMarkStartWorkers in goroutine 1
	/home/jade/.local/go/src/runtime/mgc.go:1339 +0x105

goroutine 40 gp=0xc00041aa80 m=nil [GC worker (idle)]:
runtime.gopark(0x93cff9c51be59?, 0x3?, 0xed?, 0x71?, 0x0?)
	/home/jade/.local/go/src/runtime/proc.go:435 +0xce fp=0xc000413738 sp=0xc000413718 pc=0x473d0e
runtime.gcBgMarkWorker(0xc0003681c0)
	/home/jade/.local/go/src/runtime/mgc.go:1423 +0xe9 fp=0xc0004137c8 sp=0xc000413738 pc=0x422469
runtime.gcBgMarkStartWorkers.gowrap1()
	/home/jade/.local/go/src/runtime/mgc.go:1339 +0x25 fp=0xc0004137e0 sp=0xc0004137c8 pc=0x422345
runtime.goexit({})
	/home/jade/.local/go/src/runtime/asm_amd64.s:1700 +0x1 fp=0xc0004137e8 sp=0xc0004137e0 pc=0x47b241
created by runtime.gcBgMarkStartWorkers in goroutine 1
	/home/jade/.local/go/src/runtime/mgc.go:1339 +0x105

goroutine 41 gp=0xc00041ac40 m=nil [GC worker (idle)]:
runtime.gopark(0x93cff9c45d2a4?, 0x3?, 0xeb?, 0x3c?, 0x0?)
	/home/jade/.local/go/src/runtime/proc.go:435 +0xce fp=0xc000413f38 sp=0xc000413f18 pc=0x473d0e
runtime.gcBgMarkWorker(0xc0003681c0)
	/home/jade/.local/go/src/runtime/mgc.go:1423 +0xe9 fp=0xc000413fc8 sp=0xc000413f38 pc=0x422469
runtime.gcBgMarkStartWorkers.gowrap1()
	/home/jade/.local/go/src/runtime/mgc.go:1339 +0x25 fp=0xc000413fe0 sp=0xc000413fc8 pc=0x422345
runtime.goexit({})
	/home/jade/.local/go/src/runtime/asm_amd64.s:1700 +0x1 fp=0xc000413fe8 sp=0xc000413fe0 pc=0x47b241
created by runtime.gcBgMarkStartWorkers in goroutine 1
	/home/jade/.local/go/src/runtime/mgc.go:1339 +0x105

goroutine 42 gp=0xc00041ae00 m=nil [GC worker (idle)]:
runtime.gopark(0x93cff9c5256c7?, 0x3?, 0xe?, 0xc9?, 0x0?)
	/home/jade/.local/go/src/runtime/proc.go:435 +0xce fp=0xc000420738 sp=0xc000420718 pc=0x473d0e
runtime.gcBgMarkWorker(0xc0003681c0)
	/home/jade/.local/go/src/runtime/mgc.go:1423 +0xe9 fp=0xc0004207c8 sp=0xc000420738 pc=0x422469
runtime.gcBgMarkStartWorkers.gowrap1()
	/home/jade/.local/go/src/runtime/mgc.go:1339 +0x25 fp=0xc0004207e0 sp=0xc0004207c8 pc=0x422345
runtime.goexit({})
	/home/jade/.local/go/src/runtime/asm_amd64.s:1700 +0x1 fp=0xc0004207e8 sp=0xc0004207e0 pc=0x47b241
created by runtime.gcBgMarkStartWorkers in goroutine 1
	/home/jade/.local/go/src/runtime/mgc.go:1339 +0x105

goroutine 43 gp=0xc00041afc0 m=nil [GC worker (idle)]:
runtime.gopark(0x93cff9c524ffc?, 0x1?, 0x9f?, 0xcf?, 0x0?)
	/home/jade/.local/go/src/runtime/proc.go:435 +0xce fp=0xc000420f38 sp=0xc000420f18 pc=0x473d0e
runtime.gcBgMarkWorker(0xc0003681c0)
	/home/jade/.local/go/src/runtime/mgc.go:1423 +0xe9 fp=0xc000420fc8 sp=0xc000420f38 pc=0x422469
runtime.gcBgMarkStartWorkers.gowrap1()
	/home/jade/.local/go/src/runtime/mgc.go:1339 +0x25 fp=0xc000420fe0 sp=0xc000420fc8 pc=0x422345
runtime.goexit({})
	/home/jade/.local/go/src/runtime/asm_amd64.s:1700 +0x1 fp=0xc000420fe8 sp=0xc000420fe0 pc=0x47b241
created by runtime.gcBgMarkStartWorkers in goroutine 1
	/home/jade/.local/go/src/runtime/mgc.go:1339 +0x105

goroutine 44 gp=0xc00041b180 m=nil [GC worker (idle)]:
runtime.gopark(0x142dce0?, 0x3?, 0x70?, 0x52?, 0x0?)
	/home/jade/.local/go/src/runtime/proc.go:435 +0xce fp=0xc000421738 sp=0xc000421718 pc=0x473d0e
runtime.gcBgMarkWorker(0xc0003681c0)
	/home/jade/.local/go/src/runtime/mgc.go:1423 +0xe9 fp=0xc0004217c8 sp=0xc000421738 pc=0x422469
runtime.gcBgMarkStartWorkers.gowrap1()
	/home/jade/.local/go/src/runtime/mgc.go:1339 +0x25 fp=0xc0004217e0 sp=0xc0004217c8 pc=0x422345
runtime.goexit({})
	/home/jade/.local/go/src/runtime/asm_amd64.s:1700 +0x1 fp=0xc0004217e8 sp=0xc0004217e0 pc=0x47b241
created by runtime.gcBgMarkStartWorkers in goroutine 1
	/home/jade/.local/go/src/runtime/mgc.go:1339 +0x105

goroutine 45 gp=0xc00041b340 m=nil [GC worker (idle)]:
runtime.gopark(0x93cff9c45f2b8?, 0x3?, 0x6f?, 0x99?, 0x0?)
	/home/jade/.local/go/src/runtime/proc.go:435 +0xce fp=0xc000421f38 sp=0xc000421f18 pc=0x473d0e
runtime.gcBgMarkWorker(0xc0003681c0)
	/home/jade/.local/go/src/runtime/mgc.go:1423 +0xe9 fp=0xc000421fc8 sp=0xc000421f38 pc=0x422469
runtime.gcBgMarkStartWorkers.gowrap1()
	/home/jade/.local/go/src/runtime/mgc.go:1339 +0x25 fp=0xc000421fe0 sp=0xc000421fc8 pc=0x422345
runtime.goexit({})
	/home/jade/.local/go/src/runtime/asm_amd64.s:1700 +0x1 fp=0xc000421fe8 sp=0xc000421fe0 pc=0x47b241
created by runtime.gcBgMarkStartWorkers in goroutine 1
	/home/jade/.local/go/src/runtime/mgc.go:1339 +0x105

goroutine 46 gp=0xc00041b500 m=nil [GC worker (idle)]:
runtime.gopark(0x93cff9c45f306?, 0x1?, 0xd2?, 0x8e?, 0x0?)
	/home/jade/.local/go/src/runtime/proc.go:435 +0xce fp=0xc000422738 sp=0xc000422718 pc=0x473d0e
runtime.gcBgMarkWorker(0xc0003681c0)
	/home/jade/.local/go/src/runtime/mgc.go:1423 +0xe9 fp=0xc0004227c8 sp=0xc000422738 pc=0x422469
runtime.gcBgMarkStartWorkers.gowrap1()
	/home/jade/.local/go/src/runtime/mgc.go:1339 +0x25 fp=0xc0004227e0 sp=0xc0004227c8 pc=0x422345
runtime.goexit({})
	/home/jade/.local/go/src/runtime/asm_amd64.s:1700 +0x1 fp=0xc0004227e8 sp=0xc0004227e0 pc=0x47b241
created by runtime.gcBgMarkStartWorkers in goroutine 1
	/home/jade/.local/go/src/runtime/mgc.go:1339 +0x105

goroutine 47 gp=0xc00041b6c0 m=nil [GC worker (idle)]:
runtime.gopark(0x93cff9c516abf?, 0x3?, 0xff?, 0x9?, 0x0?)
	/home/jade/.local/go/src/runtime/proc.go:435 +0xce fp=0xc000422f38 sp=0xc000422f18 pc=0x473d0e
runtime.gcBgMarkWorker(0xc0003681c0)
	/home/jade/.local/go/src/runtime/mgc.go:1423 +0xe9 fp=0xc000422fc8 sp=0xc000422f38 pc=0x422469
runtime.gcBgMarkStartWorkers.gowrap1()
	/home/jade/.local/go/src/runtime/mgc.go:1339 +0x25 fp=0xc000422fe0 sp=0xc000422fc8 pc=0x422345
runtime.goexit({})
	/home/jade/.local/go/src/runtime/asm_amd64.s:1700 +0x1 fp=0xc000422fe8 sp=0xc000422fe0 pc=0x47b241
created by runtime.gcBgMarkStartWorkers in goroutine 1
	/home/jade/.local/go/src/runtime/mgc.go:1339 +0x105

goroutine 48 gp=0xc00041b880 m=nil [GC worker (idle)]:
runtime.gopark(0x93cff9c45f5ba?, 0x3?, 0x3c?, 0x2c?, 0x0?)
	/home/jade/.local/go/src/runtime/proc.go:435 +0xce fp=0xc000423738 sp=0xc000423718 pc=0x473d0e
runtime.gcBgMarkWorker(0xc0003681c0)
	/home/jade/.local/go/src/runtime/mgc.go:1423 +0xe9 fp=0xc0004237c8 sp=0xc000423738 pc=0x422469
runtime.gcBgMarkStartWorkers.gowrap1()
	/home/jade/.local/go/src/runtime/mgc.go:1339 +0x25 fp=0xc0004237e0 sp=0xc0004237c8 pc=0x422345
runtime.goexit({})
	/home/jade/.local/go/src/runtime/asm_amd64.s:1700 +0x1 fp=0xc0004237e8 sp=0xc0004237e0 pc=0x47b241
created by runtime.gcBgMarkStartWorkers in goroutine 1
	/home/jade/.local/go/src/runtime/mgc.go:1339 +0x105

goroutine 49 gp=0xc00041ba40 m=nil [GC worker (idle)]:
runtime.gopark(0x93cff9c52f23d?, 0x3?, 0x83?, 0x3d?, 0x0?)
	/home/jade/.local/go/src/runtime/proc.go:435 +0xce fp=0xc000423f38 sp=0xc000423f18 pc=0x473d0e
runtime.gcBgMarkWorker(0xc0003681c0)
	/home/jade/.local/go/src/runtime/mgc.go:1423 +0xe9 fp=0xc000423fc8 sp=0xc000423f38 pc=0x422469
runtime.gcBgMarkStartWorkers.gowrap1()
	/home/jade/.local/go/src/runtime/mgc.go:1339 +0x25 fp=0xc000423fe0 sp=0xc000423fc8 pc=0x422345
runtime.goexit({})
	/home/jade/.local/go/src/runtime/asm_amd64.s:1700 +0x1 fp=0xc000423fe8 sp=0xc000423fe0 pc=0x47b241
created by runtime.gcBgMarkStartWorkers in goroutine 1
	/home/jade/.local/go/src/runtime/mgc.go:1339 +0x105

goroutine 4711 gp=0xc000230a80 m=nil [chan receive]:
runtime.gopark(0xc000101008?, 0xc0002000f0?, 0xd8?, 0x3b?, 0x471999?)
	/home/jade/.local/go/src/runtime/proc.go:435 +0xce fp=0xc0005d3b98 sp=0xc0005d3b78 pc=0x473d0e
runtime.chanrecv(0xc000c88000, 0x0, 0x1)
	/home/jade/.local/go/src/runtime/chan.go:664 +0x445 fp=0xc0005d3c10 sp=0xc0005d3b98 pc=0x411985
runtime.chanrecv1(0xc00018e248?, 0xc000c840a0?)
	/home/jade/.local/go/src/runtime/chan.go:506 +0x12 fp=0xc0005d3c38 sp=0xc0005d3c10 pc=0x411512
github.com/eon-protocol/eonark/gpu.commitOnGPUOrCPU({0xc2b8c98040, 0x800002, 0x17ffffe}, 0xcf10547819789cf4?, 0x0)
	/home/jade/jade/eonark-gpu/gpu/patch_gpu.go:2598 +0x1b4 fp=0xc0005d3da0 sp=0xc0005d3c38 pc=0xbab8b4
github.com/eon-protocol/eonark/gpu.commitToQuotient.func2()
	/home/jade/jade/eonark-gpu/gpu/patch_gpu.go:1794 +0x9d fp=0xc0005d3f58 sp=0xc0005d3da0 pc=0xba459d
golang.org/x/sync/errgroup.(*Group).add.func1()
	/home/jade/go/pkg/mod/golang.org/x/sync@v0.15.0/errgroup/errgroup.go:128 +0x7e fp=0xc0005d3fe0 sp=0xc0005d3f58 pc=0x5832be
runtime.goexit({})
	/home/jade/.local/go/src/runtime/asm_amd64.s:1700 +0x1 fp=0xc0005d3fe8 sp=0xc0005d3fe0 pc=0x47b241
created by golang.org/x/sync/errgroup.(*Group).add in goroutine 4182
	/home/jade/go/pkg/mod/golang.org/x/sync@v0.15.0/errgroup/errgroup.go:96 +0x76

goroutine 4712 gp=0xc060783180 m=nil [chan receive]:
runtime.gopark(0xc060780808?, 0xc0006ec048?, 0xd8?, 0x7b?, 0x471999?)
	/home/jade/.local/go/src/runtime/proc.go:435 +0xce fp=0xc000797b98 sp=0xc000797b78 pc=0x473d0e
runtime.chanrecv(0xc0007ba000, 0x0, 0x1)
	/home/jade/.local/go/src/runtime/chan.go:664 +0x445 fp=0xc000797c10 sp=0xc000797b98 pc=0x411985
runtime.chanrecv1(0xc00018e248?, 0xc0096ca0f0?)
	/home/jade/.local/go/src/runtime/chan.go:506 +0x12 fp=0xc000797c38 sp=0xc000797c10 pc=0x411512
github.com/eon-protocol/eonark/gpu.commitOnGPUOrCPU({0xc2c8c98080, 0x800002, 0xfffffc}, 0x7cd533c5f6c8?, 0x0)
	/home/jade/jade/eonark-gpu/gpu/patch_gpu.go:2598 +0x1b4 fp=0xc000797da0 sp=0xc000797c38 pc=0xbab8b4
github.com/eon-protocol/eonark/gpu.commitToQuotient.func3()
	/home/jade/jade/eonark-gpu/gpu/patch_gpu.go:1803 +0x9d fp=0xc000797f58 sp=0xc000797da0 pc=0xba439d
golang.org/x/sync/errgroup.(*Group).add.func1()
	/home/jade/go/pkg/mod/golang.org/x/sync@v0.15.0/errgroup/errgroup.go:128 +0x7e fp=0xc000797fe0 sp=0xc000797f58 pc=0x5832be
runtime.goexit({})
	/home/jade/.local/go/src/runtime/asm_amd64.s:1700 +0x1 fp=0xc000797fe8 sp=0xc000797fe0 pc=0x47b241
created by golang.org/x/sync/errgroup.(*Group).add in goroutine 4182
	/home/jade/go/pkg/mod/golang.org/x/sync@v0.15.0/errgroup/errgroup.go:96 +0x76

goroutine 4710 gp=0xc0c0a85880 m=nil [chan receive]:
runtime.gopark(0xc060a00008?, 0xc000f0c000?, 0xd8?, 0x3b?, 0x471999?)
	/home/jade/.local/go/src/runtime/proc.go:435 +0xce fp=0xc0604d3b98 sp=0xc0604d3b78 pc=0x473d0e
runtime.chanrecv(0xc00d9a0070, 0x0, 0x1)
	/home/jade/.local/go/src/runtime/chan.go:664 +0x445 fp=0xc0604d3c10 sp=0xc0604d3b98 pc=0x411985
runtime.chanrecv1(0xc00018e248?, 0xc000c0c0a0?)
	/home/jade/.local/go/src/runtime/chan.go:506 +0x12 fp=0xc0604d3c38 sp=0xc0604d3c10 pc=0x411512
github.com/eon-protocol/eonark/gpu.commitOnGPUOrCPU({0xc2a8c98000, 0x800002, 0x2000000}, 0x0?, 0x0)
	/home/jade/jade/eonark-gpu/gpu/patch_gpu.go:2598 +0x1b4 fp=0xc0604d3da0 sp=0xc0604d3c38 pc=0xbab8b4
github.com/eon-protocol/eonark/gpu.commitToQuotient.func1()
	/home/jade/jade/eonark-gpu/gpu/patch_gpu.go:1785 +0x9d fp=0xc0604d3f58 sp=0xc0604d3da0 pc=0xba479d
golang.org/x/sync/errgroup.(*Group).add.func1()
	/home/jade/go/pkg/mod/golang.org/x/sync@v0.15.0/errgroup/errgroup.go:128 +0x7e fp=0xc0604d3fe0 sp=0xc0604d3f58 pc=0x5832be
runtime.goexit({})
	/home/jade/.local/go/src/runtime/asm_amd64.s:1700 +0x1 fp=0xc0604d3fe8 sp=0xc0604d3fe0 pc=0x47b241
created by golang.org/x/sync/errgroup.(*Group).add in goroutine 4182
	/home/jade/go/pkg/mod/golang.org/x/sync@v0.15.0/errgroup/errgroup.go:96 +0x76

goroutine 4713 gp=0xc000c44a80 m=34 mp=0xc060780808 [syscall, locked to thread]:
runtime.cgocall(0xc5f610, 0xc000049940)
	/home/jade/.local/go/src/runtime/cgocall.go:167 +0x4b fp=0xc000049918 sp=0xc0000498e0 pc=0x470e8b
github.com/ingonyama-zk/icicle-gnark/v3/wrappers/golang/curves/bls12381/msm._Cfunc_bls12_381_msm(0x7cd1e6000000, 0x7cd2fe000000, 0x800002, 0xc00018e428, 0xc00003c120)
	_cgo_gotypes.go:66 +0x46 fp=0xc000049940 sp=0xc000049918 pc=0xb8d8c6
github.com/ingonyama-zk/icicle-gnark/v3/wrappers/golang/curves/bls12381/msm.Msm.func1(...)
	/home/jade/go/pkg/mod/github.com/ingonyama-zk/icicle-gnark/v3@v3.2.2/wrappers/golang/curves/bls12381/msm/msm.go:27
github.com/ingonyama-zk/icicle-gnark/v3/wrappers/golang/curves/bls12381/msm.Msm({0xf09528?, 0xc001110000?}, {0xf09528?, 0xc001110018?}, 0xc00018e428, {0xf097b0?, 0xc001110030?})
	/home/jade/go/pkg/mod/github.com/ingonyama-zk/icicle-gnark/v3@v3.2.2/wrappers/golang/curves/bls12381/msm/msm.go:27 +0x116 fp=0xc0000499c8 sp=0xc000049940 pc=0xb8dc56
github.com/eon-protocol/eonark/gpu/bls12381.OnDeviceCommitWithPrecompute({0xc2c8c98080, 0x800002, 0xfffffc}, {0x7cd2fe000000, 0x300000c0, 0x800002}, 0xc00018e428)
	/home/jade/jade/eonark-gpu/gpu/bls12381/bls12381_gpu.go:116 +0x89c fp=0xc000049d88 sp=0xc0000499c8 pc=0xb8fcbc
github.com/eon-protocol/eonark/gpu.commitOnGPUOrCPU.func1({0xc00018e248?, 0x1?, 0x800000?})
	/home/jade/jade/eonark-gpu/gpu/patch_gpu.go:2578 +0x2f0 fp=0xc000049f68 sp=0xc000049d88 pc=0xbabe50
github.com/ingonyama-zk/icicle-gnark/v3/wrappers/golang/runtime.RunOnDevice.func1(0xc00018e248)
	/home/jade/go/pkg/mod/github.com/ingonyama-zk/icicle-gnark/v3@v3.2.2/wrappers/golang/runtime/runtime.go:99 +0x90 fp=0xc000049fc8 sp=0xc000049f68 pc=0xa6eb70
github.com/ingonyama-zk/icicle-gnark/v3/wrappers/golang/runtime.RunOnDevice.gowrap1()
	/home/jade/go/pkg/mod/github.com/ingonyama-zk/icicle-gnark/v3@v3.2.2/wrappers/golang/runtime/runtime.go:101 +0x24 fp=0xc000049fe0 sp=0xc000049fc8 pc=0xa6eaa4
runtime.goexit({})
	/home/jade/.local/go/src/runtime/asm_amd64.s:1700 +0x1 fp=0xc000049fe8 sp=0xc000049fe0 pc=0x47b241
created by github.com/ingonyama-zk/icicle-gnark/v3/wrappers/golang/runtime.RunOnDevice in goroutine 4712
	/home/jade/go/pkg/mod/github.com/ingonyama-zk/icicle-gnark/v3@v3.2.2/wrappers/golang/runtime/runtime.go:94 +0xd9

goroutine 4652 gp=0xc000e78380 m=28 mp=0xc060a00008 [syscall, locked to thread]:
runtime.cgocall(0xc5f610, 0xc000c95940)
	/home/jade/.local/go/src/runtime/cgocall.go:167 +0x4b fp=0xc000c95918 sp=0xc000c958e0 pc=0x470e8b
github.com/ingonyama-zk/icicle-gnark/v3/wrappers/golang/curves/bls12381/msm._Cfunc_bls12_381_msm(0x7cd1c2000000, 0x7cd2fe000000, 0x800002, 0xc00018e428, 0xc00893a000)
	_cgo_gotypes.go:66 +0x46 fp=0xc000c95940 sp=0xc000c95918 pc=0xb8d8c6
github.com/ingonyama-zk/icicle-gnark/v3/wrappers/golang/curves/bls12381/msm.Msm.func1(...)
	/home/jade/go/pkg/mod/github.com/ingonyama-zk/icicle-gnark/v3@v3.2.2/wrappers/golang/curves/bls12381/msm/msm.go:27
github.com/ingonyama-zk/icicle-gnark/v3/wrappers/golang/curves/bls12381/msm.Msm({0xf09528?, 0xc000e96000?}, {0xf09528?, 0xc000e96018?}, 0xc00018e428, {0xf097b0?, 0xc000e96030?})
	/home/jade/go/pkg/mod/github.com/ingonyama-zk/icicle-gnark/v3@v3.2.2/wrappers/golang/curves/bls12381/msm/msm.go:27 +0x116 fp=0xc000c959c8 sp=0xc000c95940 pc=0xb8dc56
github.com/eon-protocol/eonark/gpu/bls12381.OnDeviceCommitWithPrecompute({0xc2a8c98000, 0x800002, 0x2000000}, {0x7cd2fe000000, 0x300000c0, 0x800002}, 0xc00018e428)
	/home/jade/jade/eonark-gpu/gpu/bls12381/bls12381_gpu.go:116 +0x89c fp=0xc000c95d88 sp=0xc000c959c8 pc=0xb8fcbc
github.com/eon-protocol/eonark/gpu.commitOnGPUOrCPU.func1({0xc00018e248?, 0x70a9e0e9ef431357?, 0x1?})
	/home/jade/jade/eonark-gpu/gpu/patch_gpu.go:2578 +0x2f0 fp=0xc000c95f68 sp=0xc000c95d88 pc=0xbabe50
github.com/ingonyama-zk/icicle-gnark/v3/wrappers/golang/runtime.RunOnDevice.func1(0xc00018e248)
	/home/jade/go/pkg/mod/github.com/ingonyama-zk/icicle-gnark/v3@v3.2.2/wrappers/golang/runtime/runtime.go:99 +0x90 fp=0xc000c95fc8 sp=0xc000c95f68 pc=0xa6eb70
github.com/ingonyama-zk/icicle-gnark/v3/wrappers/golang/runtime.RunOnDevice.gowrap1()
	/home/jade/go/pkg/mod/github.com/ingonyama-zk/icicle-gnark/v3@v3.2.2/wrappers/golang/runtime/runtime.go:101 +0x24 fp=0xc000c95fe0 sp=0xc000c95fc8 pc=0xa6eaa4
runtime.goexit({})
	/home/jade/.local/go/src/runtime/asm_amd64.s:1700 +0x1 fp=0xc000c95fe8 sp=0xc000c95fe0 pc=0x47b241
created by github.com/ingonyama-zk/icicle-gnark/v3/wrappers/golang/runtime.RunOnDevice in goroutine 4710
	/home/jade/go/pkg/mod/github.com/ingonyama-zk/icicle-gnark/v3@v3.2.2/wrappers/golang/runtime/runtime.go:94 +0xd9

goroutine 4182 gp=0xc000c49180 m=nil [sync.WaitGroup.Wait]:
runtime.gopark(0xc000a97bd8?, 0x418cd4?, 0x20?, 0x1?, 0x6?)
	/home/jade/.local/go/src/runtime/proc.go:435 +0xce fp=0xc000a97b78 sp=0xc000a97b58 pc=0x473d0e
runtime.goparkunlock(...)
	/home/jade/.local/go/src/runtime/proc.go:441
runtime.semacquire1(0xc00b01c070, 0x0, 0x1, 0x0, 0x18)
	/home/jade/.local/go/src/runtime/sema.go:188 +0x21d fp=0xc000a97be0 sp=0xc000a97b78 pc=0x454efd
sync.runtime_SemacquireWaitGroup(0xc0006ec030?)
	/home/jade/.local/go/src/runtime/sema.go:110 +0x25 fp=0xc000a97c18 sp=0xc000a97be0 pc=0x475105
sync.(*WaitGroup).Wait(0xd416e0?)
	/home/jade/.local/go/src/sync/waitgroup.go:118 +0x48 fp=0xc000a97c40 sp=0xc000a97c18 pc=0x4904e8
golang.org/x/sync/errgroup.(*Group).Wait(0xc00b01c060)
	/home/jade/go/pkg/mod/golang.org/x/sync@v0.15.0/errgroup/errgroup.go:65 +0x1e fp=0xc000a97c60 sp=0xc000a97c40 pc=0x58313e
github.com/eon-protocol/eonark/gpu.commitToQuotient({0xc2a8c98000, 0x800002, 0x2000000}, {0xc2b8c98040, 0x800002, 0x17ffffe}, {0xc2c8c98080, 0x800002, 0xfffffc}, 0xc000004408, ...)
	/home/jade/jade/eonark-gpu/gpu/patch_gpu.go:1810 +0x2bd fp=0xc000a97ce0 sp=0xc000a97c60 pc=0xba41fd
github.com/eon-protocol/eonark/gpu.(*instance).computeQuotient(0xc0002102c8)
	/home/jade/jade/eonark-gpu/gpu/patch_gpu.go:998 +0xa1b fp=0xc000a97eb0 sp=0xc000a97ce0 pc=0xb9d43b
github.com/eon-protocol/eonark/gpu.prove.func6()
	/home/jade/jade/eonark-gpu/gpu/patch_gpu.go:349 +0x7e fp=0xc000a97f58 sp=0xc000a97eb0 pc=0xb978de
golang.org/x/sync/errgroup.(*Group).add.func1()
	/home/jade/go/pkg/mod/golang.org/x/sync@v0.15.0/errgroup/errgroup.go:128 +0x7e fp=0xc000a97fe0 sp=0xc000a97f58 pc=0x5832be
runtime.goexit({})
	/home/jade/.local/go/src/runtime/asm_amd64.s:1700 +0x1 fp=0xc000a97fe8 sp=0xc000a97fe0 pc=0x47b241
created by golang.org/x/sync/errgroup.(*Group).add in goroutine 1
	/home/jade/go/pkg/mod/golang.org/x/sync@v0.15.0/errgroup/errgroup.go:96 +0x76

goroutine 4183 gp=0xc000c49340 m=nil [select]:
runtime.gopark(0xc0003cee80?, 0x2?, 0x48?, 0x29?, 0xc0003cecfc?)
	/home/jade/.local/go/src/runtime/proc.go:435 +0xce fp=0xc0003ceb00 sp=0xc0003ceae0 pc=0x473d0e
runtime.selectgo(0xc0003cee80, 0xc0003cecf8, 0x0?, 0x0, 0x2?, 0x1)
	/home/jade/.local/go/src/runtime/select.go:351 +0x837 fp=0xc0003cec38 sp=0xc0003ceb00 pc=0x453e57
github.com/eon-protocol/eonark/gpu.(*instance).openZ(0xc0002102c8)
	/home/jade/jade/eonark-gpu/gpu/patch_gpu.go:1070 +0xac fp=0xc0003ceeb0 sp=0xc0003cec38 pc=0xb9ddac
github.com/eon-protocol/eonark/gpu.prove.func7()
	/home/jade/jade/eonark-gpu/gpu/patch_gpu.go:360 +0x7e fp=0xc0003cef58 sp=0xc0003ceeb0 pc=0xb9775e
golang.org/x/sync/errgroup.(*Group).add.func1()
	/home/jade/go/pkg/mod/golang.org/x/sync@v0.15.0/errgroup/errgroup.go:128 +0x7e fp=0xc0003cefe0 sp=0xc0003cef58 pc=0x5832be
runtime.goexit({})
	/home/jade/.local/go/src/runtime/asm_amd64.s:1700 +0x1 fp=0xc0003cefe8 sp=0xc0003cefe0 pc=0x47b241
created by golang.org/x/sync/errgroup.(*Group).add in goroutine 1
	/home/jade/go/pkg/mod/golang.org/x/sync@v0.15.0/errgroup/errgroup.go:96 +0x76

goroutine 4184 gp=0xc000c49500 m=nil [select]:
runtime.gopark(0xc0003cce40?, 0x2?, 0xbd?, 0x1?, 0xc0003ccccc?)
	/home/jade/.local/go/src/runtime/proc.go:435 +0xce fp=0xc0003cca30 sp=0xc0003cca10 pc=0x473d0e
runtime.selectgo(0xc0003cce40, 0xc0003cccc8, 0xa095d199f7d36f35?, 0x0, 0xe809f9ce8db7943d?, 0x1)
	/home/jade/.local/go/src/runtime/select.go:351 +0x837 fp=0xc0003ccb68 sp=0xc0003cca30 pc=0x453e57
github.com/eon-protocol/eonark/gpu.(*instance).computeLinearizedPolynomial(0xc0002102c8)
	/home/jade/jade/eonark-gpu/gpu/patch_gpu.go:1138 +0xac fp=0xc0003cceb0 sp=0xc0003ccb68 pc=0xb9e7cc
github.com/eon-protocol/eonark/gpu.prove.func8()
	/home/jade/jade/eonark-gpu/gpu/patch_gpu.go:371 +0x7e fp=0xc0003ccf58 sp=0xc0003cceb0 pc=0xb975de
golang.org/x/sync/errgroup.(*Group).add.func1()
	/home/jade/go/pkg/mod/golang.org/x/sync@v0.15.0/errgroup/errgroup.go:128 +0x7e fp=0xc0003ccfe0 sp=0xc0003ccf58 pc=0x5832be
runtime.goexit({})
	/home/jade/.local/go/src/runtime/asm_amd64.s:1700 +0x1 fp=0xc0003ccfe8 sp=0xc0003ccfe0 pc=0x47b241
created by golang.org/x/sync/errgroup.(*Group).add in goroutine 1
	/home/jade/go/pkg/mod/golang.org/x/sync@v0.15.0/errgroup/errgroup.go:96 +0x76

goroutine 4185 gp=0xc000c496c0 m=nil [select]:
runtime.gopark(0xc060495de8?, 0x2?, 0x0?, 0x0?, 0xc060495cf4?)
	/home/jade/.local/go/src/runtime/proc.go:435 +0xce fp=0xc060495ac8 sp=0xc060495aa8 pc=0x473d0e
runtime.selectgo(0xc060495de8, 0xc060495cf0, 0xa978cc60cdabcf2c?, 0x0, 0x45beffcce7a0d00e?, 0x1)
	/home/jade/.local/go/src/runtime/select.go:351 +0x837 fp=0xc060495c00 sp=0xc060495ac8 pc=0x453e57
github.com/eon-protocol/eonark/gpu.(*instance).batchOpening(0xc0002102c8)
	/home/jade/jade/eonark-gpu/gpu/patch_gpu.go:1219 +0xac fp=0xc060495eb0 sp=0xc060495c00 pc=0xb9f5cc
github.com/eon-protocol/eonark/gpu.prove.func9()
	/home/jade/jade/eonark-gpu/gpu/patch_gpu.go:382 +0x7e fp=0xc060495f58 sp=0xc060495eb0 pc=0xb9745e
golang.org/x/sync/errgroup.(*Group).add.func1()
	/home/jade/go/pkg/mod/golang.org/x/sync@v0.15.0/errgroup/errgroup.go:128 +0x7e fp=0xc060495fe0 sp=0xc060495f58 pc=0x5832be
runtime.goexit({})
	/home/jade/.local/go/src/runtime/asm_amd64.s:1700 +0x1 fp=0xc060495fe8 sp=0xc060495fe0 pc=0x47b241
created by golang.org/x/sync/errgroup.(*Group).add in goroutine 1
	/home/jade/go/pkg/mod/golang.org/x/sync@v0.15.0/errgroup/errgroup.go:96 +0x76

goroutine 4782 gp=0xc004d17dc0 m=36 mp=0xc000101008 [syscall, locked to thread]:
runtime.cgocall(0xc5f610, 0xc000c99940)
	/home/jade/.local/go/src/runtime/cgocall.go:167 +0x4b fp=0xc000c99918 sp=0xc000c998e0 pc=0x470e8b
github.com/ingonyama-zk/icicle-gnark/v3/wrappers/golang/curves/bls12381/msm._Cfunc_bls12_381_msm(0x7cd1d4000000, 0x7cd2fe000000, 0x800002, 0xc00018e428, 0xc0006c6000)
	_cgo_gotypes.go:66 +0x46 fp=0xc000c99940 sp=0xc000c99918 pc=0xb8d8c6
github.com/ingonyama-zk/icicle-gnark/v3/wrappers/golang/curves/bls12381/msm.Msm.func1(...)
	/home/jade/go/pkg/mod/github.com/ingonyama-zk/icicle-gnark/v3@v3.2.2/wrappers/golang/curves/bls12381/msm/msm.go:27
github.com/ingonyama-zk/icicle-gnark/v3/wrappers/golang/curves/bls12381/msm.Msm({0xf09528?, 0xc0005e4018?}, {0xf09528?, 0xc0005e4030?}, 0xc00018e428, {0xf097b0?, 0xc0005e4048?})
	/home/jade/go/pkg/mod/github.com/ingonyama-zk/icicle-gnark/v3@v3.2.2/wrappers/golang/curves/bls12381/msm/msm.go:27 +0x116 fp=0xc000c999c8 sp=0xc000c99940 pc=0xb8dc56
github.com/eon-protocol/eonark/gpu/bls12381.OnDeviceCommitWithPrecompute({0xc2b8c98040, 0x800002, 0x17ffffe}, {0x7cd2fe000000, 0x300000c0, 0x800002}, 0xc00018e428)
	/home/jade/jade/eonark-gpu/gpu/bls12381/bls12381_gpu.go:116 +0x89c fp=0xc000c99d88 sp=0xc000c999c8 pc=0xb8fcbc
github.com/eon-protocol/eonark/gpu.commitOnGPUOrCPU.func1({0xc00018e248?, 0x41c2414b7d584664?, 0x1?})
	/home/jade/jade/eonark-gpu/gpu/patch_gpu.go:2578 +0x2f0 fp=0xc000c99f68 sp=0xc000c99d88 pc=0xbabe50
github.com/ingonyama-zk/icicle-gnark/v3/wrappers/golang/runtime.RunOnDevice.func1(0xc00018e248)
	/home/jade/go/pkg/mod/github.com/ingonyama-zk/icicle-gnark/v3@v3.2.2/wrappers/golang/runtime/runtime.go:99 +0x90 fp=0xc000c99fc8 sp=0xc000c99f68 pc=0xa6eb70
github.com/ingonyama-zk/icicle-gnark/v3/wrappers/golang/runtime.RunOnDevice.gowrap1()
	/home/jade/go/pkg/mod/github.com/ingonyama-zk/icicle-gnark/v3@v3.2.2/wrappers/golang/runtime/runtime.go:101 +0x24 fp=0xc000c99fe0 sp=0xc000c99fc8 pc=0xa6eaa4
runtime.goexit({})
	/home/jade/.local/go/src/runtime/asm_amd64.s:1700 +0x1 fp=0xc000c99fe8 sp=0xc000c99fe0 pc=0x47b241
created by github.com/ingonyama-zk/icicle-gnark/v3/wrappers/golang/runtime.RunOnDevice in goroutine 4711
	/home/jade/go/pkg/mod/github.com/ingonyama-zk/icicle-gnark/v3@v3.2.2/wrappers/golang/runtime/runtime.go:94 +0xd9

goroutine 4595 gp=0xc0087b56c0 m=nil [chan receive]:
runtime.gopark(0xc000100008?, 0xc00c0f4000?, 0x48?, 0xee?, 0x471999?)
	/home/jade/.local/go/src/runtime/proc.go:435 +0xce fp=0xc00a22ee08 sp=0xc00a22ede8 pc=0x473d0e
runtime.chanrecv(0xc00002e850, 0x0, 0x1)
	/home/jade/.local/go/src/runtime/chan.go:664 +0x445 fp=0xc00a22ee80 sp=0xc00a22ee08 pc=0x411985
runtime.chanrecv1(0xc00018e248?, 0xc00036a0c0?)
	/home/jade/.local/go/src/runtime/chan.go:506 +0x12 fp=0xc00a22eea8 sp=0xc00a22ee80 pc=0x411512
github.com/eon-protocol/eonark/gpu.(*instance).scaleEverythingBackGPUorCPU(0xc0002102c8, {0xc00b5cc280, 0x4, 0xc00054c7d0?}, 0x44a1f2?, {0x0?, 0x40000?, 0xc00dac22b0?})
	/home/jade/jade/eonark-gpu/gpu/patch_gpu.go:2956 +0x371 fp=0xc00a22ef90 sp=0xc00a22eea8 pc=0xbaef91
github.com/eon-protocol/eonark/gpu.(*instance).computeNumerator.gowrap2()
	/home/jade/jade/eonark-gpu/gpu/patch_gpu.go:1626 +0x3c fp=0xc00a22efe0 sp=0xc00a22ef90 pc=0xba14bc
runtime.goexit({})
	/home/jade/.local/go/src/runtime/asm_amd64.s:1700 +0x1 fp=0xc00a22efe8 sp=0xc00a22efe0 pc=0x47b241
created by github.com/eon-protocol/eonark/gpu.(*instance).computeNumerator in goroutine 4182
	/home/jade/jade/eonark-gpu/gpu/patch_gpu.go:1626 +0x11c5

rax    0x0
rbx    0x2ba968
rcx    0x7cd533a9eb2c
rdx    0x6
rdi    0x2ba961
rsi    0x2ba968
rbp    0x7cd4eb57b880
rsp    0x7cd4eb57b840
r8     0x0
r9     0x7cd4eb57b3e0
r10    0x8
r11    0x246
r12    0x6
r13    0x7cd208000000
r14    0x16
r15    0x7cd4eb57bcf0
rip    0x7cd533a9eb2c
rflags 0x246
cs     0x33
fs     0x0
gs     0x0
exit status 2
